[2026-06-04 16:53:02] START random
threads=40

============================================================
Baseline: random
Train episodes: 0
Eval episodes: 10
Seed: 42
Workload seed: 42
============================================================

[random] Non-learning baseline, skipping training.

No GPU available, using CPU.


[random] Evaluating for 10 episodes...
Baseline results saved to results/baseline_comparison/random

============================================================
Results for random:
============================================================
  reward: -1445.4582 ± 153.4661
  latency: 1341766.7798 ± 172632.3965
  energy: 68126781.9459 ± 13509927.4539
  energy_efficiency: 0.0001 ± 0.0000
  fairness: 0.9033 ± 0.0940
  offline_rate: 0.0000 ± 0.0000
  deadline_satisfaction_rate: 0.1601 ± 0.0312
  offloading_ratio_local: 0.3111 ± 0.0183
  offloading_ratio_cooperative: 0.3756 ± 0.0324
  offloading_ratio_mbs: 0.3076 ± 0.0126
  mbs_load_ratio: 0.1082 ± 0.0305

Results saved to: results/baseline_comparison/random/metrics_seed_42_workload_42.json
[2026-06-04 16:55:03] DONE random status=0
