[2026-06-04 16:53:02] START uniform
threads=40

============================================================
Baseline: uniform
Train episodes: 0
Eval episodes: 10
Seed: 42
Workload seed: 42
============================================================

[uniform] Non-learning baseline, skipping training.

No GPU available, using CPU.


[uniform] Evaluating for 10 episodes...
Baseline results saved to results/baseline_comparison/uniform

============================================================
Results for uniform:
============================================================
  reward: -5731.4484 ± 183.8653
  latency: 1280087.2797 ± 258786.6836
  energy: 87942740.4892 ± 20156320.6050
  energy_efficiency: 0.0001 ± 0.0000
  fairness: 0.7741 ± 0.2128
  offline_rate: 0.0000 ± 0.0000
  deadline_satisfaction_rate: 0.2175 ± 0.0646
  offloading_ratio_local: 0.2626 ± 0.0858
  offloading_ratio_cooperative: 0.5545 ± 0.1134
  offloading_ratio_mbs: 0.1688 ± 0.0186
  mbs_load_ratio: 0.0667 ± 0.0248

Results saved to: results/baseline_comparison/uniform/metrics_seed_42_workload_42.json
[2026-06-04 16:55:34] DONE uniform status=0
