[2026-06-04 16:53:02] START proposed
threads=40

============================================================
Baseline: proposed
Train episodes: 200
Eval episodes: 10
Seed: 42
Workload seed: 42
============================================================

[proposed] Training hierarchical MAPPO for 200 episodes...

No GPU available, using CPU.


No GPU available, using CPU.

Configs saved to train_logs/hierarchical_mappo/config_20260604_165303_proposed.json
Final models saved in: saved_models/attention_mappo_20260604_165303_proposed/final


No GPU available, using CPU.


No GPU available, using CPU.


[proposed] Evaluating for 10 episodes...
Baseline results saved to results/baseline_comparison/proposed

============================================================
Results for proposed:
============================================================
  reward: -2832.9194 ± 895.5206
  latency: 1104012.4018 ± 158866.7620
  energy: 45436023.9251 ± 6286978.5369
  energy_efficiency: 0.0001 ± 0.0000
  fairness: 0.8705 ± 0.1336
  offline_rate: 0.0000 ± 0.0000
  deadline_satisfaction_rate: 0.2013 ± 0.0260
  offloading_ratio_local: 0.3430 ± 0.0637
  offloading_ratio_cooperative: 0.4638 ± 0.0738
  offloading_ratio_mbs: 0.1921 ± 0.0276
  mbs_load_ratio: 0.0942 ± 0.0253

Results saved to: results/baseline_comparison/proposed/metrics_seed_42_workload_42.json
[2026-06-04 17:58:42] DONE proposed status=0
