
============================================================
Baseline Matrix v2 Experiment
Methods: ['proposed', 'random', 'uniform']
Training seeds: [42, 84, 126]
Workload seeds: [42, 84, 126, 168, 210, 252, 294, 336, 378, 420]
Train episodes: 200
Eval episodes: 6
Output dir: results/baseline_matrix_force_admission_20260626_resume
Force service admission: True
Resume: True; overwrite: False
============================================================


============================================================
Learning method: proposed
============================================================
  seed=42: training once, then evaluating 10 pending workload seeds.

No GPU available, using CPU.


No GPU available, using CPU.

Configs saved to train_logs/hierarchical_mappo/config_baseline_matrix_v2_proposed_seed42_20260626_101514.json
Final models saved in: saved_models/attention_mappo_baseline_matrix_v2_proposed_seed42_20260626_101514/final


No GPU available, using CPU.


No GPU available, using CPU.

    workload_seed=42: saved results/baseline_matrix_force_admission_20260626_resume/proposed/seed_42/workload_42_metrics.json
    workload_seed=84: saved results/baseline_matrix_force_admission_20260626_resume/proposed/seed_42/workload_84_metrics.json
    workload_seed=126: saved results/baseline_matrix_force_admission_20260626_resume/proposed/seed_42/workload_126_metrics.json
    workload_seed=168: saved results/baseline_matrix_force_admission_20260626_resume/proposed/seed_42/workload_168_metrics.json
    workload_seed=210: saved results/baseline_matrix_force_admission_20260626_resume/proposed/seed_42/workload_210_metrics.json
    workload_seed=252: saved results/baseline_matrix_force_admission_20260626_resume/proposed/seed_42/workload_252_metrics.json
    workload_seed=294: saved results/baseline_matrix_force_admission_20260626_resume/proposed/seed_42/workload_294_metrics.json
    workload_seed=336: saved results/baseline_matrix_force_admission_20260626_resume/proposed/seed_42/workload_336_metrics.json
    workload_seed=378: saved results/baseline_matrix_force_admission_20260626_resume/proposed/seed_42/workload_378_metrics.json
    workload_seed=420: saved results/baseline_matrix_force_admission_20260626_resume/proposed/seed_42/workload_420_metrics.json
  seed=84: training once, then evaluating 10 pending workload seeds.

No GPU available, using CPU.


No GPU available, using CPU.

Configs saved to train_logs/hierarchical_mappo/config_baseline_matrix_v2_proposed_seed84_20260626_115643.json
Final models saved in: saved_models/attention_mappo_baseline_matrix_v2_proposed_seed84_20260626_115643/final


No GPU available, using CPU.


No GPU available, using CPU.

    workload_seed=42: saved results/baseline_matrix_force_admission_20260626_resume/proposed/seed_84/workload_42_metrics.json
    workload_seed=84: saved results/baseline_matrix_force_admission_20260626_resume/proposed/seed_84/workload_84_metrics.json
    workload_seed=126: saved results/baseline_matrix_force_admission_20260626_resume/proposed/seed_84/workload_126_metrics.json
    workload_seed=168: saved results/baseline_matrix_force_admission_20260626_resume/proposed/seed_84/workload_168_metrics.json
    workload_seed=210: saved results/baseline_matrix_force_admission_20260626_resume/proposed/seed_84/workload_210_metrics.json
    workload_seed=252: saved results/baseline_matrix_force_admission_20260626_resume/proposed/seed_84/workload_252_metrics.json
    workload_seed=294: saved results/baseline_matrix_force_admission_20260626_resume/proposed/seed_84/workload_294_metrics.json
    workload_seed=336: saved results/baseline_matrix_force_admission_20260626_resume/proposed/seed_84/workload_336_metrics.json
    workload_seed=378: saved results/baseline_matrix_force_admission_20260626_resume/proposed/seed_84/workload_378_metrics.json
    workload_seed=420: saved results/baseline_matrix_force_admission_20260626_resume/proposed/seed_84/workload_420_metrics.json
  seed=126: training once, then evaluating 10 pending workload seeds.

No GPU available, using CPU.


No GPU available, using CPU.

Configs saved to train_logs/hierarchical_mappo/config_baseline_matrix_v2_proposed_seed126_20260626_133546.json
Final models saved in: saved_models/attention_mappo_baseline_matrix_v2_proposed_seed126_20260626_133546/final


No GPU available, using CPU.


No GPU available, using CPU.

    workload_seed=42: saved results/baseline_matrix_force_admission_20260626_resume/proposed/seed_126/workload_42_metrics.json
    workload_seed=84: saved results/baseline_matrix_force_admission_20260626_resume/proposed/seed_126/workload_84_metrics.json
    workload_seed=126: saved results/baseline_matrix_force_admission_20260626_resume/proposed/seed_126/workload_126_metrics.json
    workload_seed=168: saved results/baseline_matrix_force_admission_20260626_resume/proposed/seed_126/workload_168_metrics.json
    workload_seed=210: saved results/baseline_matrix_force_admission_20260626_resume/proposed/seed_126/workload_210_metrics.json
    workload_seed=252: saved results/baseline_matrix_force_admission_20260626_resume/proposed/seed_126/workload_252_metrics.json
    workload_seed=294: saved results/baseline_matrix_force_admission_20260626_resume/proposed/seed_126/workload_294_metrics.json
    workload_seed=336: saved results/baseline_matrix_force_admission_20260626_resume/proposed/seed_126/workload_336_metrics.json
    workload_seed=378: saved results/baseline_matrix_force_admission_20260626_resume/proposed/seed_126/workload_378_metrics.json
    workload_seed=420: saved results/baseline_matrix_force_admission_20260626_resume/proposed/seed_126/workload_420_metrics.json

============================================================
Non-learning method: random
============================================================

No GPU available, using CPU.

  workload_seed=42: saved results/baseline_matrix_force_admission_20260626_resume/random/workload_42_metrics.json
  workload_seed=84: saved results/baseline_matrix_force_admission_20260626_resume/random/workload_84_metrics.json
  workload_seed=126: saved results/baseline_matrix_force_admission_20260626_resume/random/workload_126_metrics.json
  workload_seed=168: saved results/baseline_matrix_force_admission_20260626_resume/random/workload_168_metrics.json
  workload_seed=210: saved results/baseline_matrix_force_admission_20260626_resume/random/workload_210_metrics.json
  workload_seed=252: saved results/baseline_matrix_force_admission_20260626_resume/random/workload_252_metrics.json
  workload_seed=294: saved results/baseline_matrix_force_admission_20260626_resume/random/workload_294_metrics.json
  workload_seed=336: saved results/baseline_matrix_force_admission_20260626_resume/random/workload_336_metrics.json
  workload_seed=378: saved results/baseline_matrix_force_admission_20260626_resume/random/workload_378_metrics.json
  workload_seed=420: saved results/baseline_matrix_force_admission_20260626_resume/random/workload_420_metrics.json

============================================================
Non-learning method: uniform
============================================================

No GPU available, using CPU.

  workload_seed=42: saved results/baseline_matrix_force_admission_20260626_resume/uniform/workload_42_metrics.json
  workload_seed=84: saved results/baseline_matrix_force_admission_20260626_resume/uniform/workload_84_metrics.json
  workload_seed=126: saved results/baseline_matrix_force_admission_20260626_resume/uniform/workload_126_metrics.json
  workload_seed=168: saved results/baseline_matrix_force_admission_20260626_resume/uniform/workload_168_metrics.json
  workload_seed=210: saved results/baseline_matrix_force_admission_20260626_resume/uniform/workload_210_metrics.json
  workload_seed=252: saved results/baseline_matrix_force_admission_20260626_resume/uniform/workload_252_metrics.json
  workload_seed=294: saved results/baseline_matrix_force_admission_20260626_resume/uniform/workload_294_metrics.json
  workload_seed=336: saved results/baseline_matrix_force_admission_20260626_resume/uniform/workload_336_metrics.json
  workload_seed=378: saved results/baseline_matrix_force_admission_20260626_resume/uniform/workload_378_metrics.json
  workload_seed=420: saved results/baseline_matrix_force_admission_20260626_resume/uniform/workload_420_metrics.json

============================================================
All experiments completed at 2026-06-26T15:41:25.946628
============================================================
