
============================================================
Baseline Matrix v2 Experiment
Methods: ['joint_mappo']
Training seeds: [42, 84, 126]
Workload seeds: [42, 84, 126, 168, 210, 252, 294, 336, 378, 420]
Train episodes: 200
Eval episodes: 6
Output dir: results/baseline_matrix_force_admission_20260626_resume
Force service admission: True
Resume: True; overwrite: False
============================================================


============================================================
Learning method: joint_mappo
============================================================
  seed=42: training once, then evaluating 10 pending workload seeds.

No GPU available, using CPU.

Configs saved to train_logs/joint_end_to_end_mappo/config_baseline_matrix_v2_joint_mappo_seed42_20260627_122212.json

No GPU available, using CPU.

    workload_seed=42: saved results/baseline_matrix_force_admission_20260626_resume/joint_mappo/seed_42/workload_42_metrics.json
    workload_seed=84: saved results/baseline_matrix_force_admission_20260626_resume/joint_mappo/seed_42/workload_84_metrics.json
    workload_seed=126: saved results/baseline_matrix_force_admission_20260626_resume/joint_mappo/seed_42/workload_126_metrics.json
    workload_seed=168: saved results/baseline_matrix_force_admission_20260626_resume/joint_mappo/seed_42/workload_168_metrics.json
    workload_seed=210: saved results/baseline_matrix_force_admission_20260626_resume/joint_mappo/seed_42/workload_210_metrics.json
    workload_seed=252: saved results/baseline_matrix_force_admission_20260626_resume/joint_mappo/seed_42/workload_252_metrics.json
    workload_seed=294: saved results/baseline_matrix_force_admission_20260626_resume/joint_mappo/seed_42/workload_294_metrics.json
    workload_seed=336: saved results/baseline_matrix_force_admission_20260626_resume/joint_mappo/seed_42/workload_336_metrics.json
    workload_seed=378: saved results/baseline_matrix_force_admission_20260626_resume/joint_mappo/seed_42/workload_378_metrics.json
    workload_seed=420: saved results/baseline_matrix_force_admission_20260626_resume/joint_mappo/seed_42/workload_420_metrics.json
  seed=84: training once, then evaluating 10 pending workload seeds.

No GPU available, using CPU.

Configs saved to train_logs/joint_end_to_end_mappo/config_baseline_matrix_v2_joint_mappo_seed84_20260627_134759.json

No GPU available, using CPU.

    workload_seed=42: saved results/baseline_matrix_force_admission_20260626_resume/joint_mappo/seed_84/workload_42_metrics.json
    workload_seed=84: saved results/baseline_matrix_force_admission_20260626_resume/joint_mappo/seed_84/workload_84_metrics.json
    workload_seed=126: saved results/baseline_matrix_force_admission_20260626_resume/joint_mappo/seed_84/workload_126_metrics.json
    workload_seed=168: saved results/baseline_matrix_force_admission_20260626_resume/joint_mappo/seed_84/workload_168_metrics.json
    workload_seed=210: saved results/baseline_matrix_force_admission_20260626_resume/joint_mappo/seed_84/workload_210_metrics.json
    workload_seed=252: saved results/baseline_matrix_force_admission_20260626_resume/joint_mappo/seed_84/workload_252_metrics.json
    workload_seed=294: saved results/baseline_matrix_force_admission_20260626_resume/joint_mappo/seed_84/workload_294_metrics.json
    workload_seed=336: saved results/baseline_matrix_force_admission_20260626_resume/joint_mappo/seed_84/workload_336_metrics.json
    workload_seed=378: saved results/baseline_matrix_force_admission_20260626_resume/joint_mappo/seed_84/workload_378_metrics.json
    workload_seed=420: saved results/baseline_matrix_force_admission_20260626_resume/joint_mappo/seed_84/workload_420_metrics.json
  seed=126: training once, then evaluating 10 pending workload seeds.

No GPU available, using CPU.

Configs saved to train_logs/joint_end_to_end_mappo/config_baseline_matrix_v2_joint_mappo_seed126_20260627_151321.json

No GPU available, using CPU.

    workload_seed=42: saved results/baseline_matrix_force_admission_20260626_resume/joint_mappo/seed_126/workload_42_metrics.json
    workload_seed=84: saved results/baseline_matrix_force_admission_20260626_resume/joint_mappo/seed_126/workload_84_metrics.json
    workload_seed=126: saved results/baseline_matrix_force_admission_20260626_resume/joint_mappo/seed_126/workload_126_metrics.json
    workload_seed=168: saved results/baseline_matrix_force_admission_20260626_resume/joint_mappo/seed_126/workload_168_metrics.json
    workload_seed=210: saved results/baseline_matrix_force_admission_20260626_resume/joint_mappo/seed_126/workload_210_metrics.json
    workload_seed=252: saved results/baseline_matrix_force_admission_20260626_resume/joint_mappo/seed_126/workload_252_metrics.json
    workload_seed=294: saved results/baseline_matrix_force_admission_20260626_resume/joint_mappo/seed_126/workload_294_metrics.json
    workload_seed=336: saved results/baseline_matrix_force_admission_20260626_resume/joint_mappo/seed_126/workload_336_metrics.json
    workload_seed=378: saved results/baseline_matrix_force_admission_20260626_resume/joint_mappo/seed_126/workload_378_metrics.json
    workload_seed=420: saved results/baseline_matrix_force_admission_20260626_resume/joint_mappo/seed_126/workload_420_metrics.json

============================================================
All experiments completed at 2026-06-27T17:57:29.814987
============================================================
