nohup: ignoring input
========== 0. Check Python env ==========
python: /home/PengYanghan/Lunwen/wodexuexi/.venv/bin/python
numpy: 2.0.2
torch: 2.6.0+cu124
matplotlib: 3.9.4
========== 1. Smoke test: vanilla MAPPO ==========

No GPU available, using CPU.

Configs saved to train_logs/hierarchical_mappo/config_smoke_vanilla_1ep.json
Final models saved in: saved_models/vanilla_mappo_smoke_vanilla_1ep/final

{
  "timestamp": "smoke_vanilla_1ep",
  "mode": "upper_only",
  "seed": 42,
  "trajectory_model_name": "vanilla_mappo",
  "lower_ablation": "full",
  "num_episodes": 1,
  "mean_recent_reward": -1699.0439860890265,
  "trajectory_model_dir": "saved_models/vanilla_mappo_smoke_vanilla_1ep/final",
  "offload_model_dir": null,
  "offload_model_name": "constrained_attention_offload_mappo",
  "offload_mask_mode": "quality",
  "offload_use_attention": true,
  "constraint_mode": "lagrange",
  "final_lambda_dsr": 0.0,
  "final_lambda_mbs": 0.0,
  "final_losses": {
    "actor": -0.013341683290491346,
    "critic": 19.42416363954544,
    "entropy": 1.4160299859941006,
    "trajectory_actor": -0.013341683290491346,
    "trajectory_critic": 19.42416363954544,
    "trajectory_entropy": 1.4160299859941006,
    "lower_actor": 0.0,
    "lower_critic": 0.0,
    "lower_entropy": 0.0
  },
  "offload_dsr_target": 0.18,
  "offload_mbs_load_ceiling": 0.03,
  "log_json": "train_logs/hierarchical_mappo/log_data_smoke_vanilla_1ep.json",
  "summary_path": "results/reports/hierarchical_mappo_summary_smoke_vanilla_1ep.json"
}
========== 2. Smoke test: joint end-to-end MAPPO ==========

No GPU available, using CPU.

Configs saved to train_logs/joint_end_to_end_mappo/config_smoke_joint_e2e_1ep.json
{
  "timestamp": "smoke_joint_e2e_1ep",
  "model_name": "joint_mappo",
  "seed": 42,
  "num_episodes": 1,
  "mean_recent_reward": -1466.829324378908,
  "model_dir": "saved_models/joint_mappo_smoke_joint_e2e_1ep/final",
  "log_json": "train_logs/joint_end_to_end_mappo/log_data_smoke_joint_e2e_1ep.json",
  "final_losses": {
    "actor": 0.6451989328488708,
    "critic": 14.574208348989487,
    "entropy": 3.604896865785122
  },
  "summary_path": "results/reports/joint_e2e_mappo_summary_smoke_joint_e2e_1ep.json"
}
========== 3. Train upper vanilla MAPPO ==========

No GPU available, using CPU.

Configs saved to train_logs/hierarchical_mappo/config_upper_vanilla_seed42_200ep.json
Final models saved in: saved_models/vanilla_mappo_upper_vanilla_seed42_200ep/final

{
  "timestamp": "upper_vanilla_seed42_200ep",
  "mode": "upper_only",
  "seed": 42,
  "trajectory_model_name": "vanilla_mappo",
  "lower_ablation": "full",
  "num_episodes": 200,
  "mean_recent_reward": -1324.5396964301292,
  "trajectory_model_dir": "saved_models/vanilla_mappo_upper_vanilla_seed42_200ep/final",
  "offload_model_dir": null,
  "offload_model_name": "constrained_attention_offload_mappo",
  "offload_mask_mode": "quality",
  "offload_use_attention": true,
  "constraint_mode": "lagrange",
  "final_lambda_dsr": 0.0,
  "final_lambda_mbs": 0.0,
  "final_losses": {
    "actor": -0.017305296467384323,
    "critic": 1.850111499428749,
    "entropy": 1.462142489850521,
    "trajectory_actor": -0.017305296467384323,
    "trajectory_critic": 1.850111499428749,
    "trajectory_entropy": 1.462142489850521,
    "lower_actor": 0.0,
    "lower_critic": 0.0,
    "lower_entropy": 0.0
  },
  "offload_dsr_target": 0.18,
  "offload_mbs_load_ceiling": 0.03,
  "log_json": "train_logs/hierarchical_mappo/log_data_upper_vanilla_seed42_200ep.json",
  "summary_path": "results/reports/hierarchical_mappo_summary_upper_vanilla_seed42_200ep.json"
}
========== 4. Train upper attention MAPPO ==========

No GPU available, using CPU.

Configs saved to train_logs/hierarchical_mappo/config_upper_attention_seed42_200ep.json
Final models saved in: saved_models/attention_mappo_upper_attention_seed42_200ep/final

{
  "timestamp": "upper_attention_seed42_200ep",
  "mode": "upper_only",
  "seed": 42,
  "trajectory_model_name": "attention_mappo",
  "lower_ablation": "full",
  "num_episodes": 200,
  "mean_recent_reward": -2000.4791145209638,
  "trajectory_model_dir": "saved_models/attention_mappo_upper_attention_seed42_200ep/final",
  "offload_model_dir": null,
  "offload_model_name": "constrained_attention_offload_mappo",
  "offload_mask_mode": "quality",
  "offload_use_attention": true,
  "constraint_mode": "lagrange",
  "final_lambda_dsr": 0.0,
  "final_lambda_mbs": 0.0,
  "final_losses": {
    "actor": -0.023035951715428382,
    "critic": 10.103074461221695,
    "entropy": 1.4038055203855038,
    "trajectory_actor": -0.023035951715428382,
    "trajectory_critic": 10.103074461221695,
    "trajectory_entropy": 1.4038055203855038,
    "lower_actor": 0.0,
    "lower_critic": 0.0,
    "lower_entropy": 0.0
  },
  "offload_dsr_target": 0.18,
  "offload_mbs_load_ceiling": 0.03,
  "log_json": "train_logs/hierarchical_mappo/log_data_upper_attention_seed42_200ep.json",
  "summary_path": "results/reports/hierarchical_mappo_summary_upper_attention_seed42_200ep.json"
}
========== 5. Evaluate vanilla vs attention ==========
Traceback (most recent call last):
  File "/home/PengYanghan/Lunwen/wodexuexi/recent/run_joint_trajectory_offload_experiment.py", line 50, in <module>
    import config
ModuleNotFoundError: No module named 'config'
