E0408 17:59:16.809000 23724 .venv\Lib\site-packages\torch\_guards.py:368] [1/1] Error while creating guard:
E0408 17:59:16.809000 23724 .venv\Lib\site-packages\torch\_guards.py:368] [1/1] Name: ''
E0408 17:59:16.809000 23724 .venv\Lib\site-packages\torch\_guards.py:368] [1/1]     Source: shape_env
E0408 17:59:16.809000 23724 .venv\Lib\site-packages\torch\_guards.py:368] [1/1]     Create Function: SHAPE_ENV
E0408 17:59:16.809000 23724 .venv\Lib\site-packages\torch\_guards.py:368] [1/1]     Guard Types: ['SHAPE_ENV']
E0408 17:59:16.809000 23724 .venv\Lib\site-packages\torch\_guards.py:368] [1/1]     Code List: ["L['agent_index'] == 1"]
E0408 17:59:16.809000 23724 .venv\Lib\site-packages\torch\_guards.py:368] [1/1]     Object Weakref: None
E0408 17:59:16.809000 23724 .venv\Lib\site-packages\torch\_guards.py:368] [1/1]     Guarded Class Weakref: None
E0408 17:59:16.809000 23724 .venv\Lib\site-packages\torch\_guards.py:368] [1/1] Traceback (most recent call last):
E0408 17:59:16.809000 23724 .venv\Lib\site-packages\torch\_guards.py:368] [1/1]   File "C:\Users\woshinibaba\Documents\研究生\论文\毕业论文\多无人机\.venv\Lib\site-packages\torch\_inductor\cpp_builder.py", line 137, in check_compiler_exist_windows
E0408 17:59:16.809000 23724 .venv\Lib\site-packages\torch\_guards.py:368] [1/1]     subprocess.check_output([compiler, "/help"], stderr=subprocess.STDOUT)
E0408 17:59:16.809000 23724 .venv\Lib\site-packages\torch\_guards.py:368] [1/1]   File "C:\Program Files\Python312\Lib\subprocess.py", line 468, in check_output
E0408 17:59:16.809000 23724 .venv\Lib\site-packages\torch\_guards.py:368] [1/1]     return run(*popenargs, stdout=PIPE, timeout=timeout, check=True,
E0408 17:59:16.809000 23724 .venv\Lib\site-packages\torch\_guards.py:368] [1/1]            ^^^^^^^^^^^^^^^^^^^^^^^^^^^^^^^^^^^^^^^^^^^^^^^^^^^^^^^^^
E0408 17:59:16.809000 23724 .venv\Lib\site-packages\torch\_guards.py:368] [1/1]   File "C:\Program Files\Python312\Lib\subprocess.py", line 550, in run
E0408 17:59:16.809000 23724 .venv\Lib\site-packages\torch\_guards.py:368] [1/1]     with Popen(*popenargs, **kwargs) as process:
E0408 17:59:16.809000 23724 .venv\Lib\site-packages\torch\_guards.py:368] [1/1]          ^^^^^^^^^^^^^^^^^^^^^^^^^^^
E0408 17:59:16.809000 23724 .venv\Lib\site-packages\torch\_guards.py:368] [1/1]   File "C:\Program Files\Python312\Lib\subprocess.py", line 1028, in __init__
E0408 17:59:16.809000 23724 .venv\Lib\site-packages\torch\_guards.py:368] [1/1]     self._execute_child(args, executable, preexec_fn, close_fds,
E0408 17:59:16.809000 23724 .venv\Lib\site-packages\torch\_guards.py:368] [1/1]   File "C:\Program Files\Python312\Lib\subprocess.py", line 1540, in _execute_child
E0408 17:59:16.809000 23724 .venv\Lib\site-packages\torch\_guards.py:368] [1/1]     hp, ht, pid, tid = _winapi.CreateProcess(executable, args,
E0408 17:59:16.809000 23724 .venv\Lib\site-packages\torch\_guards.py:368] [1/1]                        ^^^^^^^^^^^^^^^^^^^^^^^^^^^^^^^^^^^^^^^
E0408 17:59:16.809000 23724 .venv\Lib\site-packages\torch\_guards.py:368] [1/1] FileNotFoundError: [WinError 2] 系统找不到指定的文件。
E0408 17:59:16.809000 23724 .venv\Lib\site-packages\torch\_guards.py:368] [1/1] 
E0408 17:59:16.809000 23724 .venv\Lib\site-packages\torch\_guards.py:368] [1/1] The above exception was the direct cause of the following exception:
E0408 17:59:16.809000 23724 .venv\Lib\site-packages\torch\_guards.py:368] [1/1] 
E0408 17:59:16.809000 23724 .venv\Lib\site-packages\torch\_guards.py:368] [1/1] Traceback (most recent call last):
E0408 17:59:16.809000 23724 .venv\Lib\site-packages\torch\_guards.py:368] [1/1]   File "C:\Users\woshinibaba\Documents\研究生\论文\毕业论文\多无人机\.venv\Lib\site-packages\torch\_guards.py", line 366, in create
E0408 17:59:16.809000 23724 .venv\Lib\site-packages\torch\_guards.py:368] [1/1]     return self.create_fn(builder, self)
E0408 17:59:16.809000 23724 .venv\Lib\site-packages\torch\_guards.py:368] [1/1]            ^^^^^^^^^^^^^^^^^^^^^^^^^^^^^
E0408 17:59:16.809000 23724 .venv\Lib\site-packages\torch\_guards.py:368] [1/1]   File "C:\Users\woshinibaba\Documents\研究生\论文\毕业论文\多无人机\.venv\Lib\site-packages\torch\_dynamo\guards.py", line 2671, in SHAPE_ENV
E0408 17:59:16.809000 23724 .venv\Lib\site-packages\torch\_guards.py:368] [1/1]     clib = CppCodeCache.load(func_str)
E0408 17:59:16.809000 23724 .venv\Lib\site-packages\torch\_guards.py:368] [1/1]            ^^^^^^^^^^^^^^^^^^^^^^^^^^^
E0408 17:59:16.809000 23724 .venv\Lib\site-packages\torch\_guards.py:368] [1/1]   File "C:\Users\woshinibaba\Documents\研究生\论文\毕业论文\多无人机\.venv\Lib\site-packages\torch\_inductor\codecache.py", line 2839, in load
E0408 17:59:16.809000 23724 .venv\Lib\site-packages\torch\_guards.py:368] [1/1]     return cls.load_async(*args, **kwargs)()
E0408 17:59:16.809000 23724 .venv\Lib\site-packages\torch\_guards.py:368] [1/1]            ^^^^^^^^^^^^^^^^^^^^^^^^^^^^^^^
E0408 17:59:16.809000 23724 .venv\Lib\site-packages\torch\_guards.py:368] [1/1]   File "C:\Users\woshinibaba\Documents\研究生\论文\毕业论文\多无人机\.venv\Lib\site-packages\torch\_inductor\codecache.py", line 2705, in load_async
E0408 17:59:16.809000 23724 .venv\Lib\site-packages\torch\_guards.py:368] [1/1]     "vec_isa": pick_vec_isa(),
E0408 17:59:16.809000 23724 .venv\Lib\site-packages\torch\_guards.py:368] [1/1]                ^^^^^^^^^^^^^^
E0408 17:59:16.809000 23724 .venv\Lib\site-packages\torch\_guards.py:368] [1/1]   File "C:\Users\woshinibaba\Documents\研究生\论文\毕业论文\多无人机\.venv\Lib\site-packages\torch\_inductor\cpu_vec_isa.py", line 497, in pick_vec_isa
E0408 17:59:16.809000 23724 .venv\Lib\site-packages\torch\_guards.py:368] [1/1]     _valid_vec_isa_list: list[VecISA] = valid_vec_isa_list()
E0408 17:59:16.809000 23724 .venv\Lib\site-packages\torch\_guards.py:368] [1/1]                                         ^^^^^^^^^^^^^^^^^^^^
E0408 17:59:16.809000 23724 .venv\Lib\site-packages\torch\_guards.py:368] [1/1]   File "C:\Users\woshinibaba\Documents\研究生\论文\毕业论文\多无人机\.venv\Lib\site-packages\torch\_inductor\cpu_vec_isa.py", line 484, in valid_vec_isa_list
E0408 17:59:16.809000 23724 .venv\Lib\site-packages\torch\_guards.py:368] [1/1]     isa_list.extend(
E0408 17:59:16.809000 23724 .venv\Lib\site-packages\torch\_guards.py:368] [1/1]   File "C:\Users\woshinibaba\Documents\研究生\论文\毕业论文\多无人机\.venv\Lib\site-packages\torch\_inductor\cpu_vec_isa.py", line 487, in <genexpr>
E0408 17:59:16.809000 23724 .venv\Lib\site-packages\torch\_guards.py:368] [1/1]     if all(flag in _cpu_supported_x86_isa for flag in str(isa).split()) and isa
E0408 17:59:16.809000 23724 .venv\Lib\site-packages\torch\_guards.py:368] [1/1]                                                                             ^^^
E0408 17:59:16.809000 23724 .venv\Lib\site-packages\torch\_guards.py:368] [1/1]   File "C:\Users\woshinibaba\Documents\研究生\论文\毕业论文\多无人机\.venv\Lib\site-packages\torch\_inductor\cpu_vec_isa.py", line 221, in __bool__
E0408 17:59:16.809000 23724 .venv\Lib\site-packages\torch\_guards.py:368] [1/1]     if super().__bool__():
E0408 17:59:16.809000 23724 .venv\Lib\site-packages\torch\_guards.py:368] [1/1]        ^^^^^^^^^^^^^^^^^^
E0408 17:59:16.809000 23724 .venv\Lib\site-packages\torch\_guards.py:368] [1/1]   File "C:\Users\woshinibaba\Documents\研究生\论文\毕业论文\多无人机\.venv\Lib\site-packages\torch\_inductor\cpu_vec_isa.py", line 143, in __bool__
E0408 17:59:16.809000 23724 .venv\Lib\site-packages\torch\_guards.py:368] [1/1]     return self.__bool__impl(config.cpp.vec_isa_ok)
E0408 17:59:16.809000 23724 .venv\Lib\site-packages\torch\_guards.py:368] [1/1]            ^^^^^^^^^^^^^^^^^^^^^^^^^^^^^^^^^^^^^^^^
E0408 17:59:16.809000 23724 .venv\Lib\site-packages\torch\_guards.py:368] [1/1]   File "C:\Users\woshinibaba\Documents\研究生\论文\毕业论文\多无人机\.venv\Lib\site-packages\torch\_inductor\cpu_vec_isa.py", line 153, in __bool__impl
E0408 17:59:16.809000 23724 .venv\Lib\site-packages\torch\_guards.py:368] [1/1]     return self.check_build(VecISA._avx_code)
E0408 17:59:16.809000 23724 .venv\Lib\site-packages\torch\_guards.py:368] [1/1]            ^^^^^^^^^^^^^^^^^^^^^^^^^^^^^^^^^^
E0408 17:59:16.809000 23724 .venv\Lib\site-packages\torch\_guards.py:368] [1/1]   File "C:\Users\woshinibaba\Documents\研究生\论文\毕业论文\多无人机\.venv\Lib\site-packages\torch\_inductor\cpu_vec_isa.py", line 103, in check_build
E0408 17:59:16.809000 23724 .venv\Lib\site-packages\torch\_guards.py:368] [1/1]     extra=_get_isa_dry_compile_fingerprint(self._arch_flags),
E0408 17:59:16.809000 23724 .venv\Lib\site-packages\torch\_guards.py:368] [1/1]           ^^^^^^^^^^^^^^^^^^^^^^^^^^^^^^^^^^^^^^^^^^^^^^^^^^
E0408 17:59:16.809000 23724 .venv\Lib\site-packages\torch\_guards.py:368] [1/1]   File "C:\Users\woshinibaba\Documents\研究生\论文\毕业论文\多无人机\.venv\Lib\site-packages\torch\_inductor\cpu_vec_isa.py", line 29, in _get_isa_dry_compile_fingerprint
E0408 17:59:16.809000 23724 .venv\Lib\site-packages\torch\_guards.py:368] [1/1]     compiler_info = get_compiler_version_info(get_cpp_compiler())
E0408 17:59:16.809000 23724 .venv\Lib\site-packages\torch\_guards.py:368] [1/1]                                               ^^^^^^^^^^^^^^^^^^
E0408 17:59:16.809000 23724 .venv\Lib\site-packages\torch\_guards.py:368] [1/1]   File "C:\Users\woshinibaba\Documents\研究生\论文\毕业论文\多无人机\.venv\Lib\site-packages\torch\_inductor\cpp_builder.py", line 338, in get_cpp_compiler
E0408 17:59:16.809000 23724 .venv\Lib\site-packages\torch\_guards.py:368] [1/1]     check_compiler_exist_windows(compiler)
E0408 17:59:16.809000 23724 .venv\Lib\site-packages\torch\_guards.py:368] [1/1]   File "C:\Users\woshinibaba\Documents\研究生\论文\毕业论文\多无人机\.venv\Lib\site-packages\torch\_inductor\cpp_builder.py", line 139, in check_compiler_exist_windows
E0408 17:59:16.809000 23724 .venv\Lib\site-packages\torch\_guards.py:368] [1/1]     raise RuntimeError(f"Compiler: {compiler} is not found.") from exc
E0408 17:59:16.809000 23724 .venv\Lib\site-packages\torch\_guards.py:368] [1/1] RuntimeError: Compiler: cl is not found.
E0408 17:59:16.815000 23724 .venv\Lib\site-packages\torch\_guards.py:370] [1/1] Created at:
E0408 17:59:16.815000 23724 .venv\Lib\site-packages\torch\_guards.py:370] [1/1]   File "C:\Users\woshinibaba\Documents\研究生\论文\毕业论文\多无人机\.venv\Lib\site-packages\torch\_dynamo\convert_frame.py", line 773, in trace_frame
E0408 17:59:16.815000 23724 .venv\Lib\site-packages\torch\_guards.py:370] [1/1]     tracer = InstructionTranslator(
E0408 17:59:16.815000 23724 .venv\Lib\site-packages\torch\_guards.py:370] [1/1]   File "C:\Users\woshinibaba\Documents\研究生\论文\毕业论文\多无人机\.venv\Lib\site-packages\torch\_dynamo\symbolic_convert.py", line 3847, in __init__
E0408 17:59:16.815000 23724 .venv\Lib\site-packages\torch\_guards.py:370] [1/1]     output=OutputGraph(
E0408 17:59:16.815000 23724 .venv\Lib\site-packages\torch\_guards.py:370] [1/1]   File "C:\Users\woshinibaba\Documents\研究生\论文\毕业论文\多无人机\.venv\Lib\site-packages\torch\_dynamo\output_graph.py", line 508, in __init__
E0408 17:59:16.815000 23724 .venv\Lib\site-packages\torch\_guards.py:370] [1/1]     self.init_ambient_guards()
E0408 17:59:16.815000 23724 .venv\Lib\site-packages\torch\_guards.py:370] [1/1]   File "C:\Users\woshinibaba\Documents\研究生\论文\毕业论文\多无人机\.venv\Lib\site-packages\torch\_dynamo\output_graph.py", line 668, in init_ambient_guards
E0408 17:59:16.815000 23724 .venv\Lib\site-packages\torch\_guards.py:370] [1/1]     self.guards.add(ShapeEnvSource().make_guard(GuardBuilder.SHAPE_ENV))

Traceback (most recent call last):
🚀 Training started at 2026-04-08_17-58-48 for 100 episodes

Found GPU, using CUDA.

📝 Configs saved to train_logs/attention_matd3\config_2026-04-08_17-58-48.json
  File "C:\Users\woshinibaba\Documents\研究生\论文\毕业论文\多无人机\main.py", line 126, in <module>
    start_training(args)
  File "C:\Users\woshinibaba\Documents\研究生\论文\毕业论文\多无人机\main.py", line 70, in start_training
    train_off_policy(env, model, logger, args.num_episodes, total_step_count)
  File "C:\Users\woshinibaba\Documents\研究生\论文\毕业论文\多无人机\train.py", line 175, in train_off_policy
    loss_dict = model.update(batch)
                ^^^^^^^^^^^^^^^^^^^
  File "C:\Users\woshinibaba\Documents\研究生\论文\毕业论文\多无人机\marl_models\attention_matd3\attention_matd3.py", line 113, in update
    current_q1: torch.Tensor = self.critics_1[agent_idx](obs_tensor, actions_tensor, agent_idx)
                               ^^^^^^^^^^^^^^^^^^^^^^^^^^^^^^^^^^^^^^^^^^^^^^^^^^^^^^^^^^^^^^^^
  File "C:\Users\woshinibaba\Documents\研究生\论文\毕业论文\多无人机\.venv\Lib\site-packages\torch\_dynamo\eval_frame.py", line 414, in __call__
    return super().__call__(*args, **kwargs)
           ^^^^^^^^^^^^^^^^^^^^^^^^^^^^^^^^^
  File "C:\Users\woshinibaba\Documents\研究生\论文\毕业论文\多无人机\.venv\Lib\site-packages\torch\nn\modules\module.py", line 1775, in _wrapped_call_impl
    return self._call_impl(*args, **kwargs)
           ^^^^^^^^^^^^^^^^^^^^^^^^^^^^^^^^
  File "C:\Users\woshinibaba\Documents\研究生\论文\毕业论文\多无人机\.venv\Lib\site-packages\torch\nn\modules\module.py", line 1786, in _call_impl
    return forward_call(*args, **kwargs)
           ^^^^^^^^^^^^^^^^^^^^^^^^^^^^^
  File "C:\Users\woshinibaba\Documents\研究生\论文\毕业论文\多无人机\.venv\Lib\site-packages\torch\_dynamo\eval_frame.py", line 832, in compile_wrapper
    return fn(*args, **kwargs)
           ^^^^^^^^^^^^^^^^^^^
  File "C:\Users\woshinibaba\Documents\研究生\论文\毕业论文\多无人机\.venv\Lib\site-packages\torch\nn\modules\module.py", line 1775, in _wrapped_call_impl
    return self._call_impl(*args, **kwargs)
           ^^^^^^^^^^^^^^^^^^^^^^^^^^^^^^^^
  File "C:\Users\woshinibaba\Documents\研究生\论文\毕业论文\多无人机\.venv\Lib\site-packages\torch\nn\modules\module.py", line 1786, in _call_impl
    return forward_call(*args, **kwargs)
           ^^^^^^^^^^^^^^^^^^^^^^^^^^^^^
  File "C:\Users\woshinibaba\Documents\研究生\论文\毕业论文\多无人机\.venv\Lib\site-packages\torch\_dynamo\convert_frame.py", line 1874, in __call__
    result = self._torchdynamo_orig_backend(
             ^^^^^^^^^^^^^^^^^^^^^^^^^^^^^^^
  File "C:\Users\woshinibaba\Documents\研究生\论文\毕业论文\多无人机\.venv\Lib\site-packages\torch\_dynamo\convert_frame.py", line 1624, in __call__
    result = self._inner_convert(
             ^^^^^^^^^^^^^^^^^^^^
  File "C:\Users\woshinibaba\Documents\研究生\论文\毕业论文\多无人机\.venv\Lib\site-packages\torch\_dynamo\convert_frame.py", line 688, in __call__
    result = _compile(
             ^^^^^^^^^
  File "C:\Users\woshinibaba\Documents\研究生\论文\毕业论文\多无人机\.venv\Lib\site-packages\torch\_dynamo\convert_frame.py", line 1494, in _compile
    raise InternalTorchDynamoError(
  File "C:\Users\woshinibaba\Documents\研究生\论文\毕业论文\多无人机\.venv\Lib\site-packages\torch\_dynamo\convert_frame.py", line 1433, in _compile
    guarded_code, tracer_output = compile_inner(code, one_graph, hooks)
                                  ^^^^^^^^^^^^^^^^^^^^^^^^^^^^^^^^^^^^^
  File "C:\Users\woshinibaba\Documents\研究生\论文\毕业论文\多无人机\.venv\Lib\site-packages\torch\_utils_internal.py", line 92, in wrapper_function
    return function(*args, **kwargs)
           ^^^^^^^^^^^^^^^^^^^^^^^^^
  File "C:\Users\woshinibaba\Documents\研究生\论文\毕业论文\多无人机\.venv\Lib\site-packages\torch\_dynamo\convert_frame.py", line 1117, in compile_inner
    return _compile_inner(code, one_graph, hooks)
           ^^^^^^^^^^^^^^^^^^^^^^^^^^^^^^^^^^^^^^
  File "C:\Users\woshinibaba\Documents\研究生\论文\毕业论文\多无人机\.venv\Lib\site-packages\torch\_dynamo\convert_frame.py", line 1251, in _compile_inner
    check_fn = dynamo_output.build_guards(
               ^^^^^^^^^^^^^^^^^^^^^^^^^^^
  File "C:\Users\woshinibaba\Documents\研究生\论文\毕业论文\多无人机\.venv\Lib\site-packages\torch\_dynamo\convert_frame.py", line 856, in build_guards
    return CheckFunctionManager(
           ^^^^^^^^^^^^^^^^^^^^^
  File "C:\Users\woshinibaba\Documents\研究生\论文\毕业论文\多无人机\.venv\Lib\site-packages\torch\_dynamo\guards.py", line 3383, in __init__
    builder, guard_manager = self.build_guards(
                             ^^^^^^^^^^^^^^^^^^
  File "C:\Users\woshinibaba\Documents\研究生\论文\毕业论文\多无人机\.venv\Lib\site-packages\torch\_dynamo\guards.py", line 3674, in build_guards
    guard.create(builder)
  File "C:\Users\woshinibaba\Documents\研究生\论文\毕业论文\多无人机\.venv\Lib\site-packages\torch\_guards.py", line 366, in create
    return self.create_fn(builder, self)
           ^^^^^^^^^^^^^^^^^^^^^^^^^^^^^
  File "C:\Users\woshinibaba\Documents\研究生\论文\毕业论文\多无人机\.venv\Lib\site-packages\torch\_dynamo\guards.py", line 2671, in SHAPE_ENV
    clib = CppCodeCache.load(func_str)
           ^^^^^^^^^^^^^^^^^^^^^^^^^^^
  File "C:\Users\woshinibaba\Documents\研究生\论文\毕业论文\多无人机\.venv\Lib\site-packages\torch\_inductor\codecache.py", line 2839, in load
    return cls.load_async(*args, **kwargs)()
           ^^^^^^^^^^^^^^^^^^^^^^^^^^^^^^^
  File "C:\Users\woshinibaba\Documents\研究生\论文\毕业论文\多无人机\.venv\Lib\site-packages\torch\_inductor\codecache.py", line 2705, in load_async
    "vec_isa": pick_vec_isa(),
               ^^^^^^^^^^^^^^
  File "C:\Users\woshinibaba\Documents\研究生\论文\毕业论文\多无人机\.venv\Lib\site-packages\torch\_inductor\cpu_vec_isa.py", line 497, in pick_vec_isa
    _valid_vec_isa_list: list[VecISA] = valid_vec_isa_list()
                                        ^^^^^^^^^^^^^^^^^^^^
  File "C:\Users\woshinibaba\Documents\研究生\论文\毕业论文\多无人机\.venv\Lib\site-packages\torch\_inductor\cpu_vec_isa.py", line 484, in valid_vec_isa_list
    isa_list.extend(
  File "C:\Users\woshinibaba\Documents\研究生\论文\毕业论文\多无人机\.venv\Lib\site-packages\torch\_inductor\cpu_vec_isa.py", line 487, in <genexpr>
    if all(flag in _cpu_supported_x86_isa for flag in str(isa).split()) and isa
                                                                            ^^^
  File "C:\Users\woshinibaba\Documents\研究生\论文\毕业论文\多无人机\.venv\Lib\site-packages\torch\_inductor\cpu_vec_isa.py", line 221, in __bool__
    if super().__bool__():
       ^^^^^^^^^^^^^^^^^^
  File "C:\Users\woshinibaba\Documents\研究生\论文\毕业论文\多无人机\.venv\Lib\site-packages\torch\_inductor\cpu_vec_isa.py", line 143, in __bool__
    return self.__bool__impl(config.cpp.vec_isa_ok)
           ^^^^^^^^^^^^^^^^^^^^^^^^^^^^^^^^^^^^^^^^
  File "C:\Users\woshinibaba\Documents\研究生\论文\毕业论文\多无人机\.venv\Lib\site-packages\torch\_inductor\cpu_vec_isa.py", line 153, in __bool__impl
    return self.check_build(VecISA._avx_code)
           ^^^^^^^^^^^^^^^^^^^^^^^^^^^^^^^^^^
  File "C:\Users\woshinibaba\Documents\研究生\论文\毕业论文\多无人机\.venv\Lib\site-packages\torch\_inductor\cpu_vec_isa.py", line 103, in check_build
    extra=_get_isa_dry_compile_fingerprint(self._arch_flags),
          ^^^^^^^^^^^^^^^^^^^^^^^^^^^^^^^^^^^^^^^^^^^^^^^^^^
  File "C:\Users\woshinibaba\Documents\研究生\论文\毕业论文\多无人机\.venv\Lib\site-packages\torch\_inductor\cpu_vec_isa.py", line 29, in _get_isa_dry_compile_fingerprint
    compiler_info = get_compiler_version_info(get_cpp_compiler())
                                              ^^^^^^^^^^^^^^^^^^
  File "C:\Users\woshinibaba\Documents\研究生\论文\毕业论文\多无人机\.venv\Lib\site-packages\torch\_inductor\cpp_builder.py", line 338, in get_cpp_compiler
    check_compiler_exist_windows(compiler)
  File "C:\Users\woshinibaba\Documents\研究生\论文\毕业论文\多无人机\.venv\Lib\site-packages\torch\_inductor\cpp_builder.py", line 139, in check_compiler_exist_windows
    raise RuntimeError(f"Compiler: {compiler} is not found.") from exc
torch._dynamo.exc.InternalTorchDynamoError: RuntimeError: Compiler: cl is not found.

