
🚀 Training started at 2026-04-08_17-43-54 for 100 episodes

Found GPU, using CUDA.

📝 Configs saved to train_logs/attention_matd3\config_2026-04-08_17-43-54.json
Traceback (most recent call last):
  File "C:\Users\woshinibaba\Documents\研究生\论文\毕业论文\多无人机\main.py", line 136, in <module>
    start_training(args)
  File "C:\Users\woshinibaba\Documents\研究生\论文\毕业论文\多无人机\main.py", line 80, in start_training
    train_off_policy(env, model, logger, args.num_episodes, total_step_count)
  File "C:\Users\woshinibaba\Documents\研究生\论文\毕业论文\多无人机\train.py", line 165, in train_off_policy
    actions = model.select_actions(obs_arr, exploration=True)
              ^^^^^^^^^^^^^^^^^^^^^^^^^^^^^^^^^^^^^^^^^^^^^^^
  File "C:\Users\woshinibaba\Documents\研究生\论文\毕业论文\多无人机\marl_models\attention_matd3\attention_matd3.py", line 54, in select_actions
    action: np.ndarray = self.actors[i](obs_tensor[i].unsqueeze(0)).squeeze(0).cpu().numpy()
                         ^^^^^^^^^^^^^^^^^^^^^^^^^^^^^^^^^^^^^^^^^^
  File "C:\Users\woshinibaba\Documents\研究生\论文\毕业论文\多无人机\.venv\Lib\site-packages\torch\_dynamo\eval_frame.py", line 414, in __call__
    return super().__call__(*args, **kwargs)
           ^^^^^^^^^^^^^^^^^^^^^^^^^^^^^^^^^
  File "C:\Users\woshinibaba\Documents\研究生\论文\毕业论文\多无人机\.venv\Lib\site-packages\torch\nn\modules\module.py", line 1775, in _wrapped_call_impl
    return self._call_impl(*args, **kwargs)
           ^^^^^^^^^^^^^^^^^^^^^^^^^^^^^^^^
  File "C:\Users\woshinibaba\Documents\研究生\论文\毕业论文\多无人机\.venv\Lib\site-packages\torch\nn\modules\module.py", line 1786, in _call_impl
    return forward_call(*args, **kwargs)
           ^^^^^^^^^^^^^^^^^^^^^^^^^^^^^
  File "C:\Users\woshinibaba\Documents\研究生\论文\毕业论文\多无人机\.venv\Lib\site-packages\torch\_dynamo\eval_frame.py", line 845, in compile_wrapper
    raise e.remove_dynamo_frames() from None  # see TORCHDYNAMO_VERBOSE=1
    ^^^^^^^^^^^^^^^^^^^^^^^^^^^^^^^^^^^^^^^^
  File "C:\Users\woshinibaba\Documents\研究生\论文\毕业论文\多无人机\.venv\Lib\site-packages\torch\_dynamo\output_graph.py", line 2196, in _call_user_compiler
    raise BackendCompilerFailed(
  File "C:\Users\woshinibaba\Documents\研究生\论文\毕业论文\多无人机\.venv\Lib\site-packages\torch\_dynamo\output_graph.py", line 2171, in _call_user_compiler
    compiled_fn = compiler_fn(gm, example_inputs)
                  ^^^^^^^^^^^^^^^^^^^^^^^^^^^^^^^
  File "C:\Users\woshinibaba\Documents\研究生\论文\毕业论文\多无人机\.venv\Lib\site-packages\torch\_dynamo\repro\after_dynamo.py", line 156, in __call__
    compiled_gm = compiler_fn(gm, example_inputs)
                  ^^^^^^^^^^^^^^^^^^^^^^^^^^^^^^^
  File "C:\Users\woshinibaba\Documents\研究生\论文\毕业论文\多无人机\.venv\Lib\site-packages\torch\__init__.py", line 2392, in __call__
    return compile_fx(model_, inputs_, config_patches=self.config)
           ^^^^^^^^^^^^^^^^^^^^^^^^^^^^^^^^^^^^^^^^^^^^^^^^^^^^^^^
  File "C:\Users\woshinibaba\Documents\研究生\论文\毕业论文\多无人机\.venv\Lib\site-packages\torch\_inductor\compile_fx.py", line 2681, in compile_fx
    return aot_autograd(
           ^^^^^^^^^^^^^
  File "C:\Users\woshinibaba\Documents\研究生\论文\毕业论文\多无人机\.venv\Lib\site-packages\torch\_dynamo\backends\common.py", line 117, in __call__
    cg = aot_module_simplified(gm, example_inputs, **self.kwargs)
         ^^^^^^^^^^^^^^^^^^^^^^^^^^^^^^^^^^^^^^^^^^^^^^^^^^^^^^^^
  File "C:\Users\woshinibaba\Documents\研究生\论文\毕业论文\多无人机\.venv\Lib\site-packages\torch\_functorch\aot_autograd.py", line 1106, in aot_module_simplified
    compiled_fn, _ = aot_stage2_compile(aot_state, aot_graph_capture)
                     ^^^^^^^^^^^^^^^^^^^^^^^^^^^^^^^^^^^^^^^^^^^^^^^^
  File "C:\Users\woshinibaba\Documents\研究生\论文\毕业论文\多无人机\.venv\Lib\site-packages\torch\_functorch\_aot_autograd\graph_compile.py", line 242, in aot_stage2_compile
    return aot_stage2_inference(aot_state, aot_graph_capture)
           ^^^^^^^^^^^^^^^^^^^^^^^^^^^^^^^^^^^^^^^^^^^^^^^^^^
  File "C:\Users\woshinibaba\Documents\研究生\论文\毕业论文\多无人机\.venv\Lib\site-packages\torch\_functorch\_aot_autograd\graph_compile.py", line 315, in aot_stage2_inference
    compiled_fw = compiler(fw_module, updated_flat_args)
                  ^^^^^^^^^^^^^^^^^^^^^^^^^^^^^^^^^^^^^^
  File "C:\Users\woshinibaba\Documents\研究生\论文\毕业论文\多无人机\.venv\Lib\site-packages\torch\_functorch\_aot_autograd\schemas.py", line 1251, in __call__
    return self.compiler_fn(gm, example_inputs)
           ^^^^^^^^^^^^^^^^^^^^^^^^^^^^^^^^^^^^
  File "C:\Users\woshinibaba\Documents\研究生\论文\毕业论文\多无人机\.venv\Lib\site-packages\torch\_inductor\compile_fx.py", line 2558, in fw_compiler_base
    return compile_fx_forward(
           ^^^^^^^^^^^^^^^^^^^
  File "C:\Users\woshinibaba\Documents\研究生\论文\毕业论文\多无人机\.venv\Lib\site-packages\torch\_inductor\compile_fx.py", line 2211, in compile_fx_forward
    _recursive_joint_graph_passes(gm)
  File "C:\Users\woshinibaba\Documents\研究生\论文\毕业论文\多无人机\.venv\Lib\site-packages\torch\_inductor\compile_fx.py", line 527, in _recursive_joint_graph_passes
    joint_graph_passes(gm)
  File "C:\Users\woshinibaba\Documents\研究生\论文\毕业论文\多无人机\.venv\Lib\site-packages\torch\_inductor\fx_passes\joint_graph.py", line 601, in joint_graph_passes
    ).apply_graph_pass(patterns.apply)
      ^^^^^^^^^^^^^^^^^^^^^^^^^^^^^^^^
  File "C:\Users\woshinibaba\Documents\研究生\论文\毕业论文\多无人机\.venv\Lib\site-packages\torch\fx\passes\graph_transform_observer.py", line 88, in apply_graph_pass
    return pass_fn(self.gm.graph)
           ^^^^^^^^^^^^^^^^^^^^^^
  File "C:\Users\woshinibaba\Documents\研究生\论文\毕业论文\多无人机\.venv\Lib\site-packages\torch\_inductor\pattern_matcher.py", line 1982, in apply
    if is_match(m) and guard_or_false(entry.extra_check(m)):
                                      ^^^^^^^^^^^^^^^^^^^^
  File "C:\Users\woshinibaba\Documents\研究生\论文\毕业论文\多无人机\.venv\Lib\site-packages\torch\_inductor\pattern_matcher.py", line 1518, in check_fn
    if is_match(specific_pattern_match) and extra_check(specific_pattern_match):
                                            ^^^^^^^^^^^^^^^^^^^^^^^^^^^^^^^^^^^
  File "C:\Users\woshinibaba\Documents\研究生\论文\毕业论文\多无人机\.venv\Lib\site-packages\torch\_inductor\fx_passes\pad_mm.py", line 148, in should_pad_addmm
    return should_pad_common(mat1, mat2, input) and should_pad_bench(
                                                    ^^^^^^^^^^^^^^^^^
  File "C:\Users\woshinibaba\Documents\研究生\论文\毕业论文\多无人机\.venv\Lib\site-packages\torch\_inductor\fx_passes\pad_mm.py", line 396, in should_pad_bench
    return _should_pad_bench(*args, **kwargs)
           ^^^^^^^^^^^^^^^^^^^^^^^^^^^^^^^^^^
  File "C:\Users\woshinibaba\Documents\研究生\论文\毕业论文\多无人机\.venv\Lib\site-packages\torch\_inductor\fx_passes\pad_mm.py", line 469, in _should_pad_bench
    key = should_pad_bench_key(match, mat1, mat2, op, input)
          ^^^^^^^^^^^^^^^^^^^^^^^^^^^^^^^^^^^^^^^^^^^^^^^^^^
  File "C:\Users\woshinibaba\Documents\研究生\论文\毕业论文\多无人机\.venv\Lib\site-packages\torch\_inductor\fx_passes\pad_mm.py", line 283, in should_pad_bench_key
    None if mat1.dtype != torch.float32 else torch.backends.cuda.matmul.allow_tf32
                                             ^^^^^^^^^^^^^^^^^^^^^^^^^^^^^^^^^^^^^
  File "C:\Users\woshinibaba\Documents\研究生\论文\毕业论文\多无人机\.venv\Lib\site-packages\torch\backends\cuda\__init__.py", line 131, in __getattr__
    return torch._C._get_cublas_allow_tf32()
           ^^^^^^^^^^^^^^^^^^^^^^^^^^^^^^^^^
torch._dynamo.exc.BackendCompilerFailed: backend='inductor' raised:
RuntimeError: PyTorch is checking whether allow_tf32_new is enabled for cuBlas matmul,Current status indicate that you have used mix of the legacy and new APIs to set the TF32 status for cublas matmul. We suggest only using the new API to set the TF32 flag. See also: https://pytorch.org/docs/main/notes/cuda.html#tensorfloat-32-tf32-on-ampere-and-later-devices

Set TORCHDYNAMO_VERBOSE=1 for the internal stack trace (please do this especially if you're reporting a bug to PyTorch). For even more developer context, set TORCH_LOGS="+dynamo"

