[2026-06-04 20:27:52] START lr=1e-3 threads=64
torch threads: 64, lr=0.001

============================================================
Baseline: proposed
Train episodes: 200
Eval episodes: 1
Seed: 42
Workload seed: 42
============================================================

[proposed] Training hierarchical MAPPO for 200 episodes...

No GPU available, using CPU.


No GPU available, using CPU.

Configs saved to train_logs/hierarchical_mappo/config_20260604_202754_proposed.json
Final models saved in: saved_models/attention_mappo_20260604_202754_proposed/final


No GPU available, using CPU.


No GPU available, using CPU.


[proposed] Evaluating for 1 episodes...
Baseline results saved to results/learning_rate_sensitivity/proposed/lr_1e-3/proposed

============================================================
Results for proposed:
============================================================
  reward: -1317.8307 ± 0.0000
  latency: 1066404.8747 ± 0.0000
  energy: 61633659.9277 ± 0.0000
  energy_efficiency: 0.0001 ± 0.0000
  fairness: 0.9844 ± 0.0000
  offline_rate: 0.0000 ± 0.0000
  deadline_satisfaction_rate: 0.1974 ± 0.0000
  offloading_ratio_local: 0.2221 ± 0.0000
  offloading_ratio_cooperative: 0.4915 ± 0.0000
  offloading_ratio_mbs: 0.2864 ± 0.0000
  mbs_load_ratio: 0.1525 ± 0.0000

Results saved to: results/learning_rate_sensitivity/proposed/lr_1e-3/proposed/metrics_seed_42_workload_42.json
[2026-06-04 22:30:56] DONE lr=1e-3 status=0
