[2026-06-07 17:38:47] START lr=3e-4 threads=64
torch threads: 64, lr=0.0003, start=1780825128.624543

============================================================
Baseline: proposed
Train episodes: 200
Eval episodes: 1
Seed: 42
Workload seed: 42
============================================================

[proposed] Training hierarchical MAPPO for 200 episodes...

No GPU available, using CPU.


No GPU available, using CPU.

Configs saved to train_logs/hierarchical_mappo/config_20260607_173848_proposed.json
Final models saved in: saved_models/attention_mappo_20260607_173848_proposed/final


No GPU available, using CPU.


No GPU available, using CPU.


[proposed] Evaluating for 1 episodes...
Baseline results saved to results/learning_rate_sensitivity_fixed/proposed/lr_3e-4/proposed

============================================================
Results for proposed:
============================================================
  reward: -1301.8956 ± 0.0000
  latency: 971557.7234 ± 0.0000
  energy: 52343573.1560 ± 0.0000
  energy_efficiency: 0.0002 ± 0.0000
  fairness: 0.9828 ± 0.0000
  offline_rate: 0.0000 ± 0.0000
  deadline_satisfaction_rate: 0.2064 ± 0.0000
  offloading_ratio_local: 0.1690 ± 0.0000
  offloading_ratio_cooperative: 0.6151 ± 0.0000
  offloading_ratio_mbs: 0.2159 ± 0.0000
  mbs_load_ratio: 0.1091 ± 0.0000
  offline_rate_final: 0.0000 ± 0.0000
  offline_rate_step_mean: 0.0000 ± 0.0000
  fairness_final: 0.9828 ± 0.0000
  fairness_step_mean: 0.9211 ± 0.0000
  dsr_step_mean: 0.2064 ± 0.0000
  dsr_request_weighted: 0.2053 ± 0.0000
  energy_efficiency_episode: 0.0002 ± 0.0000
  energy_efficiency_global: 0.0002 ± 0.0000
  service_requests_generated: 39976.0000 ± 0.0000
  service_requests_processed: 22156.0000 ± 0.0000
  deadline_satisfied_service_requests: 8209.0000 ± 0.0000
  service_offloads_local: 3823.0000 ± 0.0000
  service_offloads_cooperative: 13995.0000 ± 0.0000
  service_offloads_mbs: 4338.0000 ± 0.0000
  offloading_ratio_local_processed: 0.1725 ± 0.0000
  offloading_ratio_cooperative_processed: 0.6317 ± 0.0000
  offloading_ratio_mbs_processed: 0.1958 ± 0.0000
  mbs_load_ratio_generated: 0.1085 ± 0.0000
  processed_request_ratio: 0.5542 ± 0.0000
  deadline_satisfied_per_processed: 0.3705 ± 0.0000

Results saved to: results/learning_rate_sensitivity_fixed/proposed/lr_3e-4/proposed/metrics_seed_42_workload_42.json
[2026-06-07 18:44:43] DONE lr=3e-4 status=0
