[2026-06-07 17:38:37] START lr=1e-4 threads=64
torch threads: 64, lr=0.0001, start=1780825118.553393

============================================================
Baseline: proposed
Train episodes: 200
Eval episodes: 1
Seed: 42
Workload seed: 42
============================================================

[proposed] Training hierarchical MAPPO for 200 episodes...

No GPU available, using CPU.


No GPU available, using CPU.

Configs saved to train_logs/hierarchical_mappo/config_20260607_173838_proposed.json
Final models saved in: saved_models/attention_mappo_20260607_173838_proposed/final


No GPU available, using CPU.


No GPU available, using CPU.


[proposed] Evaluating for 1 episodes...
Baseline results saved to results/learning_rate_sensitivity_fixed/proposed/lr_1e-4/proposed

============================================================
Results for proposed:
============================================================
  reward: -904.3139 ± 0.0000
  latency: 911013.3129 ± 0.0000
  energy: 49974621.2371 ± 0.0000
  energy_efficiency: 0.0002 ± 0.0000
  fairness: 0.9843 ± 0.0000
  offline_rate: 0.0100 ± 0.0000
  deadline_satisfaction_rate: 0.2295 ± 0.0000
  offloading_ratio_local: 0.3158 ± 0.0000
  offloading_ratio_cooperative: 0.5752 ± 0.0000
  offloading_ratio_mbs: 0.1090 ± 0.0000
  mbs_load_ratio: 0.0657 ± 0.0000
  offline_rate_final: 0.0100 ± 0.0000
  offline_rate_step_mean: 0.0002 ± 0.0000
  fairness_final: 0.9843 ± 0.0000
  fairness_step_mean: 0.9349 ± 0.0000
  dsr_step_mean: 0.2295 ± 0.0000
  dsr_request_weighted: 0.2288 ± 0.0000
  energy_efficiency_episode: 0.0002 ± 0.0000
  energy_efficiency_global: 0.0002 ± 0.0000
  service_requests_generated: 39963.0000 ± 0.0000
  service_requests_processed: 23391.0000 ± 0.0000
  deadline_satisfied_service_requests: 9142.0000 ± 0.0000
  service_offloads_local: 7520.0000 ± 0.0000
  service_offloads_cooperative: 13257.0000 ± 0.0000
  service_offloads_mbs: 2614.0000 ± 0.0000
  offloading_ratio_local_processed: 0.3215 ± 0.0000
  offloading_ratio_cooperative_processed: 0.5668 ± 0.0000
  offloading_ratio_mbs_processed: 0.1118 ± 0.0000
  mbs_load_ratio_generated: 0.0654 ± 0.0000
  processed_request_ratio: 0.5853 ± 0.0000
  deadline_satisfied_per_processed: 0.3908 ± 0.0000

Results saved to: results/learning_rate_sensitivity_fixed/proposed/lr_1e-4/proposed/metrics_seed_42_workload_42.json
[2026-06-07 18:41:36] DONE lr=1e-4 status=0
