[2026-06-07 16:12:37] START lr=1e-3 threads=64
torch threads: 64, lr=0.001, start=1780819958.6155312

============================================================
Baseline: proposed
Train episodes: 200
Eval episodes: 1
Seed: 42
Workload seed: 42
============================================================

[proposed] Training hierarchical MAPPO for 200 episodes...

No GPU available, using CPU.


No GPU available, using CPU.

Configs saved to train_logs/hierarchical_mappo/config_20260607_161238_proposed.json
Final models saved in: saved_models/attention_mappo_20260607_161238_proposed/final


No GPU available, using CPU.


No GPU available, using CPU.


[proposed] Evaluating for 1 episodes...
Baseline results saved to results/learning_rate_sensitivity_batch2/proposed/lr_1e-3/proposed

============================================================
Results for proposed:
============================================================
  reward: -1317.8307 ± 0.0000
  latency: 1066404.8747 ± 0.0000
  energy: 61633659.9277 ± 0.0000
  energy_efficiency: 0.0001 ± 0.0000
  fairness: 0.9844 ± 0.0000
  offline_rate: 0.0000 ± 0.0000
  deadline_satisfaction_rate: 0.1974 ± 0.0000
  offloading_ratio_local: 0.2221 ± 0.0000
  offloading_ratio_cooperative: 0.4915 ± 0.0000
  offloading_ratio_mbs: 0.2864 ± 0.0000
  mbs_load_ratio: 0.1525 ± 0.0000
  offline_rate_final: 0.0000 ± 0.0000
  offline_rate_step_mean: 0.0000 ± 0.0000
  fairness_final: 0.9844 ± 0.0000
  fairness_step_mean: 0.9331 ± 0.0000
  dsr_step_mean: 0.1974 ± 0.0000
  dsr_request_weighted: 0.1968 ± 0.0000
  energy_efficiency_episode: 0.0001 ± 0.0000
  energy_efficiency_global: 0.0001 ± 0.0000
  service_requests_generated: 39976.0000 ± 0.0000
  service_requests_processed: 20281.0000 ± 0.0000
  deadline_satisfied_service_requests: 7866.0000 ± 0.0000
  service_offloads_local: 3940.0000 ± 0.0000
  service_offloads_cooperative: 10220.0000 ± 0.0000
  service_offloads_mbs: 6121.0000 ± 0.0000
  offloading_ratio_local_processed: 0.1943 ± 0.0000
  offloading_ratio_cooperative_processed: 0.5039 ± 0.0000
  offloading_ratio_mbs_processed: 0.3018 ± 0.0000
  mbs_load_ratio_generated: 0.1531 ± 0.0000
  processed_request_ratio: 0.5073 ± 0.0000
  deadline_satisfied_per_processed: 0.3879 ± 0.0000

Results saved to: results/learning_rate_sensitivity_batch2/proposed/lr_1e-3/proposed/metrics_seed_42_workload_42.json
[2026-06-07 17:18:48] DONE lr=1e-3 status=0
