[2026-06-04 20:27:52] START lr=1e-4 threads=64
torch threads: 64, lr=0.0001

============================================================
Baseline: proposed
Train episodes: 200
Eval episodes: 1
Seed: 42
Workload seed: 42
============================================================

[proposed] Training hierarchical MAPPO for 200 episodes...

No GPU available, using CPU.


No GPU available, using CPU.

Configs saved to train_logs/hierarchical_mappo/config_20260604_202754_proposed.json
Final models saved in: saved_models/attention_mappo_20260604_202754_proposed/final


No GPU available, using CPU.


No GPU available, using CPU.


[proposed] Evaluating for 1 episodes...
Baseline results saved to results/learning_rate_sensitivity/proposed/lr_1e-4/proposed

============================================================
Results for proposed:
============================================================
  reward: -904.3139 ± 0.0000
  latency: 911013.3129 ± 0.0000
  energy: 49974621.2371 ± 0.0000
  energy_efficiency: 0.0002 ± 0.0000
  fairness: 0.9843 ± 0.0000
  offline_rate: 0.0100 ± 0.0000
  deadline_satisfaction_rate: 0.2295 ± 0.0000
  offloading_ratio_local: 0.3158 ± 0.0000
  offloading_ratio_cooperative: 0.5752 ± 0.0000
  offloading_ratio_mbs: 0.1090 ± 0.0000
  mbs_load_ratio: 0.0657 ± 0.0000

Results saved to: results/learning_rate_sensitivity/proposed/lr_1e-4/proposed/metrics_seed_42_workload_42.json
[2026-06-04 21:58:30] DONE lr=1e-4 status=0
