[2026-06-04 20:27:52] START lr=3e-4 threads=64
torch threads: 64, lr=0.0003

============================================================
Baseline: proposed
Train episodes: 200
Eval episodes: 1
Seed: 42
Workload seed: 42
============================================================

[proposed] Training hierarchical MAPPO for 200 episodes...

No GPU available, using CPU.


No GPU available, using CPU.

Configs saved to train_logs/hierarchical_mappo/config_20260604_202754_proposed.json
Final models saved in: saved_models/attention_mappo_20260604_202754_proposed/final


No GPU available, using CPU.


No GPU available, using CPU.


[proposed] Evaluating for 1 episodes...
Baseline results saved to results/learning_rate_sensitivity/proposed/lr_3e-4/proposed

============================================================
Results for proposed:
============================================================
  reward: -1301.8956 ± 0.0000
  latency: 971557.7234 ± 0.0000
  energy: 52343573.1560 ± 0.0000
  energy_efficiency: 0.0002 ± 0.0000
  fairness: 0.9828 ± 0.0000
  offline_rate: 0.0000 ± 0.0000
  deadline_satisfaction_rate: 0.2064 ± 0.0000
  offloading_ratio_local: 0.1690 ± 0.0000
  offloading_ratio_cooperative: 0.6151 ± 0.0000
  offloading_ratio_mbs: 0.2159 ± 0.0000
  mbs_load_ratio: 0.1091 ± 0.0000

Results saved to: results/learning_rate_sensitivity/proposed/lr_3e-4/proposed/metrics_seed_42_workload_42.json
[2026-06-04 22:13:01] DONE lr=3e-4 status=0
