[2026-06-06 15:55:29] START lr=1e-4 threads=48
torch threads: 48, lr=0.0001, start=1780732530.3164294

============================================================
Baseline: proposed
Train episodes: 200
Eval episodes: 1
Seed: 42
Workload seed: 42
============================================================

[proposed] Training hierarchical MAPPO for 200 episodes...

No GPU available, using CPU.


No GPU available, using CPU.

Configs saved to train_logs/hierarchical_mappo/config_20260606_155530_proposed.json
/tmp/run_lr_sensitivity_unique.sh: line 11: 213052 Killed                  PYTHONUNBUFFERED=1 .venv/bin/python - "$LR" "$OUT_DIR" "$THREADS_PER_JOB"  <<'PY'
import runpy
import sys
import time

lr = float(sys.argv[1])
out_dir = sys.argv[2]
threads = int(sys.argv[3])

import config
config.ACTOR_LR = lr
config.CRITIC_LR = lr

try:
    import torch
    torch.set_num_threads(threads)
    torch.set_num_interop_threads(4)
    print(f"torch threads: {torch.get_num_threads()}, lr={lr}, start={time.time()}", flush=True)
except Exception as exc:
    print(f"[warn] torch thread setting failed: {exc}", flush=True)

sys.argv = [
    "run_baseline_comparison_experiment.py",
    "--baseline", "proposed",
    "--train_episodes", "200",
    "--eval_episodes", "1",
    "--seed", "42",
    "--workload_seed", "42",
    "--output_dir", out_dir,
]
runpy.run_path("run_baseline_comparison_experiment.py", run_name="__main__")
PY

[2026-06-06 17:42:03] DONE lr=1e-4 status=137
