
No GPU available, using CPU.


No GPU available, using CPU.

Configs saved to train_logs/hierarchical_mappo/config_force_admission_ablation_no_attention_seed42_20260628_204054.json
{
  "timestamp": "force_admission_ablation_no_attention_seed42_20260628_204054",
  "mode": "lower_only_fixed_upper",
  "seed": 42,
  "trajectory_model_name": "attention_mappo",
  "lower_ablation": "no_attention",
  "num_episodes": 200,
  "mean_recent_reward": -8775.140636888653,
  "trajectory_model_dir": null,
  "offload_model_dir": "saved_models/offload_mappo_force_admission_ablation_no_attention_seed42_20260628_204054/final",
  "offload_model_name": "no_attention_offload_mappo",
  "offload_mask_mode": "quality",
  "offload_use_attention": false,
  "constraint_mode": "lagrange",
  "final_lambda_dsr": 0.03322436481552042,
  "final_lambda_mbs": 1.94288944182367,
  "final_losses": {
    "actor": -0.004562174552120268,
    "critic": 2555.092445373535,
    "entropy": 0.5149602591991425,
    "trajectory_actor": 0.0,
    "trajectory_critic": 0.0,
    "trajectory_entropy": 0.0,
    "lower_actor": -0.004562174552120268,
    "lower_critic": 2555.092445373535,
    "lower_entropy": 0.5149602591991425
  },
  "offload_dsr_target": 0.18,
  "force_service_admission": true,
  "offload_mbs_load_ceiling": 0.03,
  "log_json": "train_logs/hierarchical_mappo/log_data_force_admission_ablation_no_attention_seed42_20260628_204054.json",
  "training_curve_json": "train_logs/hierarchical_mappo/training_curve_force_admission_ablation_no_attention_seed42_20260628_204054.json",
  "summary_path": "results/reports/hierarchical_mappo_summary_force_admission_ablation_no_attention_seed42_20260628_204054.json"
}
