=== Force-admission main/layer runs ===
[2026-06-28 20:40:54] START main_upper_only_seed42
Command: /home/PengYanghan/miniconda3/envs/drone/bin/python run_hierarchical_mappo_experiment.py --mode upper_only --num_episodes 200 --seed 42 --timestamp force_admission_main_upper_only_seed42_20260628_204054 --force_service_admission
[2026-06-28 21:25:52] DONE  main_upper_only_seed42
[2026-06-28 21:25:52] START main_lower_only_fixed_upper_seed42
Command: /home/PengYanghan/miniconda3/envs/drone/bin/python run_hierarchical_mappo_experiment.py --mode lower_only_fixed_upper --num_episodes 200 --seed 42 --timestamp force_admission_main_lower_only_seed42_20260628_204054 --force_service_admission
[2026-06-28 22:46:52] DONE  main_lower_only_fixed_upper_seed42
[2026-06-28 22:46:52] START main_full_hierarchical_seed42
Command: /home/PengYanghan/miniconda3/envs/drone/bin/python run_hierarchical_mappo_experiment.py --mode full_hierarchical --num_episodes 200 --seed 42 --timestamp force_admission_main_full_seed42_20260628_204054 --force_service_admission
[2026-06-29 00:09:04] DONE  main_full_hierarchical_seed42
[2026-06-29 00:09:04] START main_upper_only_seed84
Command: /home/PengYanghan/miniconda3/envs/drone/bin/python run_hierarchical_mappo_experiment.py --mode upper_only --num_episodes 200 --seed 84 --timestamp force_admission_main_upper_only_seed84_20260628_204054 --force_service_admission
[2026-06-29 00:54:31] DONE  main_upper_only_seed84
[2026-06-29 00:54:31] START main_lower_only_fixed_upper_seed84
Command: /home/PengYanghan/miniconda3/envs/drone/bin/python run_hierarchical_mappo_experiment.py --mode lower_only_fixed_upper --num_episodes 200 --seed 84 --timestamp force_admission_main_lower_only_seed84_20260628_204054 --force_service_admission
[2026-06-29 02:10:10] DONE  main_lower_only_fixed_upper_seed84
[2026-06-29 02:10:10] START main_full_hierarchical_seed84
Command: /home/PengYanghan/miniconda3/envs/drone/bin/python run_hierarchical_mappo_experiment.py --mode full_hierarchical --num_episodes 200 --seed 84 --timestamp force_admission_main_full_seed84_20260628_204054 --force_service_admission
[2026-06-29 03:30:20] DONE  main_full_hierarchical_seed84
[2026-06-29 03:30:20] START main_upper_only_seed126
Command: /home/PengYanghan/miniconda3/envs/drone/bin/python run_hierarchical_mappo_experiment.py --mode upper_only --num_episodes 200 --seed 126 --timestamp force_admission_main_upper_only_seed126_20260628_204054 --force_service_admission
[2026-06-29 04:13:03] DONE  main_upper_only_seed126
[2026-06-29 04:13:03] START main_lower_only_fixed_upper_seed126
Command: /home/PengYanghan/miniconda3/envs/drone/bin/python run_hierarchical_mappo_experiment.py --mode lower_only_fixed_upper --num_episodes 200 --seed 126 --timestamp force_admission_main_lower_only_seed126_20260628_204054 --force_service_admission
[2026-06-29 05:18:55] DONE  main_lower_only_fixed_upper_seed126
[2026-06-29 05:18:55] START main_full_hierarchical_seed126
Command: /home/PengYanghan/miniconda3/envs/drone/bin/python run_hierarchical_mappo_experiment.py --mode full_hierarchical --num_episodes 200 --seed 126 --timestamp force_admission_main_full_seed126_20260628_204054 --force_service_admission
[2026-06-29 06:32:25] DONE  main_full_hierarchical_seed126
=== Force-admission lower-layer ablations ===
[2026-06-29 06:32:25] START ablation_full_seed42
Command: /home/PengYanghan/miniconda3/envs/drone/bin/python run_hierarchical_mappo_experiment.py --mode lower_only_fixed_upper --lower_ablation full --num_episodes 200 --seed 42 --timestamp force_admission_ablation_full_seed42_20260628_204054 --force_service_admission
[2026-06-29 07:54:38] DONE  ablation_full_seed42
[2026-06-29 07:54:38] START ablation_no_mask_seed42
Command: /home/PengYanghan/miniconda3/envs/drone/bin/python run_hierarchical_mappo_experiment.py --mode lower_only_fixed_upper --lower_ablation no_mask --num_episodes 200 --seed 42 --timestamp force_admission_ablation_no_mask_seed42_20260628_204054 --force_service_admission
[2026-06-29 09:16:01] DONE  ablation_no_mask_seed42
[2026-06-29 09:16:01] START ablation_no_lagrange_seed42
Command: /home/PengYanghan/miniconda3/envs/drone/bin/python run_hierarchical_mappo_experiment.py --mode lower_only_fixed_upper --lower_ablation no_lagrange --num_episodes 200 --seed 42 --timestamp force_admission_ablation_no_lagrange_seed42_20260628_204054 --force_service_admission
[2026-06-29 10:37:39] DONE  ablation_no_lagrange_seed42
[2026-06-29 10:37:39] START ablation_no_attention_seed42
Command: /home/PengYanghan/miniconda3/envs/drone/bin/python run_hierarchical_mappo_experiment.py --mode lower_only_fixed_upper --lower_ablation no_attention --num_episodes 200 --seed 42 --timestamp force_admission_ablation_no_attention_seed42_20260628_204054 --force_service_admission
[2026-06-29 11:54:12] DONE  ablation_no_attention_seed42
[2026-06-29 11:54:12] START ablation_full_seed84
Command: /home/PengYanghan/miniconda3/envs/drone/bin/python run_hierarchical_mappo_experiment.py --mode lower_only_fixed_upper --lower_ablation full --num_episodes 200 --seed 84 --timestamp force_admission_ablation_full_seed84_20260628_204054 --force_service_admission
[2026-06-29 13:10:06] DONE  ablation_full_seed84
[2026-06-29 13:10:06] START ablation_no_mask_seed84
Command: /home/PengYanghan/miniconda3/envs/drone/bin/python run_hierarchical_mappo_experiment.py --mode lower_only_fixed_upper --lower_ablation no_mask --num_episodes 200 --seed 84 --timestamp force_admission_ablation_no_mask_seed84_20260628_204054 --force_service_admission
[2026-06-29 14:26:20] DONE  ablation_no_mask_seed84
[2026-06-29 14:26:20] START ablation_no_lagrange_seed84
Command: /home/PengYanghan/miniconda3/envs/drone/bin/python run_hierarchical_mappo_experiment.py --mode lower_only_fixed_upper --lower_ablation no_lagrange --num_episodes 200 --seed 84 --timestamp force_admission_ablation_no_lagrange_seed84_20260628_204054 --force_service_admission
[2026-06-29 15:43:24] DONE  ablation_no_lagrange_seed84
[2026-06-29 15:43:24] START ablation_no_attention_seed84
Command: /home/PengYanghan/miniconda3/envs/drone/bin/python run_hierarchical_mappo_experiment.py --mode lower_only_fixed_upper --lower_ablation no_attention --num_episodes 200 --seed 84 --timestamp force_admission_ablation_no_attention_seed84_20260628_204054 --force_service_admission
[2026-06-29 16:50:53] DONE  ablation_no_attention_seed84
[2026-06-29 16:50:53] START ablation_full_seed126
Command: /home/PengYanghan/miniconda3/envs/drone/bin/python run_hierarchical_mappo_experiment.py --mode lower_only_fixed_upper --lower_ablation full --num_episodes 200 --seed 126 --timestamp force_admission_ablation_full_seed126_20260628_204054 --force_service_admission
[2026-06-29 17:56:42] DONE  ablation_full_seed126
[2026-06-29 17:56:42] START ablation_no_mask_seed126
Command: /home/PengYanghan/miniconda3/envs/drone/bin/python run_hierarchical_mappo_experiment.py --mode lower_only_fixed_upper --lower_ablation no_mask --num_episodes 200 --seed 126 --timestamp force_admission_ablation_no_mask_seed126_20260628_204054 --force_service_admission
[2026-06-29 19:03:31] DONE  ablation_no_mask_seed126
[2026-06-29 19:03:31] START ablation_no_lagrange_seed126
Command: /home/PengYanghan/miniconda3/envs/drone/bin/python run_hierarchical_mappo_experiment.py --mode lower_only_fixed_upper --lower_ablation no_lagrange --num_episodes 200 --seed 126 --timestamp force_admission_ablation_no_lagrange_seed126_20260628_204054 --force_service_admission
[2026-06-29 20:10:07] DONE  ablation_no_lagrange_seed126
[2026-06-29 20:10:07] START ablation_no_attention_seed126
Command: /home/PengYanghan/miniconda3/envs/drone/bin/python run_hierarchical_mappo_experiment.py --mode lower_only_fixed_upper --lower_ablation no_attention --num_episodes 200 --seed 126 --timestamp force_admission_ablation_no_attention_seed126_20260628_204054 --force_service_admission
[2026-06-29 21:09:46] DONE  ablation_no_attention_seed126
=== Force-admission DSR-priority reruns ===
Note: current runner exposes dsr_target and mbs_load_ceiling, but not all reward-weight CLI knobs from the old strong config.
[2026-06-29 21:09:46] START dsr_priority_full_seed42
Command: /home/PengYanghan/miniconda3/envs/drone/bin/python run_hierarchical_mappo_experiment.py --mode full_hierarchical --num_episodes 200 --seed 42 --timestamp force_admission_dsr_priority_full_seed42_20260628_204054 --dsr_target 0.28 --mbs_load_ceiling 0.08 --force_service_admission
[2026-06-29 22:34:11] DONE  dsr_priority_full_seed42
[2026-06-29 22:34:11] START dsr_priority_full_seed84
Command: /home/PengYanghan/miniconda3/envs/drone/bin/python run_hierarchical_mappo_experiment.py --mode full_hierarchical --num_episodes 200 --seed 84 --timestamp force_admission_dsr_priority_full_seed84_20260628_204054 --dsr_target 0.28 --mbs_load_ceiling 0.08 --force_service_admission
[2026-06-29 23:56:49] DONE  dsr_priority_full_seed84
[2026-06-29 23:56:49] START dsr_priority_full_seed126
Command: /home/PengYanghan/miniconda3/envs/drone/bin/python run_hierarchical_mappo_experiment.py --mode full_hierarchical --num_episodes 200 --seed 126 --timestamp force_admission_dsr_priority_full_seed126_20260628_204054 --dsr_target 0.28 --mbs_load_ceiling 0.08 --force_service_admission
[2026-06-30 01:12:56] DONE  dsr_priority_full_seed126
=== Force-admission sensitivity runs ===
=== Regenerate figures that already have force-admission data ===
[2026-06-30 09:47:49] START fig_baseline_matrix_force_admission
Command: /home/PengYanghan/miniconda3/envs/drone/bin/python scripts/plot_baseline_matrix_v2_figures.py --skip_sensitivity
[2026-06-30 09:47:56] DONE  fig_baseline_matrix_force_admission
[2026-06-30 09:47:56] START fig_trajectory_static_force_admission
Command: /home/PengYanghan/miniconda3/envs/drone/bin/python docs/figures/scripts/generate_force_admission_trajectory_static.py
[2026-06-30 09:48:14] DONE  fig_trajectory_static_force_admission
[2026-06-30 09:48:14] ALL DONE target=all run_id=20260628_204054
