
No GPU available, using CPU.


No GPU available, using CPU.

Configs saved to train_logs/hierarchical_mappo/config_force_admission_dsr_priority_full_seed126_20260628_204054.json
Final models saved in: saved_models/attention_mappo_force_admission_dsr_priority_full_seed126_20260628_204054/final

{
  "timestamp": "force_admission_dsr_priority_full_seed126_20260628_204054",
  "mode": "full_hierarchical",
  "seed": 126,
  "trajectory_model_name": "attention_mappo",
  "lower_ablation": "full",
  "num_episodes": 200,
  "mean_recent_reward": -1000.779920552164,
  "trajectory_model_dir": "saved_models/attention_mappo_force_admission_dsr_priority_full_seed126_20260628_204054/final",
  "offload_model_dir": "saved_models/offload_mappo_force_admission_dsr_priority_full_seed126_20260628_204054/final",
  "offload_model_name": "constrained_attention_offload_mappo",
  "offload_mask_mode": "quality",
  "offload_use_attention": true,
  "constraint_mode": "lagrange",
  "final_lambda_dsr": 0.1553629437750165,
  "final_lambda_mbs": 1.0966169154989005,
  "final_losses": {
    "actor": -0.014298999916718458,
    "critic": 765.7788583636284,
    "entropy": 0.8942579296417534,
    "trajectory_actor": -0.023043051260174252,
    "trajectory_critic": 7.719772696495056,
    "trajectory_entropy": 1.430438969284296,
    "lower_actor": -0.0055549485732626636,
    "lower_critic": 1523.8379440307617,
    "lower_entropy": 0.35807688999921083
  },
  "offload_dsr_target": 0.28,
  "force_service_admission": true,
  "offload_mbs_load_ceiling": 0.08,
  "log_json": "train_logs/hierarchical_mappo/log_data_force_admission_dsr_priority_full_seed126_20260628_204054.json",
  "training_curve_json": "train_logs/hierarchical_mappo/training_curve_force_admission_dsr_priority_full_seed126_20260628_204054.json",
  "summary_path": "results/reports/hierarchical_mappo_summary_force_admission_dsr_priority_full_seed126_20260628_204054.json"
}
