
No GPU available, using CPU.


No GPU available, using CPU.

Configs saved to train_logs/hierarchical_mappo/config_force_admission_dsr_priority_full_seed42_20260628_204054.json
Final models saved in: saved_models/attention_mappo_force_admission_dsr_priority_full_seed42_20260628_204054/final

{
  "timestamp": "force_admission_dsr_priority_full_seed42_20260628_204054",
  "mode": "full_hierarchical",
  "seed": 42,
  "trajectory_model_name": "attention_mappo",
  "lower_ablation": "full",
  "num_episodes": 200,
  "mean_recent_reward": -810.3536481495246,
  "trajectory_model_dir": "saved_models/attention_mappo_force_admission_dsr_priority_full_seed42_20260628_204054/final",
  "offload_model_dir": "saved_models/offload_mappo_force_admission_dsr_priority_full_seed42_20260628_204054/final",
  "offload_model_name": "constrained_attention_offload_mappo",
  "offload_mask_mode": "quality",
  "offload_use_attention": true,
  "constraint_mode": "lagrange",
  "final_lambda_dsr": 0.2920962266821027,
  "final_lambda_mbs": 3.087432575113013,
  "final_losses": {
    "actor": -0.014275510475272313,
    "critic": 1935.3971160277724,
    "entropy": 0.9479285078123212,
    "trajectory_actor": -0.024265401589218527,
    "trajectory_critic": 4.3476759642362595,
    "trajectory_entropy": 1.5173240043222904,
    "lower_actor": -0.0042856193613260984,
    "lower_critic": 3866.4465560913086,
    "lower_entropy": 0.37853301130235195
  },
  "offload_dsr_target": 0.28,
  "force_service_admission": true,
  "offload_mbs_load_ceiling": 0.08,
  "log_json": "train_logs/hierarchical_mappo/log_data_force_admission_dsr_priority_full_seed42_20260628_204054.json",
  "training_curve_json": "train_logs/hierarchical_mappo/training_curve_force_admission_dsr_priority_full_seed42_20260628_204054.json",
  "summary_path": "results/reports/hierarchical_mappo_summary_force_admission_dsr_priority_full_seed42_20260628_204054.json"
}
