
No GPU available, using CPU.

Configs saved to train_logs/hierarchical_mappo/config_force_admission_main_upper_only_seed84_20260628_204054.json
Final models saved in: saved_models/attention_mappo_force_admission_main_upper_only_seed84_20260628_204054/final

{
  "timestamp": "force_admission_main_upper_only_seed84_20260628_204054",
  "mode": "upper_only",
  "seed": 84,
  "trajectory_model_name": "attention_mappo",
  "lower_ablation": "full",
  "num_episodes": 200,
  "mean_recent_reward": -823.9206498579367,
  "trajectory_model_dir": "saved_models/attention_mappo_force_admission_main_upper_only_seed84_20260628_204054/final",
  "offload_model_dir": null,
  "offload_model_name": "constrained_attention_offload_mappo",
  "offload_mask_mode": "quality",
  "offload_use_attention": true,
  "constraint_mode": "lagrange",
  "final_lambda_dsr": 0.0,
  "final_lambda_mbs": 0.0,
  "final_losses": {
    "actor": -0.026335738715715706,
    "critic": 4.77547062933445,
    "entropy": 1.5270996801555157,
    "trajectory_actor": -0.026335738715715706,
    "trajectory_critic": 4.77547062933445,
    "trajectory_entropy": 1.5270996801555157,
    "lower_actor": 0.0,
    "lower_critic": 0.0,
    "lower_entropy": 0.0
  },
  "offload_dsr_target": 0.18,
  "force_service_admission": true,
  "offload_mbs_load_ceiling": 0.03,
  "log_json": "train_logs/hierarchical_mappo/log_data_force_admission_main_upper_only_seed84_20260628_204054.json",
  "training_curve_json": "train_logs/hierarchical_mappo/training_curve_force_admission_main_upper_only_seed84_20260628_204054.json",
  "summary_path": "results/reports/hierarchical_mappo_summary_force_admission_main_upper_only_seed84_20260628_204054.json"
}
