
No GPU available, using CPU.


No GPU available, using CPU.

Configs saved to train_logs/hierarchical_mappo/config_force_admission_main_full_seed126_20260628_204054.json
Final models saved in: saved_models/attention_mappo_force_admission_main_full_seed126_20260628_204054/final

{
  "timestamp": "force_admission_main_full_seed126_20260628_204054",
  "mode": "full_hierarchical",
  "seed": 126,
  "trajectory_model_name": "attention_mappo",
  "lower_ablation": "full",
  "num_episodes": 200,
  "mean_recent_reward": -908.7949224793443,
  "trajectory_model_dir": "saved_models/attention_mappo_force_admission_main_full_seed126_20260628_204054/final",
  "offload_model_dir": "saved_models/offload_mappo_force_admission_main_full_seed126_20260628_204054/final",
  "offload_model_name": "constrained_attention_offload_mappo",
  "offload_mask_mode": "quality",
  "offload_use_attention": true,
  "constraint_mode": "lagrange",
  "final_lambda_dsr": 0.025684559773949685,
  "final_lambda_mbs": 1.5388928949627472,
  "final_losses": {
    "actor": -0.014192377326253336,
    "critic": 708.1322670727968,
    "entropy": 0.9305443251505494,
    "trajectory_actor": -0.024064439698122442,
    "trajectory_critic": 2.758068233728409,
    "trajectory_entropy": 1.45872438326478,
    "lower_actor": -0.00432031495438423,
    "lower_critic": 1413.5064659118652,
    "lower_entropy": 0.4023642670363188
  },
  "offload_dsr_target": 0.18,
  "force_service_admission": true,
  "offload_mbs_load_ceiling": 0.03,
  "log_json": "train_logs/hierarchical_mappo/log_data_force_admission_main_full_seed126_20260628_204054.json",
  "training_curve_json": "train_logs/hierarchical_mappo/training_curve_force_admission_main_full_seed126_20260628_204054.json",
  "summary_path": "results/reports/hierarchical_mappo_summary_force_admission_main_full_seed126_20260628_204054.json"
}
