
No GPU available, using CPU.


No GPU available, using CPU.

Configs saved to train_logs/hierarchical_mappo/config_force_admission_main_full_seed42_20260628_204054.json
Final models saved in: saved_models/attention_mappo_force_admission_main_full_seed42_20260628_204054/final

{
  "timestamp": "force_admission_main_full_seed42_20260628_204054",
  "mode": "full_hierarchical",
  "seed": 42,
  "trajectory_model_name": "attention_mappo",
  "lower_ablation": "full",
  "num_episodes": 200,
  "mean_recent_reward": -975.9797615645155,
  "trajectory_model_dir": "saved_models/attention_mappo_force_admission_main_full_seed42_20260628_204054/final",
  "offload_model_dir": "saved_models/offload_mappo_force_admission_main_full_seed42_20260628_204054/final",
  "offload_model_name": "constrained_attention_offload_mappo",
  "offload_mask_mode": "quality",
  "offload_use_attention": true,
  "constraint_mode": "lagrange",
  "final_lambda_dsr": 0.015562728643017394,
  "final_lambda_mbs": 1.3386291641610886,
  "final_losses": {
    "actor": -0.015398905765323434,
    "critic": 612.427982442081,
    "entropy": 0.969702364411205,
    "trajectory_actor": -0.02420819735561963,
    "trajectory_critic": 5.736965402960777,
    "trajectory_entropy": 1.5475549064576626,
    "lower_actor": -0.006589614175027236,
    "lower_critic": 1219.1189994812012,
    "lower_entropy": 0.3918498223647475
  },
  "offload_dsr_target": 0.18,
  "force_service_admission": true,
  "offload_mbs_load_ceiling": 0.03,
  "log_json": "train_logs/hierarchical_mappo/log_data_force_admission_main_full_seed42_20260628_204054.json",
  "training_curve_json": "train_logs/hierarchical_mappo/training_curve_force_admission_main_full_seed42_20260628_204054.json",
  "summary_path": "results/reports/hierarchical_mappo_summary_force_admission_main_full_seed42_20260628_204054.json"
}
