
============================================================
Evaluating proposed
============================================================

--- Seed 42 ---

No GPU available, using CPU.

  Failed to load model: ❌ Model file not found: saved_models/attention_mappo_cpu_full_paper_revised_full_20260518_full_hmarl_seed42_200ep/final/attention_mappo.pth

--- Seed 84 ---

No GPU available, using CPU.

  Failed to load model: ❌ Model file not found: saved_models/attention_mappo_cpu_full_paper_revised_full_20260518_full_hmarl_seed84_200ep/final/attention_mappo.pth

--- Seed 126 ---

No GPU available, using CPU.

  Failed to load model: ❌ Model file not found: saved_models/attention_mappo_cpu_full_paper_revised_full_20260518_full_hmarl_seed126_200ep/final/attention_mappo.pth

============================================================
Evaluating vanilla_mappo
============================================================

--- Seed 42 ---

No GPU available, using CPU.

  Failed to load model: Model file not found: saved_models/vanilla_mappo_20260603_174250_vanilla_mappo/final/vanilla_mappo.pth

--- Seed 84 ---

No GPU available, using CPU.

  Failed to load model: Model file not found: saved_models/vanilla_mappo_20260603_180500_vanilla_mappo/final/vanilla_mappo.pth

--- Seed 126 ---

No GPU available, using CPU.

  Failed to load model: Model file not found: saved_models/vanilla_mappo_20260603_181404_vanilla_mappo/final/vanilla_mappo.pth

============================================================
Testing UE count = 60
============================================================

--- Algorithm: heuristic ---
  Training seed: 42

No GPU available, using CPU.

  Training seed: 84

No GPU available, using CPU.

  Training seed: 126

No GPU available, using CPU.


--- Algorithm: vanilla_mappo ---
  Training seed: 42

No GPU available, using CPU.

    Failed to load model: Model file not found: saved_models/vanilla_mappo_20260603_174250_vanilla_mappo/final/vanilla_mappo.pth
  Training seed: 84

No GPU available, using CPU.

    Failed to load model: Model file not found: saved_models/vanilla_mappo_20260603_180500_vanilla_mappo/final/vanilla_mappo.pth
  Training seed: 126

No GPU available, using CPU.

    Failed to load model: Model file not found: saved_models/vanilla_mappo_20260603_181404_vanilla_mappo/final/vanilla_mappo.pth

--- Algorithm: proposed ---
  Training seed: 42

No GPU available, using CPU.

    Failed to load model: ❌ Model file not found: saved_models/attention_mappo_cpu_full_paper_revised_full_20260518_full_hmarl_seed42_200ep/final/attention_mappo.pth
  Training seed: 84

No GPU available, using CPU.

    Failed to load model: ❌ Model file not found: saved_models/attention_mappo_cpu_full_paper_revised_full_20260518_full_hmarl_seed84_200ep/final/attention_mappo.pth
  Training seed: 126

No GPU available, using CPU.

    Failed to load model: ❌ Model file not found: saved_models/attention_mappo_cpu_full_paper_revised_full_20260518_full_hmarl_seed126_200ep/final/attention_mappo.pth

============================================================
Testing UE count = 80
============================================================

--- Algorithm: heuristic ---
  Training seed: 42

No GPU available, using CPU.

  Training seed: 84

No GPU available, using CPU.

  Training seed: 126

No GPU available, using CPU.


--- Algorithm: vanilla_mappo ---
  Training seed: 42

No GPU available, using CPU.

    Failed to load model: Model file not found: saved_models/vanilla_mappo_20260603_174250_vanilla_mappo/final/vanilla_mappo.pth
  Training seed: 84

No GPU available, using CPU.

    Failed to load model: Model file not found: saved_models/vanilla_mappo_20260603_180500_vanilla_mappo/final/vanilla_mappo.pth
  Training seed: 126

No GPU available, using CPU.

    Failed to load model: Model file not found: saved_models/vanilla_mappo_20260603_181404_vanilla_mappo/final/vanilla_mappo.pth

--- Algorithm: proposed ---
  Training seed: 42

No GPU available, using CPU.

    Failed to load model: ❌ Model file not found: saved_models/attention_mappo_cpu_full_paper_revised_full_20260518_full_hmarl_seed42_200ep/final/attention_mappo.pth
  Training seed: 84

No GPU available, using CPU.

    Failed to load model: ❌ Model file not found: saved_models/attention_mappo_cpu_full_paper_revised_full_20260518_full_hmarl_seed84_200ep/final/attention_mappo.pth
  Training seed: 126

No GPU available, using CPU.

    Failed to load model: ❌ Model file not found: saved_models/attention_mappo_cpu_full_paper_revised_full_20260518_full_hmarl_seed126_200ep/final/attention_mappo.pth

============================================================
Testing UE count = 100
============================================================

--- Algorithm: heuristic ---
  Training seed: 42

No GPU available, using CPU.

  Training seed: 84

No GPU available, using CPU.

  Training seed: 126

No GPU available, using CPU.


--- Algorithm: vanilla_mappo ---
  Training seed: 42

No GPU available, using CPU.

    Failed to load model: Model file not found: saved_models/vanilla_mappo_20260603_174250_vanilla_mappo/final/vanilla_mappo.pth
  Training seed: 84

No GPU available, using CPU.

    Failed to load model: Model file not found: saved_models/vanilla_mappo_20260603_180500_vanilla_mappo/final/vanilla_mappo.pth
  Training seed: 126

No GPU available, using CPU.

    Failed to load model: Model file not found: saved_models/vanilla_mappo_20260603_181404_vanilla_mappo/final/vanilla_mappo.pth

--- Algorithm: proposed ---
  Training seed: 42

No GPU available, using CPU.

    Failed to load model: ❌ Model file not found: saved_models/attention_mappo_cpu_full_paper_revised_full_20260518_full_hmarl_seed42_200ep/final/attention_mappo.pth
  Training seed: 84

No GPU available, using CPU.

    Failed to load model: ❌ Model file not found: saved_models/attention_mappo_cpu_full_paper_revised_full_20260518_full_hmarl_seed84_200ep/final/attention_mappo.pth
  Training seed: 126

No GPU available, using CPU.

    Failed to load model: ❌ Model file not found: saved_models/attention_mappo_cpu_full_paper_revised_full_20260518_full_hmarl_seed126_200ep/final/attention_mappo.pth

============================================================
Testing UE count = 120
============================================================

--- Algorithm: heuristic ---
  Training seed: 42

No GPU available, using CPU.

  Training seed: 84

No GPU available, using CPU.

  Training seed: 126

No GPU available, using CPU.


--- Algorithm: vanilla_mappo ---
  Training seed: 42

No GPU available, using CPU.

    Failed to load model: Model file not found: saved_models/vanilla_mappo_20260603_174250_vanilla_mappo/final/vanilla_mappo.pth
  Training seed: 84

No GPU available, using CPU.

    Failed to load model: Model file not found: saved_models/vanilla_mappo_20260603_180500_vanilla_mappo/final/vanilla_mappo.pth
  Training seed: 126

No GPU available, using CPU.

    Failed to load model: Model file not found: saved_models/vanilla_mappo_20260603_181404_vanilla_mappo/final/vanilla_mappo.pth

--- Algorithm: proposed ---
  Training seed: 42

No GPU available, using CPU.

    Failed to load model: ❌ Model file not found: saved_models/attention_mappo_cpu_full_paper_revised_full_20260518_full_hmarl_seed42_200ep/final/attention_mappo.pth
  Training seed: 84

No GPU available, using CPU.

    Failed to load model: ❌ Model file not found: saved_models/attention_mappo_cpu_full_paper_revised_full_20260518_full_hmarl_seed84_200ep/final/attention_mappo.pth
  Training seed: 126

No GPU available, using CPU.

    Failed to load model: ❌ Model file not found: saved_models/attention_mappo_cpu_full_paper_revised_full_20260518_full_hmarl_seed126_200ep/final/attention_mappo.pth

============================================================
Testing UE count = 140
============================================================

--- Algorithm: heuristic ---
  Training seed: 42

No GPU available, using CPU.

  Training seed: 84

No GPU available, using CPU.

  Training seed: 126

No GPU available, using CPU.


--- Algorithm: vanilla_mappo ---
  Training seed: 42

No GPU available, using CPU.

    Failed to load model: Model file not found: saved_models/vanilla_mappo_20260603_174250_vanilla_mappo/final/vanilla_mappo.pth
  Training seed: 84

No GPU available, using CPU.

    Failed to load model: Model file not found: saved_models/vanilla_mappo_20260603_180500_vanilla_mappo/final/vanilla_mappo.pth
  Training seed: 126

No GPU available, using CPU.

    Failed to load model: Model file not found: saved_models/vanilla_mappo_20260603_181404_vanilla_mappo/final/vanilla_mappo.pth

--- Algorithm: proposed ---
  Training seed: 42

No GPU available, using CPU.

    Failed to load model: ❌ Model file not found: saved_models/attention_mappo_cpu_full_paper_revised_full_20260518_full_hmarl_seed42_200ep/final/attention_mappo.pth
  Training seed: 84

No GPU available, using CPU.

    Failed to load model: ❌ Model file not found: saved_models/attention_mappo_cpu_full_paper_revised_full_20260518_full_hmarl_seed84_200ep/final/attention_mappo.pth
  Training seed: 126

No GPU available, using CPU.

    Failed to load model: ❌ Model file not found: saved_models/attention_mappo_cpu_full_paper_revised_full_20260518_full_hmarl_seed126_200ep/final/attention_mappo.pth

============================================================
Testing UAV CPU scale = 0.6x
============================================================

--- Algorithm: heuristic ---
  Training seed: 42

No GPU available, using CPU.

  Training seed: 84

No GPU available, using CPU.

  Training seed: 126

No GPU available, using CPU.


--- Algorithm: vanilla_mappo ---
  Training seed: 42

No GPU available, using CPU.

    Failed to load model: Model file not found: saved_models/vanilla_mappo_20260603_174250_vanilla_mappo/final/vanilla_mappo.pth
  Training seed: 84

No GPU available, using CPU.

    Failed to load model: Model file not found: saved_models/vanilla_mappo_20260603_180500_vanilla_mappo/final/vanilla_mappo.pth
  Training seed: 126

No GPU available, using CPU.

    Failed to load model: Model file not found: saved_models/vanilla_mappo_20260603_181404_vanilla_mappo/final/vanilla_mappo.pth

--- Algorithm: proposed ---
  Training seed: 42

No GPU available, using CPU.

    Failed to load model: ❌ Model file not found: saved_models/attention_mappo_cpu_full_paper_revised_full_20260518_full_hmarl_seed42_200ep/final/attention_mappo.pth
  Training seed: 84

No GPU available, using CPU.

    Failed to load model: ❌ Model file not found: saved_models/attention_mappo_cpu_full_paper_revised_full_20260518_full_hmarl_seed84_200ep/final/attention_mappo.pth
  Training seed: 126

No GPU available, using CPU.

    Failed to load model: ❌ Model file not found: saved_models/attention_mappo_cpu_full_paper_revised_full_20260518_full_hmarl_seed126_200ep/final/attention_mappo.pth

============================================================
Testing UAV CPU scale = 0.8x
============================================================

--- Algorithm: heuristic ---
  Training seed: 42

No GPU available, using CPU.

  Training seed: 84

No GPU available, using CPU.

  Training seed: 126

No GPU available, using CPU.


--- Algorithm: vanilla_mappo ---
  Training seed: 42

No GPU available, using CPU.

    Failed to load model: Model file not found: saved_models/vanilla_mappo_20260603_174250_vanilla_mappo/final/vanilla_mappo.pth
  Training seed: 84

No GPU available, using CPU.

    Failed to load model: Model file not found: saved_models/vanilla_mappo_20260603_180500_vanilla_mappo/final/vanilla_mappo.pth
  Training seed: 126

No GPU available, using CPU.

    Failed to load model: Model file not found: saved_models/vanilla_mappo_20260603_181404_vanilla_mappo/final/vanilla_mappo.pth

--- Algorithm: proposed ---
  Training seed: 42

No GPU available, using CPU.

    Failed to load model: ❌ Model file not found: saved_models/attention_mappo_cpu_full_paper_revised_full_20260518_full_hmarl_seed42_200ep/final/attention_mappo.pth
  Training seed: 84

No GPU available, using CPU.

    Failed to load model: ❌ Model file not found: saved_models/attention_mappo_cpu_full_paper_revised_full_20260518_full_hmarl_seed84_200ep/final/attention_mappo.pth
  Training seed: 126

No GPU available, using CPU.

    Failed to load model: ❌ Model file not found: saved_models/attention_mappo_cpu_full_paper_revised_full_20260518_full_hmarl_seed126_200ep/final/attention_mappo.pth

============================================================
Testing UAV CPU scale = 1.0x
============================================================

--- Algorithm: heuristic ---
  Training seed: 42

No GPU available, using CPU.

  Training seed: 84

No GPU available, using CPU.

  Training seed: 126

No GPU available, using CPU.


--- Algorithm: vanilla_mappo ---
  Training seed: 42

No GPU available, using CPU.

    Failed to load model: Model file not found: saved_models/vanilla_mappo_20260603_174250_vanilla_mappo/final/vanilla_mappo.pth
  Training seed: 84

No GPU available, using CPU.

    Failed to load model: Model file not found: saved_models/vanilla_mappo_20260603_180500_vanilla_mappo/final/vanilla_mappo.pth
  Training seed: 126

No GPU available, using CPU.

    Failed to load model: Model file not found: saved_models/vanilla_mappo_20260603_181404_vanilla_mappo/final/vanilla_mappo.pth

--- Algorithm: proposed ---
  Training seed: 42

No GPU available, using CPU.

    Failed to load model: ❌ Model file not found: saved_models/attention_mappo_cpu_full_paper_revised_full_20260518_full_hmarl_seed42_200ep/final/attention_mappo.pth
  Training seed: 84

No GPU available, using CPU.

    Failed to load model: ❌ Model file not found: saved_models/attention_mappo_cpu_full_paper_revised_full_20260518_full_hmarl_seed84_200ep/final/attention_mappo.pth
  Training seed: 126

No GPU available, using CPU.

    Failed to load model: ❌ Model file not found: saved_models/attention_mappo_cpu_full_paper_revised_full_20260518_full_hmarl_seed126_200ep/final/attention_mappo.pth

============================================================
Testing UAV CPU scale = 1.2x
============================================================

--- Algorithm: heuristic ---
  Training seed: 42

No GPU available, using CPU.

  Training seed: 84

No GPU available, using CPU.

  Training seed: 126

No GPU available, using CPU.


--- Algorithm: vanilla_mappo ---
  Training seed: 42

No GPU available, using CPU.

    Failed to load model: Model file not found: saved_models/vanilla_mappo_20260603_174250_vanilla_mappo/final/vanilla_mappo.pth
  Training seed: 84

No GPU available, using CPU.

    Failed to load model: Model file not found: saved_models/vanilla_mappo_20260603_180500_vanilla_mappo/final/vanilla_mappo.pth
  Training seed: 126

No GPU available, using CPU.

    Failed to load model: Model file not found: saved_models/vanilla_mappo_20260603_181404_vanilla_mappo/final/vanilla_mappo.pth

--- Algorithm: proposed ---
  Training seed: 42

No GPU available, using CPU.

    Failed to load model: ❌ Model file not found: saved_models/attention_mappo_cpu_full_paper_revised_full_20260518_full_hmarl_seed42_200ep/final/attention_mappo.pth
  Training seed: 84

No GPU available, using CPU.

    Failed to load model: ❌ Model file not found: saved_models/attention_mappo_cpu_full_paper_revised_full_20260518_full_hmarl_seed84_200ep/final/attention_mappo.pth
  Training seed: 126

No GPU available, using CPU.

    Failed to load model: ❌ Model file not found: saved_models/attention_mappo_cpu_full_paper_revised_full_20260518_full_hmarl_seed126_200ep/final/attention_mappo.pth

============================================================
Testing UAV CPU scale = 1.4x
============================================================

--- Algorithm: heuristic ---
  Training seed: 42

No GPU available, using CPU.

  Training seed: 84

No GPU available, using CPU.

  Training seed: 126

No GPU available, using CPU.


--- Algorithm: vanilla_mappo ---
  Training seed: 42

No GPU available, using CPU.

    Failed to load model: Model file not found: saved_models/vanilla_mappo_20260603_174250_vanilla_mappo/final/vanilla_mappo.pth
  Training seed: 84

No GPU available, using CPU.

    Failed to load model: Model file not found: saved_models/vanilla_mappo_20260603_180500_vanilla_mappo/final/vanilla_mappo.pth
  Training seed: 126

No GPU available, using CPU.

    Failed to load model: Model file not found: saved_models/vanilla_mappo_20260603_181404_vanilla_mappo/final/vanilla_mappo.pth

--- Algorithm: proposed ---
  Training seed: 42

No GPU available, using CPU.

    Failed to load model: ❌ Model file not found: saved_models/attention_mappo_cpu_full_paper_revised_full_20260518_full_hmarl_seed42_200ep/final/attention_mappo.pth
  Training seed: 84

No GPU available, using CPU.

    Failed to load model: ❌ Model file not found: saved_models/attention_mappo_cpu_full_paper_revised_full_20260518_full_hmarl_seed84_200ep/final/attention_mappo.pth
  Training seed: 126

No GPU available, using CPU.

    Failed to load model: ❌ Model file not found: saved_models/attention_mappo_cpu_full_paper_revised_full_20260518_full_hmarl_seed126_200ep/final/attention_mappo.pth
