==========================================
Baseline Comparison Full Experiment
Train episodes: 200
Eval episodes: 10
Training seeds: 42 84 126
Workload seeds: 1001 1002 1003 1004 1005 1006 1007 1008 1009 1010
==========================================

[2026-06-03 18:57:51] Starting non-learning baseline: random
  [random] workload_seed=1001

============================================================
Baseline: random
Train episodes: 0
Eval episodes: 10
Seed: 42
Workload seed: 1001
============================================================

[random] Non-learning baseline, skipping training.

No GPU available, using CPU.


[random] Evaluating for 10 episodes...
Baseline results saved to results/baseline_comparison_full/random

============================================================
Results for random:
============================================================
  reward: -1617.1396 ± 209.3955
  latency: 1343643.4523 ± 186334.8854
  energy: 71924025.2609 ± 10281353.0422
  fairness: 0.9059 ± 0.0828
  offline_rate: 0.0000 ± 0.0000
  deadline_satisfaction_rate: 0.1551 ± 0.0312
  offloading_ratio_local: 0.2963 ± 0.0199
  offloading_ratio_cooperative: 0.3935 ± 0.0409
  offloading_ratio_mbs: 0.2980 ± 0.0205
  mbs_load_ratio: 0.1069 ± 0.0374

Results saved to: results/baseline_comparison_full/random/metrics_seed_42_workload_1001.json
  [random] workload_seed=1002

============================================================
Baseline: random
Train episodes: 0
Eval episodes: 10
Seed: 42
Workload seed: 1002
============================================================

[random] Non-learning baseline, skipping training.

No GPU available, using CPU.


[random] Evaluating for 10 episodes...
Baseline results saved to results/baseline_comparison_full/random

============================================================
Results for random:
============================================================
  reward: -1448.3995 ± 195.3311
  latency: 1288711.3761 ± 180613.7167
  energy: 74441928.9813 ± 6509743.1401
  fairness: 0.9012 ± 0.0669
  offline_rate: 0.0000 ± 0.0000
  deadline_satisfaction_rate: 0.1629 ± 0.0230
  offloading_ratio_local: 0.3017 ± 0.0130
  offloading_ratio_cooperative: 0.3892 ± 0.0229
  offloading_ratio_mbs: 0.3037 ± 0.0141
  mbs_load_ratio: 0.1178 ± 0.0333

Results saved to: results/baseline_comparison_full/random/metrics_seed_42_workload_1002.json
  [random] workload_seed=1003

============================================================
Baseline: random
Train episodes: 0
Eval episodes: 10
Seed: 42
Workload seed: 1003
============================================================

[random] Non-learning baseline, skipping training.

No GPU available, using CPU.


[random] Evaluating for 10 episodes...
Baseline results saved to results/baseline_comparison_full/random

============================================================
Results for random:
============================================================
  reward: -1570.9973 ± 217.7720
  latency: 1440427.6582 ± 155707.1358
  energy: 69832619.2787 ± 12253347.7099
  fairness: 0.7910 ± 0.1440
  offline_rate: 0.0000 ± 0.0000
  deadline_satisfaction_rate: 0.1349 ± 0.0315
  offloading_ratio_local: 0.2984 ± 0.0151
  offloading_ratio_cooperative: 0.3861 ± 0.0349
  offloading_ratio_mbs: 0.2988 ± 0.0124
  mbs_load_ratio: 0.0913 ± 0.0287

Results saved to: results/baseline_comparison_full/random/metrics_seed_42_workload_1003.json
  [random] workload_seed=1004

============================================================
Baseline: random
Train episodes: 0
Eval episodes: 10
Seed: 42
Workload seed: 1004
============================================================

[random] Non-learning baseline, skipping training.

No GPU available, using CPU.


[random] Evaluating for 10 episodes...
Baseline results saved to results/baseline_comparison_full/random

============================================================
Results for random:
============================================================
  reward: -1550.2025 ± 233.8728
  latency: 1325433.4725 ± 178661.3491
  energy: 74188731.1907 ± 4022847.3416
  fairness: 0.8811 ± 0.0921
  offline_rate: 0.0000 ± 0.0000
  deadline_satisfaction_rate: 0.1590 ± 0.0308
  offloading_ratio_local: 0.2992 ± 0.0091
  offloading_ratio_cooperative: 0.3950 ± 0.0194
  offloading_ratio_mbs: 0.3010 ± 0.0103
  mbs_load_ratio: 0.1092 ± 0.0320

Results saved to: results/baseline_comparison_full/random/metrics_seed_42_workload_1004.json
  [random] workload_seed=1005

============================================================
Baseline: random
Train episodes: 0
Eval episodes: 10
Seed: 42
Workload seed: 1005
============================================================

[random] Non-learning baseline, skipping training.

No GPU available, using CPU.


[random] Evaluating for 10 episodes...
Baseline results saved to results/baseline_comparison_full/random

============================================================
Results for random:
============================================================
  reward: -1616.5036 ± 230.2194
  latency: 1390617.7158 ± 132232.8698
  energy: 78906056.0582 ± 16986805.8502
  fairness: 0.8840 ± 0.0483
  offline_rate: 0.0000 ± 0.0000
  deadline_satisfaction_rate: 0.1474 ± 0.0296
  offloading_ratio_local: 0.2953 ± 0.0083
  offloading_ratio_cooperative: 0.3926 ± 0.0476
  offloading_ratio_mbs: 0.2948 ± 0.0132
  mbs_load_ratio: 0.0974 ± 0.0203

Results saved to: results/baseline_comparison_full/random/metrics_seed_42_workload_1005.json
  [random] workload_seed=1006

============================================================
Baseline: random
Train episodes: 0
Eval episodes: 10
Seed: 42
Workload seed: 1006
============================================================

[random] Non-learning baseline, skipping training.

No GPU available, using CPU.


[random] Evaluating for 10 episodes...
Baseline results saved to results/baseline_comparison_full/random

============================================================
Results for random:
============================================================
  reward: -1519.4868 ± 191.9633
  latency: 1316892.6226 ± 130442.2224
  energy: 70982195.4923 ± 6516055.5984
  fairness: 0.8701 ± 0.0997
  offline_rate: 0.0000 ± 0.0000
  deadline_satisfaction_rate: 0.1635 ± 0.0242
  offloading_ratio_local: 0.2952 ± 0.0149
  offloading_ratio_cooperative: 0.3967 ± 0.0249
  offloading_ratio_mbs: 0.2991 ± 0.0123
  mbs_load_ratio: 0.1104 ± 0.0247

Results saved to: results/baseline_comparison_full/random/metrics_seed_42_workload_1006.json
  [random] workload_seed=1007

============================================================
Baseline: random
Train episodes: 0
Eval episodes: 10
Seed: 42
Workload seed: 1007
============================================================

[random] Non-learning baseline, skipping training.

No GPU available, using CPU.


[random] Evaluating for 10 episodes...
Baseline results saved to results/baseline_comparison_full/random

============================================================
Results for random:
============================================================
  reward: -1508.7082 ± 251.1606
  latency: 1405689.5662 ± 146786.4095
  energy: 68715553.0781 ± 12216362.7321
  fairness: 0.8393 ± 0.1014
  offline_rate: 0.0000 ± 0.0000
  deadline_satisfaction_rate: 0.1401 ± 0.0199
  offloading_ratio_local: 0.2985 ± 0.0253
  offloading_ratio_cooperative: 0.3821 ± 0.0516
  offloading_ratio_mbs: 0.2999 ± 0.0220
  mbs_load_ratio: 0.0980 ± 0.0306

Results saved to: results/baseline_comparison_full/random/metrics_seed_42_workload_1007.json
  [random] workload_seed=1008

============================================================
Baseline: random
Train episodes: 0
Eval episodes: 10
Seed: 42
Workload seed: 1008
============================================================

[random] Non-learning baseline, skipping training.

No GPU available, using CPU.


[random] Evaluating for 10 episodes...
Baseline results saved to results/baseline_comparison_full/random

============================================================
Results for random:
============================================================
  reward: -1477.2568 ± 233.4043
  latency: 1420076.8898 ± 146149.9286
  energy: 70319048.1887 ± 13011817.5905
  fairness: 0.8623 ± 0.0531
  offline_rate: 0.0000 ± 0.0000
  deadline_satisfaction_rate: 0.1379 ± 0.0211
  offloading_ratio_local: 0.3018 ± 0.0189
  offloading_ratio_cooperative: 0.3781 ± 0.0421
  offloading_ratio_mbs: 0.3022 ± 0.0182
  mbs_load_ratio: 0.0952 ± 0.0284

Results saved to: results/baseline_comparison_full/random/metrics_seed_42_workload_1008.json
  [random] workload_seed=1009

============================================================
Baseline: random
Train episodes: 0
Eval episodes: 10
Seed: 42
Workload seed: 1009
============================================================

[random] Non-learning baseline, skipping training.

No GPU available, using CPU.


[random] Evaluating for 10 episodes...
Baseline results saved to results/baseline_comparison_full/random

============================================================
Results for random:
============================================================
  reward: -1570.3221 ± 176.0580
  latency: 1339009.6193 ± 171194.8465
  energy: 74397539.9579 ± 11215156.5975
  fairness: 0.8647 ± 0.1059
  offline_rate: 0.0000 ± 0.0000
  deadline_satisfaction_rate: 0.1597 ± 0.0256
  offloading_ratio_local: 0.3029 ± 0.0204
  offloading_ratio_cooperative: 0.3946 ± 0.0376
  offloading_ratio_mbs: 0.2977 ± 0.0160
  mbs_load_ratio: 0.1064 ± 0.0305

Results saved to: results/baseline_comparison_full/random/metrics_seed_42_workload_1009.json
  [random] workload_seed=1010

============================================================
Baseline: random
Train episodes: 0
Eval episodes: 10
Seed: 42
Workload seed: 1010
============================================================

[random] Non-learning baseline, skipping training.

No GPU available, using CPU.


[random] Evaluating for 10 episodes...
Baseline results saved to results/baseline_comparison_full/random

============================================================
Results for random:
============================================================
  reward: -1588.5124 ± 287.4787
  latency: 1358967.6139 ± 169175.9393
  energy: 67530391.6056 ± 12327409.8250
  fairness: 0.8519 ± 0.1016
  offline_rate: 0.0000 ± 0.0000
  deadline_satisfaction_rate: 0.1550 ± 0.0346
  offloading_ratio_local: 0.2944 ± 0.0135
  offloading_ratio_cooperative: 0.3884 ± 0.0330
  offloading_ratio_mbs: 0.2958 ± 0.0128
  mbs_load_ratio: 0.1025 ± 0.0284

Results saved to: results/baseline_comparison_full/random/metrics_seed_42_workload_1010.json
[2026-06-03 19:16:02] Finished: random

[2026-06-03 19:16:02] Starting non-learning baseline: uniform
  [uniform] workload_seed=1001

============================================================
Baseline: uniform
Train episodes: 0
Eval episodes: 10
Seed: 42
Workload seed: 1001
============================================================

[uniform] Non-learning baseline, skipping training.

No GPU available, using CPU.


[uniform] Evaluating for 10 episodes...
Baseline results saved to results/baseline_comparison_full/uniform

============================================================
Results for uniform:
============================================================
  reward: -5754.6217 ± 327.6752
  latency: 1037577.2159 ± 322642.2107
  energy: 100241536.3722 ± 22588916.9162
  fairness: 0.8216 ± 0.1192
  offline_rate: 0.0140 ± 0.0310
  deadline_satisfaction_rate: 0.2551 ± 0.0462
  offloading_ratio_local: 0.2208 ± 0.0200
  offloading_ratio_cooperative: 0.6009 ± 0.0433
  offloading_ratio_mbs: 0.1782 ± 0.0253
  mbs_load_ratio: 0.0960 ± 0.0461

Results saved to: results/baseline_comparison_full/uniform/metrics_seed_42_workload_1001.json
  [uniform] workload_seed=1002

============================================================
Baseline: uniform
Train episodes: 0
Eval episodes: 10
Seed: 42
Workload seed: 1002
============================================================

[uniform] Non-learning baseline, skipping training.

No GPU available, using CPU.


[uniform] Evaluating for 10 episodes...
Baseline results saved to results/baseline_comparison_full/uniform

============================================================
Results for uniform:
============================================================
  reward: -5877.0930 ± 224.1788
  latency: 1156600.6588 ± 123726.1431
  energy: 107764615.5751 ± 18205628.1544
  fairness: 0.7579 ± 0.1441
  offline_rate: 0.0060 ± 0.0180
  deadline_satisfaction_rate: 0.2460 ± 0.0287
  offloading_ratio_local: 0.2219 ± 0.0155
  offloading_ratio_cooperative: 0.6019 ± 0.0247
  offloading_ratio_mbs: 0.1761 ± 0.0128
  mbs_load_ratio: 0.0799 ± 0.0166

Results saved to: results/baseline_comparison_full/uniform/metrics_seed_42_workload_1002.json
  [uniform] workload_seed=1003

============================================================
Baseline: uniform
Train episodes: 0
Eval episodes: 10
Seed: 42
Workload seed: 1003
============================================================

[uniform] Non-learning baseline, skipping training.

No GPU available, using CPU.


[uniform] Evaluating for 10 episodes...
Baseline results saved to results/baseline_comparison_full/uniform

============================================================
Results for uniform:
============================================================
  reward: -5645.8410 ± 282.9073
  latency: 1087454.2918 ± 273253.5342
  energy: 89867988.4388 ± 19172151.7666
  fairness: 0.8666 ± 0.1434
  offline_rate: 0.0000 ± 0.0000
  deadline_satisfaction_rate: 0.2581 ± 0.0529
  offloading_ratio_local: 0.2210 ± 0.0182
  offloading_ratio_cooperative: 0.6024 ± 0.0238
  offloading_ratio_mbs: 0.1765 ± 0.0081
  mbs_load_ratio: 0.0864 ± 0.0290

Results saved to: results/baseline_comparison_full/uniform/metrics_seed_42_workload_1003.json
  [uniform] workload_seed=1004

============================================================
Baseline: uniform
Train episodes: 0
Eval episodes: 10
Seed: 42
Workload seed: 1004
============================================================

[uniform] Non-learning baseline, skipping training.

No GPU available, using CPU.


[uniform] Evaluating for 10 episodes...
Baseline results saved to results/baseline_comparison_full/uniform

============================================================
Results for uniform:
============================================================
  reward: -5703.5211 ± 224.0453
  latency: 1072885.4381 ± 273992.3944
  energy: 94121298.0576 ± 17828084.5547
  fairness: 0.8528 ± 0.1223
  offline_rate: 0.0150 ± 0.0238
  deadline_satisfaction_rate: 0.2353 ± 0.0416
  offloading_ratio_local: 0.2285 ± 0.0364
  offloading_ratio_cooperative: 0.5929 ± 0.0326
  offloading_ratio_mbs: 0.1777 ± 0.0125
  mbs_load_ratio: 0.0901 ± 0.0296

Results saved to: results/baseline_comparison_full/uniform/metrics_seed_42_workload_1004.json
  [uniform] workload_seed=1005

============================================================
Baseline: uniform
Train episodes: 0
Eval episodes: 10
Seed: 42
Workload seed: 1005
============================================================

[uniform] Non-learning baseline, skipping training.

No GPU available, using CPU.


[uniform] Evaluating for 10 episodes...
Baseline results saved to results/baseline_comparison_full/uniform

============================================================
Results for uniform:
============================================================
  reward: -5870.5172 ± 178.9623
  latency: 1165909.4791 ± 321368.3770
  energy: 106444063.5947 ± 9161304.0325
  fairness: 0.7750 ± 0.1512
  offline_rate: 0.0000 ± 0.0000
  deadline_satisfaction_rate: 0.2394 ± 0.0580
  offloading_ratio_local: 0.2243 ± 0.0189
  offloading_ratio_cooperative: 0.6016 ± 0.0330
  offloading_ratio_mbs: 0.1741 ± 0.0185
  mbs_load_ratio: 0.0800 ± 0.0397

Results saved to: results/baseline_comparison_full/uniform/metrics_seed_42_workload_1005.json
  [uniform] workload_seed=1006

============================================================
Baseline: uniform
Train episodes: 0
Eval episodes: 10
Seed: 42
Workload seed: 1006
============================================================

[uniform] Non-learning baseline, skipping training.

No GPU available, using CPU.


[uniform] Evaluating for 10 episodes...
Baseline results saved to results/baseline_comparison_full/uniform

============================================================
Results for uniform:
============================================================
  reward: -5791.4501 ± 210.2160
  latency: 1246325.8598 ± 229439.4837
  energy: 93692708.9217 ± 14112136.9047
  fairness: 0.7545 ± 0.1250
  offline_rate: 0.0010 ± 0.0030
  deadline_satisfaction_rate: 0.2354 ± 0.0474
  offloading_ratio_local: 0.2325 ± 0.0237
  offloading_ratio_cooperative: 0.5956 ± 0.0289
  offloading_ratio_mbs: 0.1715 ± 0.0104
  mbs_load_ratio: 0.0692 ± 0.0229

Results saved to: results/baseline_comparison_full/uniform/metrics_seed_42_workload_1006.json
  [uniform] workload_seed=1007

============================================================
Baseline: uniform
Train episodes: 0
Eval episodes: 10
Seed: 42
Workload seed: 1007
============================================================

[uniform] Non-learning baseline, skipping training.

No GPU available, using CPU.


[uniform] Evaluating for 10 episodes...
Baseline results saved to results/baseline_comparison_full/uniform

============================================================
Results for uniform:
============================================================
  reward: -5795.6994 ± 236.1292
  latency: 1196552.3058 ± 269802.2794
  energy: 94314453.0687 ± 15037174.7412
  fairness: 0.7339 ± 0.1176
  offline_rate: 0.0090 ± 0.0270
  deadline_satisfaction_rate: 0.2275 ± 0.0427
  offloading_ratio_local: 0.2341 ± 0.0297
  offloading_ratio_cooperative: 0.5929 ± 0.0334
  offloading_ratio_mbs: 0.1724 ± 0.0154
  mbs_load_ratio: 0.0761 ± 0.0291

Results saved to: results/baseline_comparison_full/uniform/metrics_seed_42_workload_1007.json
  [uniform] workload_seed=1008

============================================================
Baseline: uniform
Train episodes: 0
Eval episodes: 10
Seed: 42
Workload seed: 1008
============================================================

[uniform] Non-learning baseline, skipping training.

No GPU available, using CPU.


[uniform] Evaluating for 10 episodes...
Baseline results saved to results/baseline_comparison_full/uniform

============================================================
Results for uniform:
============================================================
  reward: -5794.7070 ± 171.3646
  latency: 1146278.9055 ± 224366.7082
  energy: 101146688.7918 ± 13236941.9194
  fairness: 0.8029 ± 0.1274
  offline_rate: 0.0050 ± 0.0102
  deadline_satisfaction_rate: 0.2451 ± 0.0433
  offloading_ratio_local: 0.2349 ± 0.0372
  offloading_ratio_cooperative: 0.5887 ± 0.0380
  offloading_ratio_mbs: 0.1755 ± 0.0165
  mbs_load_ratio: 0.0820 ± 0.0278

Results saved to: results/baseline_comparison_full/uniform/metrics_seed_42_workload_1008.json
  [uniform] workload_seed=1009

============================================================
Baseline: uniform
Train episodes: 0
Eval episodes: 10
Seed: 42
Workload seed: 1009
============================================================

[uniform] Non-learning baseline, skipping training.

No GPU available, using CPU.


[uniform] Evaluating for 10 episodes...
Baseline results saved to results/baseline_comparison_full/uniform

============================================================
Results for uniform:
============================================================
  reward: -5712.7045 ± 162.9744
  latency: 1133874.5855 ± 221476.0827
  energy: 92440693.0789 ± 16337677.1396
  fairness: 0.8129 ± 0.1379
  offline_rate: 0.0010 ± 0.0030
  deadline_satisfaction_rate: 0.2545 ± 0.0481
  offloading_ratio_local: 0.2253 ± 0.0363
  offloading_ratio_cooperative: 0.6044 ± 0.0415
  offloading_ratio_mbs: 0.1694 ± 0.0171
  mbs_load_ratio: 0.0795 ± 0.0236

Results saved to: results/baseline_comparison_full/uniform/metrics_seed_42_workload_1009.json
  [uniform] workload_seed=1010

============================================================
Baseline: uniform
Train episodes: 0
Eval episodes: 10
Seed: 42
Workload seed: 1010
============================================================

[uniform] Non-learning baseline, skipping training.

No GPU available, using CPU.


[uniform] Evaluating for 10 episodes...
Baseline results saved to results/baseline_comparison_full/uniform

============================================================
Results for uniform:
============================================================
  reward: -5683.8421 ± 131.8077
  latency: 1297654.7460 ± 272492.9237
  energy: 83135956.4953 ± 9865350.5445
  fairness: 0.7856 ± 0.1692
  offline_rate: 0.0000 ± 0.0000
  deadline_satisfaction_rate: 0.2247 ± 0.0735
  offloading_ratio_local: 0.2603 ± 0.0517
  offloading_ratio_cooperative: 0.5609 ± 0.0581
  offloading_ratio_mbs: 0.1758 ± 0.0095
  mbs_load_ratio: 0.0654 ± 0.0251

Results saved to: results/baseline_comparison_full/uniform/metrics_seed_42_workload_1010.json
[2026-06-03 19:42:02] Finished: uniform

[2026-06-03 19:42:02] Starting learning baseline: ippo
  [ippo] training_seed=42

============================================================
Baseline: ippo
Train episodes: 200
Eval episodes: 10
Seed: 42
Workload seed: 1001
============================================================

[ippo] Training IPPO + shared offload model for 200 episodes...

No GPU available, using CPU.


No GPU available, using CPU.

Configs saved to train_logs/baseline_comparison/ippo/config_20260603_194203_ippo.json
Final models saved in: saved_models/ippo_baseline_20260603_194203_ippo/final


[ippo] Evaluating for 10 episodes...
Baseline results saved to results/baseline_comparison_full/ippo

============================================================
Results for ippo:
============================================================
  reward: -976.6632 ± 419.0377
  latency: 799886.7146 ± 109361.7050
  energy: 48799751.5128 ± 11929332.3604
  fairness: 0.9631 ± 0.0437
  offline_rate: 0.0130 ± 0.0200
  deadline_satisfaction_rate: 0.1786 ± 0.0234
  offloading_ratio_local: 0.2837 ± 0.1268
  offloading_ratio_cooperative: 0.5075 ± 0.0792
  offloading_ratio_mbs: 0.2083 ± 0.0865
  mbs_load_ratio: 0.1282 ± 0.0519

Results saved to: results/baseline_comparison_full/ippo/metrics_seed_42_workload_1001.json
  [ippo] training_seed=84

============================================================
Baseline: ippo
Train episodes: 200
Eval episodes: 10
Seed: 84
Workload seed: 1001
============================================================

[ippo] Training IPPO + shared offload model for 200 episodes...

No GPU available, using CPU.


No GPU available, using CPU.

Configs saved to train_logs/baseline_comparison/ippo/config_20260603_210412_ippo.json
Final models saved in: saved_models/ippo_baseline_20260603_210412_ippo/final


[ippo] Evaluating for 10 episodes...
Baseline results saved to results/baseline_comparison_full/ippo

============================================================
Results for ippo:
============================================================
  reward: -1086.2635 ± 265.1923
  latency: 880821.9052 ± 144931.8179
  energy: 55032085.6869 ± 7881112.9559
  fairness: 0.9537 ± 0.0477
  offline_rate: 0.0000 ± 0.0000
  deadline_satisfaction_rate: 0.1932 ± 0.0208
  offloading_ratio_local: 0.3378 ± 0.0678
  offloading_ratio_cooperative: 0.4800 ± 0.1016
  offloading_ratio_mbs: 0.1817 ± 0.0428
  mbs_load_ratio: 0.1121 ± 0.0309

Results saved to: results/baseline_comparison_full/ippo/metrics_seed_84_workload_1001.json
  [ippo] training_seed=126

============================================================
Baseline: ippo
Train episodes: 200
Eval episodes: 10
Seed: 126
Workload seed: 1001
============================================================

[ippo] Training IPPO + shared offload model for 200 episodes...

No GPU available, using CPU.


No GPU available, using CPU.

Configs saved to train_logs/baseline_comparison/ippo/config_20260603_222301_ippo.json
Final models saved in: saved_models/ippo_baseline_20260603_222301_ippo/final


[ippo] Evaluating for 10 episodes...
Baseline results saved to results/baseline_comparison_full/ippo

============================================================
Results for ippo:
============================================================
  reward: -1036.2681 ± 314.0331
  latency: 1134279.0316 ± 229419.7915
  energy: 40192617.2944 ± 5759101.4352
  fairness: 0.8433 ± 0.1303
  offline_rate: 0.0040 ± 0.0080
  deadline_satisfaction_rate: 0.1558 ± 0.0297
  offloading_ratio_local: 0.6757 ± 0.0700
  offloading_ratio_cooperative: 0.1682 ± 0.0519
  offloading_ratio_mbs: 0.1495 ± 0.0232
  mbs_load_ratio: 0.0676 ± 0.0198

Results saved to: results/baseline_comparison_full/ippo/metrics_seed_126_workload_1001.json
[2026-06-03 23:34:11] Finished: ippo

[2026-06-03 23:34:11] Starting learning baseline: vanilla_mappo
  [vanilla_mappo] training_seed=42

============================================================
Baseline: vanilla_mappo
Train episodes: 200
Eval episodes: 10
Seed: 42
Workload seed: 1001
============================================================

[vanilla_mappo] Training hierarchical MAPPO for 200 episodes...

No GPU available, using CPU.


No GPU available, using CPU.

Configs saved to train_logs/hierarchical_mappo/config_20260603_233412_vanilla_mappo.json
Final models saved in: saved_models/vanilla_mappo_20260603_233412_vanilla_mappo/final


No GPU available, using CPU.


No GPU available, using CPU.


[vanilla_mappo] Evaluating for 10 episodes...
Baseline results saved to results/baseline_comparison_full/vanilla_mappo

============================================================
Results for vanilla_mappo:
============================================================
  reward: -1182.5959 ± 400.9685
  latency: 959003.2906 ± 193666.8092
  energy: 41043852.8508 ± 4735833.3379
  fairness: 0.9123 ± 0.1083
  offline_rate: 0.0000 ± 0.0000
  deadline_satisfaction_rate: 0.1634 ± 0.0219
  offloading_ratio_local: 0.6045 ± 0.1312
  offloading_ratio_cooperative: 0.3533 ± 0.1254
  offloading_ratio_mbs: 0.0415 ± 0.0143
  mbs_load_ratio: 0.0192 ± 0.0043

Results saved to: results/baseline_comparison_full/vanilla_mappo/metrics_seed_42_workload_1001.json
  [vanilla_mappo] training_seed=84

============================================================
Baseline: vanilla_mappo
Train episodes: 200
Eval episodes: 10
Seed: 84
Workload seed: 1001
============================================================

[vanilla_mappo] Training hierarchical MAPPO for 200 episodes...

No GPU available, using CPU.


No GPU available, using CPU.

Configs saved to train_logs/hierarchical_mappo/config_20260604_005736_vanilla_mappo.json
Final models saved in: saved_models/vanilla_mappo_20260604_005736_vanilla_mappo/final


No GPU available, using CPU.


No GPU available, using CPU.


[vanilla_mappo] Evaluating for 10 episodes...
Baseline results saved to results/baseline_comparison_full/vanilla_mappo

============================================================
Results for vanilla_mappo:
============================================================
  reward: -1070.1835 ± 403.9871
  latency: 929844.0950 ± 224981.6198
  energy: 40382747.7965 ± 3577028.8545
  fairness: 0.9302 ± 0.0628
  offline_rate: 0.0090 ± 0.0207
  deadline_satisfaction_rate: 0.1528 ± 0.0343
  offloading_ratio_local: 0.3864 ± 0.1349
  offloading_ratio_cooperative: 0.4386 ± 0.1444
  offloading_ratio_mbs: 0.1737 ± 0.0757
  mbs_load_ratio: 0.0946 ± 0.0348

Results saved to: results/baseline_comparison_full/vanilla_mappo/metrics_seed_84_workload_1001.json
  [vanilla_mappo] training_seed=126

============================================================
Baseline: vanilla_mappo
Train episodes: 200
Eval episodes: 10
Seed: 126
Workload seed: 1001
============================================================

[vanilla_mappo] Training hierarchical MAPPO for 200 episodes...

No GPU available, using CPU.


No GPU available, using CPU.

Configs saved to train_logs/hierarchical_mappo/config_20260604_021858_vanilla_mappo.json
Final models saved in: saved_models/vanilla_mappo_20260604_021858_vanilla_mappo/final


No GPU available, using CPU.


No GPU available, using CPU.


[vanilla_mappo] Evaluating for 10 episodes...
Baseline results saved to results/baseline_comparison_full/vanilla_mappo

============================================================
Results for vanilla_mappo:
============================================================
  reward: -1274.7716 ± 531.9801
  latency: 968358.9291 ± 173311.3655
  energy: 56181252.9535 ± 10633609.4392
  fairness: 0.9043 ± 0.1197
  offline_rate: 0.0020 ± 0.0040
  deadline_satisfaction_rate: 0.1727 ± 0.0245
  offloading_ratio_local: 0.4963 ± 0.1032
  offloading_ratio_cooperative: 0.4054 ± 0.0934
  offloading_ratio_mbs: 0.0959 ± 0.0269
  mbs_load_ratio: 0.0511 ± 0.0208

Results saved to: results/baseline_comparison_full/vanilla_mappo/metrics_seed_126_workload_1001.json
[2026-06-04 03:31:05] Finished: vanilla_mappo

[2026-06-04 03:31:05] Starting learning baseline: joint_mappo
  [joint_mappo] training_seed=42

============================================================
Baseline: joint_mappo
Train episodes: 200
Eval episodes: 10
Seed: 42
Workload seed: 1001
============================================================

[joint_mappo] Training Joint MAPPO for 200 episodes...

No GPU available, using CPU.

Configs saved to train_logs/joint_end_to_end_mappo/config_20260604_033106_joint_mappo.json

No GPU available, using CPU.


[joint_mappo] Evaluating for 10 episodes...
Baseline results saved to results/baseline_comparison_full/joint_mappo

============================================================
Results for joint_mappo:
============================================================
  reward: -9709.1586 ± 153.5721
  latency: 1728278.7275 ± 256371.6681
  energy: 62085231.1871 ± 27816011.6212
  fairness: 0.3716 ± 0.1807
  offline_rate: 0.0000 ± 0.0000
  deadline_satisfaction_rate: 0.0967 ± 0.0796
  offloading_ratio_local: 0.3361 ± 0.1176
  offloading_ratio_cooperative: 0.4611 ± 0.1599
  offloading_ratio_mbs: 0.0528 ± 0.0705
  mbs_load_ratio: 0.0180 ± 0.0252

Results saved to: results/baseline_comparison_full/joint_mappo/metrics_seed_42_workload_1001.json
  [joint_mappo] training_seed=84

============================================================
Baseline: joint_mappo
Train episodes: 200
Eval episodes: 10
Seed: 84
Workload seed: 1001
============================================================

[joint_mappo] Training Joint MAPPO for 200 episodes...

No GPU available, using CPU.

Configs saved to train_logs/joint_end_to_end_mappo/config_20260604_041014_joint_mappo.json

No GPU available, using CPU.


[joint_mappo] Evaluating for 10 episodes...
Baseline results saved to results/baseline_comparison_full/joint_mappo

============================================================
Results for joint_mappo:
============================================================
  reward: -9571.9968 ± 151.8028
  latency: 1729778.2752 ± 254846.8675
  energy: 46342834.8958 ± 23667485.8673
  fairness: 0.3678 ± 0.1792
  offline_rate: 0.0000 ± 0.0000
  deadline_satisfaction_rate: 0.0802 ± 0.0625
  offloading_ratio_local: 0.3316 ± 0.0873
  offloading_ratio_cooperative: 0.3553 ± 0.1136
  offloading_ratio_mbs: 0.1628 ± 0.0988
  mbs_load_ratio: 0.0372 ± 0.0415

Results saved to: results/baseline_comparison_full/joint_mappo/metrics_seed_84_workload_1001.json
  [joint_mappo] training_seed=126

============================================================
Baseline: joint_mappo
Train episodes: 200
Eval episodes: 10
Seed: 126
Workload seed: 1001
============================================================

[joint_mappo] Training Joint MAPPO for 200 episodes...

No GPU available, using CPU.

Configs saved to train_logs/joint_end_to_end_mappo/config_20260604_044939_joint_mappo.json

No GPU available, using CPU.


[joint_mappo] Evaluating for 10 episodes...
Baseline results saved to results/baseline_comparison_full/joint_mappo

============================================================
Results for joint_mappo:
============================================================
  reward: -9595.1884 ± 201.8243
  latency: 1730774.9241 ± 255095.2387
  energy: 47653070.6860 ± 33187933.4955
  fairness: 0.3732 ± 0.1781
  offline_rate: 0.0000 ± 0.0000
  deadline_satisfaction_rate: 0.0719 ± 0.0693
  offloading_ratio_local: 0.0307 ± 0.0470
  offloading_ratio_cooperative: 0.4091 ± 0.1321
  offloading_ratio_mbs: 0.4098 ± 0.0663
  mbs_load_ratio: 0.0560 ± 0.0444

Results saved to: results/baseline_comparison_full/joint_mappo/metrics_seed_126_workload_1001.json
[2026-06-04 05:28:51] Finished: joint_mappo

[2026-06-04 05:28:51] Starting learning baseline: proposed
  [proposed] training_seed=42

============================================================
Baseline: proposed
Train episodes: 200
Eval episodes: 10
Seed: 42
Workload seed: 1001
============================================================

[proposed] Training hierarchical MAPPO for 200 episodes...

No GPU available, using CPU.


No GPU available, using CPU.

Configs saved to train_logs/hierarchical_mappo/config_20260604_052852_proposed.json
Final models saved in: saved_models/attention_mappo_20260604_052852_proposed/final


No GPU available, using CPU.


No GPU available, using CPU.


[proposed] Evaluating for 10 episodes...
Baseline results saved to results/baseline_comparison_full/proposed

============================================================
Results for proposed:
============================================================
  reward: -1500.6069 ± 377.9515
  latency: 1132493.8620 ± 102189.7260
  energy: 76343409.0606 ± 8418453.6350
  fairness: 0.9515 ± 0.0339
  offline_rate: 0.0000 ± 0.0000
  deadline_satisfaction_rate: 0.2163 ± 0.0173
  offloading_ratio_local: 0.2440 ± 0.0784
  offloading_ratio_cooperative: 0.6549 ± 0.0567
  offloading_ratio_mbs: 0.1004 ± 0.0340
  mbs_load_ratio: 0.0458 ± 0.0172

Results saved to: results/baseline_comparison_full/proposed/metrics_seed_42_workload_1001.json
  [proposed] training_seed=84

============================================================
Baseline: proposed
Train episodes: 200
Eval episodes: 10
Seed: 84
Workload seed: 1001
============================================================

[proposed] Training hierarchical MAPPO for 200 episodes...

No GPU available, using CPU.


No GPU available, using CPU.

Configs saved to train_logs/hierarchical_mappo/config_20260604_065240_proposed.json
Final models saved in: saved_models/attention_mappo_20260604_065240_proposed/final


No GPU available, using CPU.


No GPU available, using CPU.


[proposed] Evaluating for 10 episodes...
Baseline results saved to results/baseline_comparison_full/proposed

============================================================
Results for proposed:
============================================================
  reward: -1795.5999 ± 493.1713
  latency: 1287254.1423 ± 136724.1891
  energy: 50636143.2538 ± 5152151.4241
  fairness: 0.9428 ± 0.0359
  offline_rate: 0.0000 ± 0.0000
  deadline_satisfaction_rate: 0.1758 ± 0.0211
  offloading_ratio_local: 0.4546 ± 0.0906
  offloading_ratio_cooperative: 0.3731 ± 0.0506
  offloading_ratio_mbs: 0.1713 ± 0.0621
  mbs_load_ratio: 0.0556 ± 0.0173

Results saved to: results/baseline_comparison_full/proposed/metrics_seed_84_workload_1001.json
  [proposed] training_seed=126

============================================================
Baseline: proposed
Train episodes: 200
Eval episodes: 10
Seed: 126
Workload seed: 1001
============================================================

[proposed] Training hierarchical MAPPO for 200 episodes...

No GPU available, using CPU.


No GPU available, using CPU.

Configs saved to train_logs/hierarchical_mappo/config_20260604_080753_proposed.json
Final models saved in: saved_models/attention_mappo_20260604_080753_proposed/final


No GPU available, using CPU.


No GPU available, using CPU.


[proposed] Evaluating for 10 episodes...
Baseline results saved to results/baseline_comparison_full/proposed

============================================================
Results for proposed:
============================================================
  reward: -1563.2593 ± 605.0408
  latency: 1153256.2093 ± 113486.8394
  energy: 62997288.5994 ± 7770316.5573
  fairness: 0.9236 ± 0.0859
  offline_rate: 0.0000 ± 0.0000
  deadline_satisfaction_rate: 0.2257 ± 0.0245
  offloading_ratio_local: 0.4326 ± 0.0476
  offloading_ratio_cooperative: 0.5031 ± 0.0497
  offloading_ratio_mbs: 0.0633 ± 0.0094
  mbs_load_ratio: 0.0276 ± 0.0049

Results saved to: results/baseline_comparison_full/proposed/metrics_seed_126_workload_1001.json
[2026-06-04 09:25:26] Finished: proposed

==========================================
All experiments completed at 2026-06-04 09:25:26
==========================================
