
============================================================
Baseline Matrix v2 Experiment
Methods: ['ippo', 'vanilla_mappo', 'joint_mappo', 'proposed', 'random', 'uniform']
Training seeds: [42, 84, 126]
Workload seeds: [42, 84, 126, 168, 210, 252, 294, 336, 378, 420]
Train episodes: 200
Eval episodes: 6
Output dir: results/baseline_matrix_force_admission_20260624
Force service admission: True
Resume: True; overwrite: False
============================================================


============================================================
Learning method: ippo
============================================================
  seed=42: training once, then evaluating 10 pending workload seeds.

No GPU available, using CPU.


No GPU available, using CPU.

Configs saved to train_logs/baseline_comparison/ippo/config_baseline_matrix_v2_ippo_seed42_20260624_181345.json
Final models saved in: saved_models/ippo_baseline_baseline_matrix_v2_ippo_seed42_20260624_181345/final

    workload_seed=42: saved results/baseline_matrix_force_admission_20260624/ippo/seed_42/workload_42_metrics.json
    workload_seed=84: saved results/baseline_matrix_force_admission_20260624/ippo/seed_42/workload_84_metrics.json
    workload_seed=126: saved results/baseline_matrix_force_admission_20260624/ippo/seed_42/workload_126_metrics.json
    workload_seed=168: saved results/baseline_matrix_force_admission_20260624/ippo/seed_42/workload_168_metrics.json
    workload_seed=210: saved results/baseline_matrix_force_admission_20260624/ippo/seed_42/workload_210_metrics.json
    workload_seed=252: saved results/baseline_matrix_force_admission_20260624/ippo/seed_42/workload_252_metrics.json
    workload_seed=294: saved results/baseline_matrix_force_admission_20260624/ippo/seed_42/workload_294_metrics.json
    workload_seed=336: saved results/baseline_matrix_force_admission_20260624/ippo/seed_42/workload_336_metrics.json
    workload_seed=378: saved results/baseline_matrix_force_admission_20260624/ippo/seed_42/workload_378_metrics.json
    workload_seed=420: saved results/baseline_matrix_force_admission_20260624/ippo/seed_42/workload_420_metrics.json
  seed=84: training once, then evaluating 10 pending workload seeds.

No GPU available, using CPU.


No GPU available, using CPU.

Configs saved to train_logs/baseline_comparison/ippo/config_baseline_matrix_v2_ippo_seed84_20260624_201237.json
Final models saved in: saved_models/ippo_baseline_baseline_matrix_v2_ippo_seed84_20260624_201237/final

    workload_seed=42: saved results/baseline_matrix_force_admission_20260624/ippo/seed_84/workload_42_metrics.json
    workload_seed=84: saved results/baseline_matrix_force_admission_20260624/ippo/seed_84/workload_84_metrics.json
    workload_seed=126: saved results/baseline_matrix_force_admission_20260624/ippo/seed_84/workload_126_metrics.json
    workload_seed=168: saved results/baseline_matrix_force_admission_20260624/ippo/seed_84/workload_168_metrics.json
    workload_seed=210: saved results/baseline_matrix_force_admission_20260624/ippo/seed_84/workload_210_metrics.json
    workload_seed=252: saved results/baseline_matrix_force_admission_20260624/ippo/seed_84/workload_252_metrics.json
    workload_seed=294: saved results/baseline_matrix_force_admission_20260624/ippo/seed_84/workload_294_metrics.json
    workload_seed=336: saved results/baseline_matrix_force_admission_20260624/ippo/seed_84/workload_336_metrics.json
    workload_seed=378: saved results/baseline_matrix_force_admission_20260624/ippo/seed_84/workload_378_metrics.json
    workload_seed=420: saved results/baseline_matrix_force_admission_20260624/ippo/seed_84/workload_420_metrics.json
  seed=126: training once, then evaluating 10 pending workload seeds.

No GPU available, using CPU.


No GPU available, using CPU.

Configs saved to train_logs/baseline_comparison/ippo/config_baseline_matrix_v2_ippo_seed126_20260624_220047.json
Final models saved in: saved_models/ippo_baseline_baseline_matrix_v2_ippo_seed126_20260624_220047/final

    workload_seed=42: saved results/baseline_matrix_force_admission_20260624/ippo/seed_126/workload_42_metrics.json
    workload_seed=84: saved results/baseline_matrix_force_admission_20260624/ippo/seed_126/workload_84_metrics.json
    workload_seed=126: saved results/baseline_matrix_force_admission_20260624/ippo/seed_126/workload_126_metrics.json
    workload_seed=168: saved results/baseline_matrix_force_admission_20260624/ippo/seed_126/workload_168_metrics.json
    workload_seed=210: saved results/baseline_matrix_force_admission_20260624/ippo/seed_126/workload_210_metrics.json
    workload_seed=252: saved results/baseline_matrix_force_admission_20260624/ippo/seed_126/workload_252_metrics.json
    workload_seed=294: saved results/baseline_matrix_force_admission_20260624/ippo/seed_126/workload_294_metrics.json
    workload_seed=336: saved results/baseline_matrix_force_admission_20260624/ippo/seed_126/workload_336_metrics.json
    workload_seed=378: saved results/baseline_matrix_force_admission_20260624/ippo/seed_126/workload_378_metrics.json
    workload_seed=420: saved results/baseline_matrix_force_admission_20260624/ippo/seed_126/workload_420_metrics.json

============================================================
Learning method: vanilla_mappo
============================================================
  seed=42: training once, then evaluating 10 pending workload seeds.

No GPU available, using CPU.


No GPU available, using CPU.

Configs saved to train_logs/hierarchical_mappo/config_baseline_matrix_v2_vanilla_mappo_seed42_20260624_234041.json
Final models saved in: saved_models/vanilla_mappo_baseline_matrix_v2_vanilla_mappo_seed42_20260624_234041/final


No GPU available, using CPU.


No GPU available, using CPU.

    workload_seed=42: saved results/baseline_matrix_force_admission_20260624/vanilla_mappo/seed_42/workload_42_metrics.json
    workload_seed=84: saved results/baseline_matrix_force_admission_20260624/vanilla_mappo/seed_42/workload_84_metrics.json
    workload_seed=126: saved results/baseline_matrix_force_admission_20260624/vanilla_mappo/seed_42/workload_126_metrics.json
    workload_seed=168: saved results/baseline_matrix_force_admission_20260624/vanilla_mappo/seed_42/workload_168_metrics.json
    workload_seed=210: saved results/baseline_matrix_force_admission_20260624/vanilla_mappo/seed_42/workload_210_metrics.json
    workload_seed=252: saved results/baseline_matrix_force_admission_20260624/vanilla_mappo/seed_42/workload_252_metrics.json
    workload_seed=294: saved results/baseline_matrix_force_admission_20260624/vanilla_mappo/seed_42/workload_294_metrics.json
    workload_seed=336: saved results/baseline_matrix_force_admission_20260624/vanilla_mappo/seed_42/workload_336_metrics.json
    workload_seed=378: saved results/baseline_matrix_force_admission_20260624/vanilla_mappo/seed_42/workload_378_metrics.json
    workload_seed=420: saved results/baseline_matrix_force_admission_20260624/vanilla_mappo/seed_42/workload_420_metrics.json
  seed=84: training once, then evaluating 10 pending workload seeds.

No GPU available, using CPU.


No GPU available, using CPU.

Configs saved to train_logs/hierarchical_mappo/config_baseline_matrix_v2_vanilla_mappo_seed84_20260625_012047.json
Final models saved in: saved_models/vanilla_mappo_baseline_matrix_v2_vanilla_mappo_seed84_20260625_012047/final


No GPU available, using CPU.


No GPU available, using CPU.

    workload_seed=42: saved results/baseline_matrix_force_admission_20260624/vanilla_mappo/seed_84/workload_42_metrics.json
    workload_seed=84: saved results/baseline_matrix_force_admission_20260624/vanilla_mappo/seed_84/workload_84_metrics.json
    workload_seed=126: saved results/baseline_matrix_force_admission_20260624/vanilla_mappo/seed_84/workload_126_metrics.json
    workload_seed=168: saved results/baseline_matrix_force_admission_20260624/vanilla_mappo/seed_84/workload_168_metrics.json
    workload_seed=210: saved results/baseline_matrix_force_admission_20260624/vanilla_mappo/seed_84/workload_210_metrics.json
    workload_seed=252: saved results/baseline_matrix_force_admission_20260624/vanilla_mappo/seed_84/workload_252_metrics.json
    workload_seed=294: saved results/baseline_matrix_force_admission_20260624/vanilla_mappo/seed_84/workload_294_metrics.json
    workload_seed=336: saved results/baseline_matrix_force_admission_20260624/vanilla_mappo/seed_84/workload_336_metrics.json
    workload_seed=378: saved results/baseline_matrix_force_admission_20260624/vanilla_mappo/seed_84/workload_378_metrics.json
    workload_seed=420: saved results/baseline_matrix_force_admission_20260624/vanilla_mappo/seed_84/workload_420_metrics.json
  seed=126: training once, then evaluating 10 pending workload seeds.

No GPU available, using CPU.


No GPU available, using CPU.

Configs saved to train_logs/hierarchical_mappo/config_baseline_matrix_v2_vanilla_mappo_seed126_20260625_030158.json
Final models saved in: saved_models/vanilla_mappo_baseline_matrix_v2_vanilla_mappo_seed126_20260625_030158/final


No GPU available, using CPU.


No GPU available, using CPU.

    workload_seed=42: saved results/baseline_matrix_force_admission_20260624/vanilla_mappo/seed_126/workload_42_metrics.json
    workload_seed=84: saved results/baseline_matrix_force_admission_20260624/vanilla_mappo/seed_126/workload_84_metrics.json
    workload_seed=126: saved results/baseline_matrix_force_admission_20260624/vanilla_mappo/seed_126/workload_126_metrics.json
    workload_seed=168: saved results/baseline_matrix_force_admission_20260624/vanilla_mappo/seed_126/workload_168_metrics.json
    workload_seed=210: saved results/baseline_matrix_force_admission_20260624/vanilla_mappo/seed_126/workload_210_metrics.json
    workload_seed=252: saved results/baseline_matrix_force_admission_20260624/vanilla_mappo/seed_126/workload_252_metrics.json
    workload_seed=294: saved results/baseline_matrix_force_admission_20260624/vanilla_mappo/seed_126/workload_294_metrics.json
    workload_seed=336: saved results/baseline_matrix_force_admission_20260624/vanilla_mappo/seed_126/workload_336_metrics.json
    workload_seed=378: saved results/baseline_matrix_force_admission_20260624/vanilla_mappo/seed_126/workload_378_metrics.json
    workload_seed=420: saved results/baseline_matrix_force_admission_20260624/vanilla_mappo/seed_126/workload_420_metrics.json

============================================================
Learning method: joint_mappo
============================================================
  seed=42: training once, then evaluating 10 pending workload seeds.
Traceback (most recent call last):
  File "/home/PengYanghan/Lunwen/wodexuexi/run_baseline_matrix_v2.py", line 335, in <module>
    main()
  File "/home/PengYanghan/Lunwen/wodexuexi/run_baseline_matrix_v2.py", line 326, in main
    run_learning_method(method, args.training_seeds, args.workload_seeds, args.train_episodes, args.eval_episodes, output_dir, args.resume, args.overwrite)
  File "/home/PengYanghan/Lunwen/wodexuexi/run_baseline_matrix_v2.py", line 249, in run_learning_method
    trajectory_model, offload_model, _ = train_learning_method(method, seed, train_episodes, output_dir)
                                         ^^^^^^^^^^^^^^^^^^^^^^^^^^^^^^^^^^^^^^^^^^^^^^^^^^^^^^^^^^^^^^^
  File "/home/PengYanghan/Lunwen/wodexuexi/run_baseline_matrix_v2.py", line 215, in train_learning_method
    summary = train_joint_mappo_baseline(train_episodes, seed, timestamp)
              ^^^^^^^^^^^^^^^^^^^^^^^^^^^^^^^^^^^^^^^^^^^^^^^^^^^^^^^^^^^
  File "/home/PengYanghan/Lunwen/wodexuexi/run_baseline_comparison_experiment.py", line 87, in train_joint_mappo_baseline
    from run_joint_end_to_end_mappo_experiment import train_joint_end_to_end_mappo
ModuleNotFoundError: No module named 'run_joint_end_to_end_mappo_experiment'
