[2026-06-04 16:53:02] START joint_mappo
threads=40

============================================================
Baseline: joint_mappo
Train episodes: 200
Eval episodes: 10
Seed: 42
Workload seed: 42
============================================================

[joint_mappo] Training Joint MAPPO for 200 episodes...

No GPU available, using CPU.

Configs saved to train_logs/joint_end_to_end_mappo/config_20260604_165303_joint_mappo.json

No GPU available, using CPU.


[joint_mappo] Evaluating for 10 episodes...
Baseline results saved to results/baseline_comparison/joint_mappo

============================================================
Results for joint_mappo:
============================================================
  reward: -9419.6628 ± 150.9030
  latency: 1420181.3666 ± 209082.8183
  energy: 54216009.5923 ± 19034650.0767
  energy_efficiency: 0.0001 ± 0.0000
  fairness: 0.5286 ± 0.1601
  offline_rate: 0.0000 ± 0.0000
  deadline_satisfaction_rate: 0.1745 ± 0.0599
  offloading_ratio_local: 0.3888 ± 0.1182
  offloading_ratio_cooperative: 0.3749 ± 0.0910
  offloading_ratio_mbs: 0.1911 ± 0.0677
  mbs_load_ratio: 0.0540 ± 0.0218

Results saved to: results/baseline_comparison/joint_mappo/metrics_seed_42_workload_42.json
[2026-06-04 17:39:57] DONE joint_mappo status=0
