[2026-06-04 16:53:02] START ippo
threads=40

============================================================
Baseline: ippo
Train episodes: 200
Eval episodes: 10
Seed: 42
Workload seed: 42
============================================================

[ippo] Training IPPO + shared offload model for 200 episodes...

No GPU available, using CPU.


No GPU available, using CPU.

Configs saved to train_logs/baseline_comparison/ippo/config_20260604_165303_ippo.json
Final models saved in: saved_models/ippo_baseline_20260604_165303_ippo/final


[ippo] Evaluating for 10 episodes...
Baseline results saved to results/baseline_comparison/ippo

============================================================
Results for ippo:
============================================================
  reward: -1437.4058 ± 954.4904
  latency: 776503.3149 ± 207645.7769
  energy: 55655950.5749 ± 6470472.0088
  energy_efficiency: 0.0001 ± 0.0000
  fairness: 0.9197 ± 0.1135
  offline_rate: 0.0110 ± 0.0266
  deadline_satisfaction_rate: 0.1987 ± 0.0270
  offloading_ratio_local: 0.4358 ± 0.0585
  offloading_ratio_cooperative: 0.5168 ± 0.0670
  offloading_ratio_mbs: 0.0471 ± 0.0237
  mbs_load_ratio: 0.0298 ± 0.0186

Results saved to: results/baseline_comparison/ippo/metrics_seed_42_workload_42.json
[2026-06-04 18:10:21] DONE ippo status=0
