[2026-06-04 16:53:02] START vanilla_mappo
threads=40

============================================================
Baseline: vanilla_mappo
Train episodes: 200
Eval episodes: 10
Seed: 42
Workload seed: 42
============================================================

[vanilla_mappo] Training hierarchical MAPPO for 200 episodes...

No GPU available, using CPU.


No GPU available, using CPU.

Configs saved to train_logs/hierarchical_mappo/config_20260604_165303_vanilla_mappo.json
Final models saved in: saved_models/vanilla_mappo_20260604_165303_vanilla_mappo/final


No GPU available, using CPU.


No GPU available, using CPU.


[vanilla_mappo] Evaluating for 10 episodes...
Baseline results saved to results/baseline_comparison/vanilla_mappo

============================================================
Results for vanilla_mappo:
============================================================
  reward: -1005.4261 ± 409.6145
  latency: 935130.8235 ± 209788.1122
  energy: 50103091.0130 ± 10254954.2362
  energy_efficiency: 0.0001 ± 0.0000
  fairness: 0.9181 ± 0.0986
  offline_rate: 0.0030 ± 0.0090
  deadline_satisfaction_rate: 0.1933 ± 0.0223
  offloading_ratio_local: 0.7426 ± 0.1160
  offloading_ratio_cooperative: 0.2375 ± 0.1176
  offloading_ratio_mbs: 0.0189 ± 0.0106
  mbs_load_ratio: 0.0090 ± 0.0040

Results saved to: results/baseline_comparison/vanilla_mappo/metrics_seed_42_workload_42.json
[2026-06-04 18:05:10] DONE vanilla_mappo status=0
