This is XeTeX, Version 3.141592653-2.6-0.999994 (TeX Live 2022) (preloaded format=xelatex 2026.5.29)  4 JUN 2026 19:05
entering extended mode
 restricted \write18 enabled.
 %&-line parsing enabled.
**/home/PengYanghan/Lunwen/wodexuexi/latex/main.tex
(/home/PengYanghan/Lunwen/wodexuexi/latex/main.tex
LaTeX2e <2022-11-01> patch level 1
L3 programming layer <2023-02-22>

! LaTeX Error: File `sysuthesis.cls' not found.

Type X to quit or <RETURN> to proceed,
or enter new name. (Default extension: cls)

Enter file name: 
! Emergency stop.
<read *> 
         
l.13 ^^M
        
*** (cannot \read from terminal in nonstop modes)

 
Here is how much of TeX's memory you used:
 23 strings out of 478201
 508 string characters out of 5835835
 1842018 words of memory out of 5000000
 20278 multiletter control sequences out of 15000+600000
 512287 words of font info for 32 fonts, out of 8000000 for 9000
 319 hyphenation exceptions out of 8191
 19i,0n,29p,104b,17s stack positions out of 10000i,1000n,20000p,200000b,200000s
No pages of output.
