\BOOKMARK [0][]{sysuchapter.1.0}{\376\377\134\001\227\142}{}% 1
\BOOKMARK [0][]{sysuchapter.2.0}{\376\377\170\024\172\166\165\037\123\237\122\033\140\047\124\214\143\210\147\103\117\177\165\050\130\360\146\016}{}% 2
\BOOKMARK [0][]{sysuchapter.3.0}{\376\377\144\130\211\201}{}% 3
\BOOKMARK [0][]{sysuchapter.4.0}{\376\377\000A\000B\000S\000T\000R\000A\000C\000T}{}% 4
\BOOKMARK [0][]{sysuchapter.5.0}{\376\377\166\356\000\040\137\125}{}% 5
\BOOKMARK [0][]{sysuchapter.6.0}{\376\377\143\322\126\376\166\356\137\125}{}% 6
\BOOKMARK [0][]{sysuchapter.7.0}{\376\377\226\104\210\150\166\356\137\125}{}% 7
\BOOKMARK [0][]{sysuchapter.8.0}{\376\377\173\046\123\367\213\364\146\016}{}% 8
\BOOKMARK [0][]{chapter.1}{\376\377\173\054\0001\172\340\000\040\176\352\213\272}{}% 9
\BOOKMARK [1][-]{section.1.1}{\376\377\0001\000.\0001\000\040\170\024\172\166\200\314\146\157\116\016\141\017\116\111}{chapter.1}% 10
\BOOKMARK [1][-]{section.1.2}{\376\377\0001\000.\0002\000\040\126\375\121\205\131\026\170\024\172\166\163\260\162\266}{chapter.1}% 11
\BOOKMARK [2][-]{subsection.1.2.1}{\376\377\0001\000.\0002\000.\0001\000\040\117\040\176\337\117\030\123\026\145\271\154\325\170\024\172\166\163\260\162\266}{section.1.2}% 12
\BOOKMARK [2][-]{subsection.1.2.2}{\376\377\0001\000.\0002\000.\0002\000\040\155\361\136\246\137\072\123\026\133\146\116\140\145\271\154\325\170\024\172\166\163\260\162\266}{section.1.2}% 13
\BOOKMARK [2][-]{subsection.1.2.3}{\376\377\0001\000.\0002\000.\0003\000\040\131\032\146\172\200\375\117\123\137\072\123\026\133\146\116\140\145\271\154\325\170\024\172\166\163\260\162\266}{section.1.2}% 14
\BOOKMARK [2][-]{subsection.1.2.4}{\376\377\0001\000.\0002\000.\0004\000\040\163\260\147\011\170\024\172\166\166\204\134\100\226\120\140\047}{section.1.2}% 15
\BOOKMARK [1][-]{section.1.3}{\376\377\0001\000.\0003\000\040\170\024\172\166\121\205\133\271\123\312\215\041\163\056}{chapter.1}% 16
\BOOKMARK [1][-]{section.1.4}{\376\377\0001\000.\0004\000\040\213\272\145\207\176\304\176\307\176\323\147\204}{chapter.1}% 17
\BOOKMARK [1][-]{section.1.5}{\376\377\0001\000.\0005\000\040\147\054\172\340\134\017\176\323}{chapter.1}% 18
\BOOKMARK [0][]{chapter.2}{\376\377\173\054\0002\172\340\000\040\166\370\121\163\142\200\147\057\173\200\116\313}{}% 19
\BOOKMARK [1][-]{section.2.1}{\376\377\0002\000.\0001\000\040\145\340\116\272\147\072\217\205\122\251\171\373\122\250\217\271\177\030\213\241\173\227\142\200\147\057}{chapter.2}% 20
\BOOKMARK [2][-]{subsection.2.1.1}{\376\377\0002\000.\0001\000.\0001\000\040\171\373\122\250\217\271\177\030\213\241\173\227\151\202\217\360}{section.2.1}% 21
\BOOKMARK [2][-]{subsection.2.1.2}{\376\377\0002\000.\0001\000.\0002\000\040\145\340\116\272\147\072\217\205\122\251\220\032\117\341\116\016\213\241\173\227}{section.2.1}% 22
\BOOKMARK [2][-]{subsection.2.1.3}{\376\377\0002\000.\0001\000.\0003\000\040\116\373\122\241\123\170\217\175\142\200\147\057}{section.2.1}% 23
\BOOKMARK [1][-]{section.2.2}{\376\377\0002\000.\0002\000\040\131\032\146\172\200\375\117\123\137\072\123\026\133\146\116\140\142\200\147\057}{chapter.2}% 24
\BOOKMARK [2][-]{subsection.2.2.1}{\376\377\0002\000.\0002\000.\0001\000\040\137\072\123\026\133\146\116\140\127\372\170\100}{section.2.2}% 25
\BOOKMARK [2][-]{subsection.2.2.2}{\376\377\0002\000.\0002\000.\0002\000\040\131\032\146\172\200\375\117\123\137\072\123\026\133\146\116\140\151\202\217\360}{section.2.2}% 26
\BOOKMARK [2][-]{subsection.2.2.3}{\376\377\0002\000.\0002\000.\0003\000\040\000M\000A\000P\000P\000O\000\040\173\227\154\325\116\313\176\315}{section.2.2}% 27
\BOOKMARK [1][-]{section.2.3}{\376\377\0002\000.\0003\000\040\154\350\141\017\122\233\147\072\122\066}{chapter.2}% 28
\BOOKMARK [1][-]{section.2.4}{\376\377\0002\000.\0004\000\040\147\054\172\340\134\017\176\323}{chapter.2}% 29
\BOOKMARK [0][]{chapter.3}{\376\377\173\054\0003\172\340\000\040\145\340\116\272\147\072\217\205\122\251\000\040\000M\000E\000C\000\040\174\373\176\337\116\055\166\204\217\150\217\371\116\016\116\373\122\241\123\170\217\175\123\117\124\014\117\030\123\026\173\227\154\325}{}% 30
\BOOKMARK [1][-]{section.3.1}{\376\377\0003\000.\0001\000\040\174\373\176\337\152\041\127\213\116\016\225\356\230\230\136\372\152\041}{chapter.3}% 31
\BOOKMARK [2][-]{subsection.3.1.1}{\376\377\0003\000.\0001\000.\0001\000\040\177\121\176\334\116\016\145\366\226\231\152\041\127\213}{section.3.1}% 32
\BOOKMARK [2][-]{subsection.3.1.2}{\376\377\0003\000.\0001\000.\0002\000\040\220\032\117\341\224\376\215\357\152\041\127\213}{section.3.1}% 33
\BOOKMARK [2][-]{subsection.3.1.3}{\376\377\0003\000.\0001\000.\0003\000\040\213\367\154\102\165\037\142\020\116\016\123\170\217\175\121\263\173\126}{section.3.1}% 34
\BOOKMARK [2][-]{subsection.3.1.4}{\376\377\0003\000.\0001\000.\0004\000\040\145\366\136\366\116\016\200\375\200\027\152\041\127\213}{section.3.1}% 35
\BOOKMARK [2][-]{subsection.3.1.5}{\376\377\0003\000.\0001\000.\0005\000\040\165\065\154\140\060\001\145\340\176\277\200\375\221\317\117\040\217\223\116\016\230\336\210\114\200\375\200\027\152\041\127\213}{section.3.1}% 36
\BOOKMARK [2][-]{subsection.3.1.6}{\376\377\0003\000.\0001\000.\0006\000\040\117\030\123\026\166\356\150\007\116\016\176\246\147\137\147\141\116\366}{section.3.1}% 37
\BOOKMARK [1][-]{section.3.2}{\376\377\0003\000.\0002\000\040\127\372\116\216\000\040\000A\000t\000t\000e\000n\000t\000i\000o\000n\000-\000M\000A\000P\000P\000O\000\040\166\204\123\314\134\102\123\117\124\014\117\030\123\026\173\227\154\325}{chapter.3}% 38
\BOOKMARK [2][-]{subsection.3.2.1}{\376\377\0003\000.\0002\000.\0001\000\040\145\164\117\123\150\106\147\266}{section.3.2}% 39
\BOOKMARK [2][-]{subsection.3.2.2}{\376\377\0003\000.\0002\000.\0002\000\040\116\012\134\102\000\040\000a\000t\000t\000e\000n\000t\000i\000o\000n\000-\000M\000A\000P\000P\000O\000\040\217\150\217\371\143\247\122\066}{section.3.2}% 40
\BOOKMARK [2][-]{subsection.3.2.3}{\376\377\0003\000.\0002\000.\0003\000\040\116\013\134\102\000\040\000c\000o\000n\000s\000t\000r\000a\000i\000n\000e\000d\000\040\000a\000t\000t\000e\000n\000t\000i\000o\000n\000\040\000o\000f\000f\000l\000o\000a\000d\000\040\000M\000A\000P\000P\000O}{section.3.2}% 41
\BOOKMARK [2][-]{subsection.3.2.4}{\376\377\0003\000.\0002\000.\0004\000\040\215\050\221\317\141\037\167\345\122\250\117\134\000\040\000M\000a\000s\000k}{section.3.2}% 42
\BOOKMARK [2][-]{subsection.3.2.5}{\376\377\0003\000.\0002\000.\0005\000\040\000L\000a\000g\000r\000a\000n\000g\000e\000\040\176\246\147\137\147\072\122\066}{section.3.2}% 43
\BOOKMARK [2][-]{subsection.3.2.6}{\376\377\0003\000.\0002\000.\0006\000\040\131\126\122\261\121\375\145\160\213\276\213\241}{section.3.2}% 44
\BOOKMARK [2][-]{subsection.3.2.7}{\376\377\0003\000.\0002\000.\0007\000\040\131\015\147\102\136\246\122\006\147\220}{section.3.2}% 45
\BOOKMARK [1][-]{section.3.3}{\376\377\0003\000.\0003\000\040\116\377\167\037\213\276\177\156\116\016\140\047\200\375\213\304\117\060}{chapter.3}% 46
\BOOKMARK [2][-]{subsection.3.3.1}{\376\377\0003\000.\0003\000.\0001\000\040\116\377\167\037\163\257\130\203\060\001\133\371\153\324\145\271\154\325\116\016\213\304\116\367\143\007\150\007}{section.3.3}% 47
\BOOKMARK [2][-]{subsection.3.3.2}{\376\377\0003\000.\0003\000.\0002\000\040\116\073\133\236\232\214\176\323\147\234\116\016\122\006\134\102\215\041\163\056\122\006\147\220}{section.3.3}% 48
\BOOKMARK [2][-]{subsection.3.3.3}{\376\377\0003\000.\0003\000.\0003\000\040\217\150\217\371\116\016\123\170\217\175\210\114\116\072\122\006\147\220}{section.3.3}% 49
\BOOKMARK [2][-]{subsection.3.3.4}{\376\377\0003\000.\0003\000.\0004\000\040\155\210\207\215\133\236\232\214\116\016\172\357\122\060\172\357\000\040\000b\000a\000s\000e\000l\000i\000n\000e\000\040\133\371\153\324}{section.3.3}% 50
\BOOKMARK [2][-]{subsection.3.3.5}{\376\377\0003\000.\0003\000.\0005\000\040\123\302\145\160\145\117\141\037\140\047\116\016\000\040\000D\000S\000R\000-\000p\000r\000i\000o\000r\000i\000t\000y\000\040\221\115\177\156}{section.3.3}% 51
\BOOKMARK [2][-]{subsection.3.3.6}{\376\377\0003\000.\0003\000.\0006\000\040\133\236\232\214\213\250\213\272}{section.3.3}% 52
\BOOKMARK [1][-]{section.3.4}{\376\377\0003\000.\0004\000\040\147\054\172\340\134\017\176\323}{chapter.3}% 53
\BOOKMARK [0][]{chapter.4}{\376\377\173\054\0004\172\340\000\040\140\073\176\323\116\016\134\125\147\033}{}% 54
\BOOKMARK [1][-]{section.4.1}{\376\377\0004\000.\0001\000\040\135\345\117\134\140\073\176\323}{chapter.4}% 55
\BOOKMARK [1][-]{section.4.2}{\376\377\0004\000.\0002\000\040\147\052\147\145\134\125\147\033}{chapter.4}% 56
\BOOKMARK [1][-]{section.4.3}{\376\377\0004\000.\0003\000\040\147\054\172\340\134\017\176\323}{chapter.4}% 57
\BOOKMARK [0][]{chapter*.44}{\376\377\123\302\200\003\145\207\163\056}{}% 58
\BOOKMARK [0][]{appendix.A}{\376\377\226\104\137\125\000\040\000A\000\040\210\145\121\105\147\120\145\231}{}% 59
\BOOKMARK [1][-]{section.A.1}{\376\377\000A\000.\0001\000\040\210\145\121\105\172\340\202\202}{appendix.A}% 60
\BOOKMARK [2][-]{subsection.A.1.1}{\376\377\000A\000.\0001\000.\0001\000\040\210\145\121\105\126\376}{section.A.1}% 61
\BOOKMARK [0][]{appendix*.46}{\376\377\201\364\214\042}{}% 62
\BOOKMARK [0][]{appendix*.47}{\376\377\127\050\213\373\147\037\225\364\123\326\137\227\166\204\171\321\170\024\142\020\147\234}{}% 63
