bash: warning: setlocale: LC_ALL: cannot change locale (C.UTF-8)
==========================================
Baseline Matrix v2 Experiment
Start time: 2026-06-06 18:24:27
==========================================

==========================================
Phase 1: Smoke Test
==========================================
bash: warning: setlocale: LC_ALL: cannot change locale (C.UTF-8)
==========================================
Baseline Matrix v2 Experiment
Start time: 2026-06-06 18:25:17
==========================================

==========================================
Phase 1: Smoke Test
==========================================

============================================================
Baseline Matrix v2 Experiment
Methods: ['proposed', 'random']
Training seeds: [42]
Workload seeds: [42]
Train episodes: 2
Eval episodes: 1
Output dir: results/baseline_matrix_v2_smoke
Resume: False; overwrite: True
============================================================


============================================================
Learning method: proposed
============================================================
  seed=42: training once, then evaluating 1 pending workload seeds.

No GPU available, using CPU.


No GPU available, using CPU.

Configs saved to train_logs/hierarchical_mappo/config_baseline_matrix_v2_proposed_seed42_20260606_182518.json
Final models saved in: saved_models/attention_mappo_baseline_matrix_v2_proposed_seed42_20260606_182518/final


No GPU available, using CPU.


No GPU available, using CPU.

    workload_seed=42: saved results/baseline_matrix_v2_smoke/proposed/seed_42/workload_42_metrics.json

============================================================
Non-learning method: random
============================================================

No GPU available, using CPU.

  workload_seed=42: saved results/baseline_matrix_v2_smoke/random/workload_42_metrics.json

============================================================
All experiments completed at 2026-06-06T18:26:45.084744
============================================================
Loaded methods: proposed, random
  proposed: N=1
  random: N=1
Statistics saved to results/baseline_matrix_v2_smoke/statistics.json
Summary table saved to results/baseline_matrix_v2_smoke/summary_table.tsv
Report saved to results/baseline_matrix_v2_smoke/report.md
Smoke test passed.

==========================================
Phase 2: Full Experiment
==========================================

============================================================
Baseline Matrix v2 Experiment
Methods: ['random', 'uniform', 'ippo', 'vanilla_mappo', 'joint_mappo', 'proposed']
Training seeds: [42, 84, 126]
Workload seeds: [42, 84, 126, 168, 210, 252, 294, 336, 378, 420]
Train episodes: 200
Eval episodes: 6
Output dir: results/baseline_matrix_v2
Resume: True; overwrite: False
============================================================


============================================================
Learning method: ippo
============================================================
  seed=42: training once, then evaluating 10 pending workload seeds.

No GPU available, using CPU.


No GPU available, using CPU.

Configs saved to train_logs/baseline_comparison/ippo/config_baseline_matrix_v2_ippo_seed42_20260606_182647.json
Final models saved in: saved_models/ippo_baseline_baseline_matrix_v2_ippo_seed42_20260606_182647/final

    workload_seed=42: saved results/baseline_matrix_v2/ippo/seed_42/workload_42_metrics.json
    workload_seed=84: saved results/baseline_matrix_v2/ippo/seed_42/workload_84_metrics.json
    workload_seed=126: saved results/baseline_matrix_v2/ippo/seed_42/workload_126_metrics.json
    workload_seed=168: saved results/baseline_matrix_v2/ippo/seed_42/workload_168_metrics.json
    workload_seed=210: saved results/baseline_matrix_v2/ippo/seed_42/workload_210_metrics.json
    workload_seed=252: saved results/baseline_matrix_v2/ippo/seed_42/workload_252_metrics.json
    workload_seed=294: saved results/baseline_matrix_v2/ippo/seed_42/workload_294_metrics.json
    workload_seed=336: saved results/baseline_matrix_v2/ippo/seed_42/workload_336_metrics.json
    workload_seed=378: saved results/baseline_matrix_v2/ippo/seed_42/workload_378_metrics.json
    workload_seed=420: saved results/baseline_matrix_v2/ippo/seed_42/workload_420_metrics.json
  seed=84: training once, then evaluating 10 pending workload seeds.

No GPU available, using CPU.


No GPU available, using CPU.

Configs saved to train_logs/baseline_comparison/ippo/config_baseline_matrix_v2_ippo_seed84_20260606_200403.json
Final models saved in: saved_models/ippo_baseline_baseline_matrix_v2_ippo_seed84_20260606_200403/final

    workload_seed=42: saved results/baseline_matrix_v2/ippo/seed_84/workload_42_metrics.json
    workload_seed=84: saved results/baseline_matrix_v2/ippo/seed_84/workload_84_metrics.json
    workload_seed=126: saved results/baseline_matrix_v2/ippo/seed_84/workload_126_metrics.json
    workload_seed=168: saved results/baseline_matrix_v2/ippo/seed_84/workload_168_metrics.json
    workload_seed=210: saved results/baseline_matrix_v2/ippo/seed_84/workload_210_metrics.json
    workload_seed=252: saved results/baseline_matrix_v2/ippo/seed_84/workload_252_metrics.json
    workload_seed=294: saved results/baseline_matrix_v2/ippo/seed_84/workload_294_metrics.json
    workload_seed=336: saved results/baseline_matrix_v2/ippo/seed_84/workload_336_metrics.json
    workload_seed=378: saved results/baseline_matrix_v2/ippo/seed_84/workload_378_metrics.json
    workload_seed=420: saved results/baseline_matrix_v2/ippo/seed_84/workload_420_metrics.json
  seed=126: training once, then evaluating 10 pending workload seeds.

No GPU available, using CPU.


No GPU available, using CPU.

Configs saved to train_logs/baseline_comparison/ippo/config_baseline_matrix_v2_ippo_seed126_20260606_214252.json
Final models saved in: saved_models/ippo_baseline_baseline_matrix_v2_ippo_seed126_20260606_214252/final

    workload_seed=42: saved results/baseline_matrix_v2/ippo/seed_126/workload_42_metrics.json
    workload_seed=84: saved results/baseline_matrix_v2/ippo/seed_126/workload_84_metrics.json
    workload_seed=126: saved results/baseline_matrix_v2/ippo/seed_126/workload_126_metrics.json
    workload_seed=168: saved results/baseline_matrix_v2/ippo/seed_126/workload_168_metrics.json
    workload_seed=210: saved results/baseline_matrix_v2/ippo/seed_126/workload_210_metrics.json
    workload_seed=252: saved results/baseline_matrix_v2/ippo/seed_126/workload_252_metrics.json
    workload_seed=294: saved results/baseline_matrix_v2/ippo/seed_126/workload_294_metrics.json
    workload_seed=336: saved results/baseline_matrix_v2/ippo/seed_126/workload_336_metrics.json
    workload_seed=378: saved results/baseline_matrix_v2/ippo/seed_126/workload_378_metrics.json
    workload_seed=420: saved results/baseline_matrix_v2/ippo/seed_126/workload_420_metrics.json

============================================================
Learning method: vanilla_mappo
============================================================
  seed=42: training once, then evaluating 10 pending workload seeds.

No GPU available, using CPU.


No GPU available, using CPU.

Configs saved to train_logs/hierarchical_mappo/config_baseline_matrix_v2_vanilla_mappo_seed42_20260606_231447.json
Final models saved in: saved_models/vanilla_mappo_baseline_matrix_v2_vanilla_mappo_seed42_20260606_231447/final


No GPU available, using CPU.


No GPU available, using CPU.

    workload_seed=42: saved results/baseline_matrix_v2/vanilla_mappo/seed_42/workload_42_metrics.json
    workload_seed=84: saved results/baseline_matrix_v2/vanilla_mappo/seed_42/workload_84_metrics.json
    workload_seed=126: saved results/baseline_matrix_v2/vanilla_mappo/seed_42/workload_126_metrics.json
    workload_seed=168: saved results/baseline_matrix_v2/vanilla_mappo/seed_42/workload_168_metrics.json
    workload_seed=210: saved results/baseline_matrix_v2/vanilla_mappo/seed_42/workload_210_metrics.json
    workload_seed=252: saved results/baseline_matrix_v2/vanilla_mappo/seed_42/workload_252_metrics.json
    workload_seed=294: saved results/baseline_matrix_v2/vanilla_mappo/seed_42/workload_294_metrics.json
    workload_seed=336: saved results/baseline_matrix_v2/vanilla_mappo/seed_42/workload_336_metrics.json
    workload_seed=378: saved results/baseline_matrix_v2/vanilla_mappo/seed_42/workload_378_metrics.json
    workload_seed=420: saved results/baseline_matrix_v2/vanilla_mappo/seed_42/workload_420_metrics.json
  seed=84: training once, then evaluating 10 pending workload seeds.

No GPU available, using CPU.


No GPU available, using CPU.

Configs saved to train_logs/hierarchical_mappo/config_baseline_matrix_v2_vanilla_mappo_seed84_20260607_005107.json
Final models saved in: saved_models/vanilla_mappo_baseline_matrix_v2_vanilla_mappo_seed84_20260607_005107/final


No GPU available, using CPU.


No GPU available, using CPU.

    workload_seed=42: saved results/baseline_matrix_v2/vanilla_mappo/seed_84/workload_42_metrics.json
    workload_seed=84: saved results/baseline_matrix_v2/vanilla_mappo/seed_84/workload_84_metrics.json
    workload_seed=126: saved results/baseline_matrix_v2/vanilla_mappo/seed_84/workload_126_metrics.json
    workload_seed=168: saved results/baseline_matrix_v2/vanilla_mappo/seed_84/workload_168_metrics.json
    workload_seed=210: saved results/baseline_matrix_v2/vanilla_mappo/seed_84/workload_210_metrics.json
    workload_seed=252: saved results/baseline_matrix_v2/vanilla_mappo/seed_84/workload_252_metrics.json
    workload_seed=294: saved results/baseline_matrix_v2/vanilla_mappo/seed_84/workload_294_metrics.json
    workload_seed=336: saved results/baseline_matrix_v2/vanilla_mappo/seed_84/workload_336_metrics.json
    workload_seed=378: saved results/baseline_matrix_v2/vanilla_mappo/seed_84/workload_378_metrics.json
    workload_seed=420: saved results/baseline_matrix_v2/vanilla_mappo/seed_84/workload_420_metrics.json
  seed=126: training once, then evaluating 10 pending workload seeds.

No GPU available, using CPU.


No GPU available, using CPU.

Configs saved to train_logs/hierarchical_mappo/config_baseline_matrix_v2_vanilla_mappo_seed126_20260607_022958.json
Final models saved in: saved_models/vanilla_mappo_baseline_matrix_v2_vanilla_mappo_seed126_20260607_022958/final


No GPU available, using CPU.


No GPU available, using CPU.

    workload_seed=42: saved results/baseline_matrix_v2/vanilla_mappo/seed_126/workload_42_metrics.json
    workload_seed=84: saved results/baseline_matrix_v2/vanilla_mappo/seed_126/workload_84_metrics.json
    workload_seed=126: saved results/baseline_matrix_v2/vanilla_mappo/seed_126/workload_126_metrics.json
    workload_seed=168: saved results/baseline_matrix_v2/vanilla_mappo/seed_126/workload_168_metrics.json
    workload_seed=210: saved results/baseline_matrix_v2/vanilla_mappo/seed_126/workload_210_metrics.json
    workload_seed=252: saved results/baseline_matrix_v2/vanilla_mappo/seed_126/workload_252_metrics.json
    workload_seed=294: saved results/baseline_matrix_v2/vanilla_mappo/seed_126/workload_294_metrics.json
    workload_seed=336: saved results/baseline_matrix_v2/vanilla_mappo/seed_126/workload_336_metrics.json
    workload_seed=378: saved results/baseline_matrix_v2/vanilla_mappo/seed_126/workload_378_metrics.json
    workload_seed=420: saved results/baseline_matrix_v2/vanilla_mappo/seed_126/workload_420_metrics.json

============================================================
Learning method: joint_mappo
============================================================
  seed=42: training once, then evaluating 10 pending workload seeds.

No GPU available, using CPU.

Configs saved to train_logs/joint_end_to_end_mappo/config_baseline_matrix_v2_joint_mappo_seed42_20260607_040342.json

No GPU available, using CPU.

    workload_seed=42: saved results/baseline_matrix_v2/joint_mappo/seed_42/workload_42_metrics.json
    workload_seed=84: saved results/baseline_matrix_v2/joint_mappo/seed_42/workload_84_metrics.json
    workload_seed=126: saved results/baseline_matrix_v2/joint_mappo/seed_42/workload_126_metrics.json
    workload_seed=168: saved results/baseline_matrix_v2/joint_mappo/seed_42/workload_168_metrics.json
    workload_seed=210: saved results/baseline_matrix_v2/joint_mappo/seed_42/workload_210_metrics.json
    workload_seed=252: saved results/baseline_matrix_v2/joint_mappo/seed_42/workload_252_metrics.json
    workload_seed=294: saved results/baseline_matrix_v2/joint_mappo/seed_42/workload_294_metrics.json
    workload_seed=336: saved results/baseline_matrix_v2/joint_mappo/seed_42/workload_336_metrics.json
    workload_seed=378: saved results/baseline_matrix_v2/joint_mappo/seed_42/workload_378_metrics.json
    workload_seed=420: saved results/baseline_matrix_v2/joint_mappo/seed_42/workload_420_metrics.json
  seed=84: training once, then evaluating 10 pending workload seeds.

No GPU available, using CPU.

Configs saved to train_logs/joint_end_to_end_mappo/config_baseline_matrix_v2_joint_mappo_seed84_20260607_045627.json

No GPU available, using CPU.

    workload_seed=42: saved results/baseline_matrix_v2/joint_mappo/seed_84/workload_42_metrics.json
    workload_seed=84: saved results/baseline_matrix_v2/joint_mappo/seed_84/workload_84_metrics.json
    workload_seed=126: saved results/baseline_matrix_v2/joint_mappo/seed_84/workload_126_metrics.json
    workload_seed=168: saved results/baseline_matrix_v2/joint_mappo/seed_84/workload_168_metrics.json
    workload_seed=210: saved results/baseline_matrix_v2/joint_mappo/seed_84/workload_210_metrics.json
    workload_seed=252: saved results/baseline_matrix_v2/joint_mappo/seed_84/workload_252_metrics.json
    workload_seed=294: saved results/baseline_matrix_v2/joint_mappo/seed_84/workload_294_metrics.json
    workload_seed=336: saved results/baseline_matrix_v2/joint_mappo/seed_84/workload_336_metrics.json
    workload_seed=378: saved results/baseline_matrix_v2/joint_mappo/seed_84/workload_378_metrics.json
    workload_seed=420: saved results/baseline_matrix_v2/joint_mappo/seed_84/workload_420_metrics.json
  seed=126: training once, then evaluating 10 pending workload seeds.

No GPU available, using CPU.

Configs saved to train_logs/joint_end_to_end_mappo/config_baseline_matrix_v2_joint_mappo_seed126_20260607_054755.json

No GPU available, using CPU.

    workload_seed=42: saved results/baseline_matrix_v2/joint_mappo/seed_126/workload_42_metrics.json
    workload_seed=84: saved results/baseline_matrix_v2/joint_mappo/seed_126/workload_84_metrics.json
    workload_seed=126: saved results/baseline_matrix_v2/joint_mappo/seed_126/workload_126_metrics.json
    workload_seed=168: saved results/baseline_matrix_v2/joint_mappo/seed_126/workload_168_metrics.json
    workload_seed=210: saved results/baseline_matrix_v2/joint_mappo/seed_126/workload_210_metrics.json
    workload_seed=252: saved results/baseline_matrix_v2/joint_mappo/seed_126/workload_252_metrics.json
    workload_seed=294: saved results/baseline_matrix_v2/joint_mappo/seed_126/workload_294_metrics.json
    workload_seed=336: saved results/baseline_matrix_v2/joint_mappo/seed_126/workload_336_metrics.json
    workload_seed=378: saved results/baseline_matrix_v2/joint_mappo/seed_126/workload_378_metrics.json
    workload_seed=420: saved results/baseline_matrix_v2/joint_mappo/seed_126/workload_420_metrics.json

============================================================
Learning method: proposed
============================================================
  seed=42: training once, then evaluating 10 pending workload seeds.

No GPU available, using CPU.


No GPU available, using CPU.

Configs saved to train_logs/hierarchical_mappo/config_baseline_matrix_v2_proposed_seed42_20260607_063617.json
Final models saved in: saved_models/attention_mappo_baseline_matrix_v2_proposed_seed42_20260607_063617/final


No GPU available, using CPU.


No GPU available, using CPU.

    workload_seed=42: saved results/baseline_matrix_v2/proposed/seed_42/workload_42_metrics.json
    workload_seed=84: saved results/baseline_matrix_v2/proposed/seed_42/workload_84_metrics.json
    workload_seed=126: saved results/baseline_matrix_v2/proposed/seed_42/workload_126_metrics.json
    workload_seed=168: saved results/baseline_matrix_v2/proposed/seed_42/workload_168_metrics.json
    workload_seed=210: saved results/baseline_matrix_v2/proposed/seed_42/workload_210_metrics.json
    workload_seed=252: saved results/baseline_matrix_v2/proposed/seed_42/workload_252_metrics.json
    workload_seed=294: saved results/baseline_matrix_v2/proposed/seed_42/workload_294_metrics.json
    workload_seed=336: saved results/baseline_matrix_v2/proposed/seed_42/workload_336_metrics.json
    workload_seed=378: saved results/baseline_matrix_v2/proposed/seed_42/workload_378_metrics.json
    workload_seed=420: saved results/baseline_matrix_v2/proposed/seed_42/workload_420_metrics.json
  seed=84: training once, then evaluating 10 pending workload seeds.

No GPU available, using CPU.


No GPU available, using CPU.

Configs saved to train_logs/hierarchical_mappo/config_baseline_matrix_v2_proposed_seed84_20260607_081351.json
Final models saved in: saved_models/attention_mappo_baseline_matrix_v2_proposed_seed84_20260607_081351/final


No GPU available, using CPU.


No GPU available, using CPU.

    workload_seed=42: saved results/baseline_matrix_v2/proposed/seed_84/workload_42_metrics.json
    workload_seed=84: saved results/baseline_matrix_v2/proposed/seed_84/workload_84_metrics.json
    workload_seed=126: saved results/baseline_matrix_v2/proposed/seed_84/workload_126_metrics.json
    workload_seed=168: saved results/baseline_matrix_v2/proposed/seed_84/workload_168_metrics.json
    workload_seed=210: saved results/baseline_matrix_v2/proposed/seed_84/workload_210_metrics.json
    workload_seed=252: saved results/baseline_matrix_v2/proposed/seed_84/workload_252_metrics.json
    workload_seed=294: saved results/baseline_matrix_v2/proposed/seed_84/workload_294_metrics.json
    workload_seed=336: saved results/baseline_matrix_v2/proposed/seed_84/workload_336_metrics.json
    workload_seed=378: saved results/baseline_matrix_v2/proposed/seed_84/workload_378_metrics.json
    workload_seed=420: saved results/baseline_matrix_v2/proposed/seed_84/workload_420_metrics.json
  seed=126: training once, then evaluating 10 pending workload seeds.

No GPU available, using CPU.


No GPU available, using CPU.

Configs saved to train_logs/hierarchical_mappo/config_baseline_matrix_v2_proposed_seed126_20260607_095302.json
Final models saved in: saved_models/attention_mappo_baseline_matrix_v2_proposed_seed126_20260607_095302/final


No GPU available, using CPU.


No GPU available, using CPU.

    workload_seed=42: saved results/baseline_matrix_v2/proposed/seed_126/workload_42_metrics.json
    workload_seed=84: saved results/baseline_matrix_v2/proposed/seed_126/workload_84_metrics.json
    workload_seed=126: saved results/baseline_matrix_v2/proposed/seed_126/workload_126_metrics.json
    workload_seed=168: saved results/baseline_matrix_v2/proposed/seed_126/workload_168_metrics.json
    workload_seed=210: saved results/baseline_matrix_v2/proposed/seed_126/workload_210_metrics.json
    workload_seed=252: saved results/baseline_matrix_v2/proposed/seed_126/workload_252_metrics.json
    workload_seed=294: saved results/baseline_matrix_v2/proposed/seed_126/workload_294_metrics.json
    workload_seed=336: saved results/baseline_matrix_v2/proposed/seed_126/workload_336_metrics.json
    workload_seed=378: saved results/baseline_matrix_v2/proposed/seed_126/workload_378_metrics.json
    workload_seed=420: saved results/baseline_matrix_v2/proposed/seed_126/workload_420_metrics.json

============================================================
Non-learning method: random
============================================================

No GPU available, using CPU.

  workload_seed=42: saved results/baseline_matrix_v2/random/workload_42_metrics.json
  workload_seed=84: saved results/baseline_matrix_v2/random/workload_84_metrics.json
  workload_seed=126: saved results/baseline_matrix_v2/random/workload_126_metrics.json
  workload_seed=168: saved results/baseline_matrix_v2/random/workload_168_metrics.json
  workload_seed=210: saved results/baseline_matrix_v2/random/workload_210_metrics.json
  workload_seed=252: saved results/baseline_matrix_v2/random/workload_252_metrics.json
  workload_seed=294: saved results/baseline_matrix_v2/random/workload_294_metrics.json
  workload_seed=336: saved results/baseline_matrix_v2/random/workload_336_metrics.json
  workload_seed=378: saved results/baseline_matrix_v2/random/workload_378_metrics.json
  workload_seed=420: saved results/baseline_matrix_v2/random/workload_420_metrics.json

============================================================
Non-learning method: uniform
============================================================

No GPU available, using CPU.

  workload_seed=42: saved results/baseline_matrix_v2/uniform/workload_42_metrics.json
  workload_seed=84: saved results/baseline_matrix_v2/uniform/workload_84_metrics.json
  workload_seed=126: saved results/baseline_matrix_v2/uniform/workload_126_metrics.json
  workload_seed=168: saved results/baseline_matrix_v2/uniform/workload_168_metrics.json
  workload_seed=210: saved results/baseline_matrix_v2/uniform/workload_210_metrics.json
  workload_seed=252: saved results/baseline_matrix_v2/uniform/workload_252_metrics.json
  workload_seed=294: saved results/baseline_matrix_v2/uniform/workload_294_metrics.json
  workload_seed=336: saved results/baseline_matrix_v2/uniform/workload_336_metrics.json
  workload_seed=378: saved results/baseline_matrix_v2/uniform/workload_378_metrics.json
  workload_seed=420: saved results/baseline_matrix_v2/uniform/workload_420_metrics.json

============================================================
All experiments completed at 2026-06-07T11:57:48.011168
============================================================
Full experiment completed.

==========================================
Phase 3: Statistical Analysis
==========================================
Loaded methods: ippo, vanilla_mappo, joint_mappo, proposed, random, uniform
  ippo: N=30
  vanilla_mappo: N=30
  joint_mappo: N=30
  proposed: N=30
  random: N=10
  uniform: N=10
Statistics saved to results/baseline_matrix_v2/statistics.json
Summary table saved to results/baseline_matrix_v2/summary_table.tsv
Report saved to results/baseline_matrix_v2/report.md

==========================================
All phases completed at 2026-06-07 11:57:49
==========================================
Output files:
  - results/baseline_matrix_v2/manifest.json
  - results/baseline_matrix_v2/statistics.json
  - results/baseline_matrix_v2/summary_table.tsv
  - results/baseline_matrix_v2/report.md
